Loading conda_R/4.5
Loading required package: SingleCellExperiment
Loading required package: SummarizedExperiment
Loading required package: MatrixGenerics
Loading required package: matrixStats

Attaching package: ‘MatrixGenerics’

The following objects are masked from ‘package:matrixStats’:

    colAlls, colAnyNAs, colAnys, colAvgsPerRowSet, colCollapse,
    colCounts, colCummaxs, colCummins, colCumprods, colCumsums,
    colDiffs, colIQRDiffs, colIQRs, colLogSumExps, colMadDiffs,
    colMads, colMaxs, colMeans2, colMedians, colMins, colOrderStats,
    colProds, colQuantiles, colRanges, colRanks, colSdDiffs, colSds,
    colSums2, colTabulates, colVarDiffs, colVars, colWeightedMads,
    colWeightedMeans, colWeightedMedians, colWeightedSds,
    colWeightedVars, rowAlls, rowAnyNAs, rowAnys, rowAvgsPerColSet,
    rowCollapse, rowCounts, rowCummaxs, rowCummins, rowCumprods,
    rowCumsums, rowDiffs, rowIQRDiffs, rowIQRs, rowLogSumExps,
    rowMadDiffs, rowMads, rowMaxs, rowMeans2, rowMedians, rowMins,
    rowOrderStats, rowProds, rowQuantiles, rowRanges, rowRanks,
    rowSdDiffs, rowSds, rowSums2, rowTabulates, rowVarDiffs, rowVars,
    rowWeightedMads, rowWeightedMeans, rowWeightedMedians,
    rowWeightedSds, rowWeightedVars

Loading required package: GenomicRanges
Loading required package: stats4
Loading required package: BiocGenerics
Loading required package: generics

Attaching package: ‘generics’

The following objects are masked from ‘package:base’:

    as.difftime, as.factor, as.ordered, intersect, is.element, setdiff,
    setequal, union


Attaching package: ‘BiocGenerics’

The following objects are masked from ‘package:stats’:

    IQR, mad, sd, var, xtabs

The following objects are masked from ‘package:base’:

    anyDuplicated, aperm, append, as.data.frame, basename, cbind,
    colnames, dirname, do.call, duplicated, eval, evalq, Filter, Find,
    get, grep, grepl, is.unsorted, lapply, Map, mapply, match, mget,
    order, paste, pmax, pmax.int, pmin, pmin.int, Position, rank,
    rbind, Reduce, rownames, sapply, saveRDS, table, tapply, unique,
    unsplit, which.max, which.min

Loading required package: S4Vectors

Attaching package: ‘S4Vectors’

The following object is masked from ‘package:utils’:

    findMatches

The following objects are masked from ‘package:base’:

    expand.grid, I, unname

Loading required package: IRanges
Loading required package: GenomeInfoDb
Loading required package: Biobase
Welcome to Bioconductor

    Vignettes contain introductory material; view with
    'browseVignettes()'. To cite Bioconductor, see
    'citation("Biobase")', and for packages 'citation("pkgname")'.


Attaching package: ‘Biobase’

The following object is masked from ‘package:MatrixGenerics’:

    rowMedians

The following objects are masked from ‘package:matrixStats’:

    anyMissing, rowMedians

Registered S3 method overwritten by 'zellkonverter':
  method                                             from      
  py_to_r.pandas.core.arrays.categorical.Categorical reticulate
── Attaching core tidyverse packages ──────────────────────── tidyverse 2.0.0 ──
✔ dplyr     1.1.4     ✔ readr     2.1.5
✔ forcats   1.0.0     ✔ stringr   1.5.1
✔ ggplot2   3.5.2     ✔ tibble    3.2.1
✔ lubridate 1.9.4     ✔ tidyr     1.3.1
✔ purrr     1.0.4     
── Conflicts ────────────────────────────────────────── tidyverse_conflicts() ──
✖ lubridate::%within%() masks IRanges::%within%()
✖ dplyr::collapse()     masks IRanges::collapse()
✖ dplyr::combine()      masks Biobase::combine(), BiocGenerics::combine()
✖ dplyr::count()        masks matrixStats::count()
✖ dplyr::desc()         masks IRanges::desc()
✖ tidyr::expand()       masks S4Vectors::expand()
✖ dplyr::filter()       masks stats::filter()
✖ dplyr::first()        masks S4Vectors::first()
✖ dplyr::lag()          masks stats::lag()
✖ ggplot2::Position()   masks BiocGenerics::Position(), base::Position()
✖ purrr::reduce()       masks GenomicRanges::reduce(), IRanges::reduce()
✖ dplyr::rename()       masks S4Vectors::rename()
✖ lubridate::second()   masks S4Vectors::second()
✖ lubridate::second<-() masks S4Vectors::second<-()
✖ dplyr::slice()        masks IRanges::slice()
ℹ Use the conflicted package (<http://conflicted.r-lib.org/>) to force all conflicts to become errors
Loading required package: SparseArray
Loading required package: Matrix

Attaching package: ‘Matrix’

The following objects are masked from ‘package:tidyr’:

    expand, pack, unpack

The following object is masked from ‘package:S4Vectors’:

    expand

Loading required package: S4Arrays
Loading required package: abind

Attaching package: ‘S4Arrays’

The following object is masked from ‘package:abind’:

    abind

The following object is masked from ‘package:base’:

    rowsum

Loading required package: DelayedArray

Attaching package: ‘DelayedArray’

The following object is masked from ‘package:purrr’:

    simplify

The following objects are masked from ‘package:base’:

    apply, scale, sweep

Loading required package: h5mread
Loading required package: rhdf5

Attaching package: ‘h5mread’

The following object is masked from ‘package:rhdf5’:

    h5ls

Loading required package: scuttle
here() starts at /dcs05/lieber/marmaypag/xenium_NAC_LIBD4125/xenium_NAC
2026-03-02 21:31:21.699004 - Forming basic SPE from the bin2cell-output AnnData for sample H1-XKYDCP3_A1...
anndata._core.sparse_dataset._CSRDatasetanndata._core.sparse_dataset.BaseCompressedSparseDatasetanndata.abc.CSRDatasetanndata.abc._AbstractCSDatasetabc.ABCpython.builtin.object
2026-03-02 21:32:50.965907 - Adding spatialLIBD metrics for sample H1-XKYDCP3_A1...
2026-03-02 21:37:43.993198 - Forming basic SPE from the bin2cell-output AnnData for sample H1-XKYDCP3_D1...
anndata._core.sparse_dataset._CSRDatasetanndata._core.sparse_dataset.BaseCompressedSparseDatasetanndata.abc.CSRDatasetanndata.abc._AbstractCSDatasetabc.ABCpython.builtin.object
2026-03-02 21:38:56.269469 - Adding spatialLIBD metrics for sample H1-XKYDCP3_D1...
2026-03-02 21:46:15.262435 - Forming basic SPE from the bin2cell-output AnnData for sample H1-M3TCP9V_A1...
anndata._core.sparse_dataset._CSRDatasetanndata._core.sparse_dataset.BaseCompressedSparseDatasetanndata.abc.CSRDatasetanndata.abc._AbstractCSDatasetabc.ABCpython.builtin.object
2026-03-02 21:47:28.870588 - Adding spatialLIBD metrics for sample H1-M3TCP9V_A1...
2026-03-02 21:52:02.635953 - Forming basic SPE from the bin2cell-output AnnData for sample H1-M3TCP9V_D1...
anndata._core.sparse_dataset._CSRDatasetanndata._core.sparse_dataset.BaseCompressedSparseDatasetanndata.abc.CSRDatasetanndata.abc._AbstractCSDatasetabc.ABCpython.builtin.object
2026-03-02 21:53:18.560749 - Adding spatialLIBD metrics for sample H1-M3TCP9V_D1...
