2025-07-22 09:23:46,205 - harmonypy - INFO - Computing initial centroids with sklearn.KMeans...
2025-07-22 09:38:56,543 - harmonypy - INFO - sklearn.KMeans initialization complete.
2025-07-22 09:39:17,992 - harmonypy - INFO - Iteration 1 of 10
2025-07-22 10:09:24,791 - harmonypy - INFO - Iteration 2 of 10
2025-07-22 10:39:24,977 - harmonypy - INFO - Iteration 3 of 10
2025-07-22 11:07:33,691 - harmonypy - INFO - Iteration 4 of 10
2025-07-22 11:34:49,821 - harmonypy - INFO - Iteration 5 of 10
2025-07-22 12:02:13,513 - harmonypy - INFO - Iteration 6 of 10
2025-07-22 12:29:40,898 - harmonypy - INFO - Iteration 7 of 10
2025-07-22 12:54:54,932 - harmonypy - INFO - Converged after 7 iterations
findfont: Generic family 'sans-serif' not found because none of the following families were found: Arial
findfont: Generic family 'sans-serif' not found because none of the following families were found: Arial
findfont: Generic family 'sans-serif' not found because none of the following families were found: Arial
findfont: Generic family 'sans-serif' not found because none of the following families were found: Arial
findfont: Generic family 'sans-serif' not found because none of the following families were found: Arial
findfont: Generic family 'sans-serif' not found because none of the following families were found: Arial
findfont: Generic family 'sans-serif' not found because none of the following families were found: Arial
findfont: Generic family 'sans-serif' not found because none of the following families were found: Arial
findfont: Generic family 'sans-serif' not found because none of the following families were found: Arial
findfont: Generic family 'sans-serif' not found because none of the following families were found: Arial
findfont: Generic family 'sans-serif' not found because none of the following families were found: Arial
findfont: Generic family 'sans-serif' not found because none of the following families were found: Arial
findfont: Generic family 'sans-serif' not found because none of the following families were found: Arial
findfont: Generic family 'sans-serif' not found because none of the following families were found: Arial
findfont: Generic family 'sans-serif' not found because none of the following families were found: Arial
findfont: Generic family 'sans-serif' not found because none of the following families were found: Arial
findfont: Generic family 'sans-serif' not found because none of the following families were found: Arial
findfont: Generic family 'sans-serif' not found because none of the following families were found: Arial
findfont: Generic family 'sans-serif' not found because none of the following families were found: Arial
findfont: Generic family 'sans-serif' not found because none of the following families were found: Arial
findfont: Generic family 'sans-serif' not found because none of the following families were found: Arial
findfont: Generic family 'sans-serif' not found because none of the following families were found: Arial
findfont: Generic family 'sans-serif' not found because none of the following families were found: Arial
findfont: Generic family 'sans-serif' not found because none of the following families were found: Arial
findfont: Generic family 'sans-serif' not found because none of the following families were found: Arial
findfont: Generic family 'sans-serif' not found because none of the following families were found: Arial
findfont: Generic family 'sans-serif' not found because none of the following families were found: Arial
findfont: Generic family 'sans-serif' not found because none of the following families were found: Arial
findfont: Generic family 'sans-serif' not found because none of the following families were found: Arial
findfont: Generic family 'sans-serif' not found because none of the following families were found: Arial
findfont: Generic family 'sans-serif' not found because none of the following families were found: Arial
findfont: Generic family 'sans-serif' not found because none of the following families were found: Arial
findfont: Generic family 'sans-serif' not found because none of the following families were found: Arial
findfont: Generic family 'sans-serif' not found because none of the following families were found: Arial
findfont: Generic family 'sans-serif' not found because none of the following families were found: Arial
findfont: Generic family 'sans-serif' not found because none of the following families were found: Arial
findfont: Generic family 'sans-serif' not found because none of the following families were found: Arial
findfont: Generic family 'sans-serif' not found because none of the following families were found: Arial
findfont: Generic family 'sans-serif' not found because none of the following families were found: Arial
findfont: Generic family 'sans-serif' not found because none of the following families were found: Arial
findfont: Generic family 'sans-serif' not found because none of the following families were found: Arial
findfont: Generic family 'sans-serif' not found because none of the following families were found: Arial
findfont: Generic family 'sans-serif' not found because none of the following families were found: Arial
findfont: Generic family 'sans-serif' not found because none of the following families were found: Arial
findfont: Generic family 'sans-serif' not found because none of the following families were found: Arial
findfont: Generic family 'sans-serif' not found because none of the following families were found: Arial
findfont: Generic family 'sans-serif' not found because none of the following families were found: Arial
findfont: Generic family 'sans-serif' not found because none of the following families were found: Arial
findfont: Generic family 'sans-serif' not found because none of the following families were found: Arial
findfont: Generic family 'sans-serif' not found because none of the following families were found: Arial
findfont: Generic family 'sans-serif' not found because none of the following families were found: Arial
findfont: Generic family 'sans-serif' not found because none of the following families were found: Arial
findfont: Generic family 'sans-serif' not found because none of the following families were found: Arial
findfont: Generic family 'sans-serif' not found because none of the following families were found: Arial
findfont: Generic family 'sans-serif' not found because none of the following families were found: Arial
findfont: Generic family 'sans-serif' not found because none of the following families were found: Arial
findfont: Generic family 'sans-serif' not found because none of the following families were found: Arial
findfont: Generic family 'sans-serif' not found because none of the following families were found: Arial
findfont: Generic family 'sans-serif' not found because none of the following families were found: Arial
findfont: Generic family 'sans-serif' not found because none of the following families were found: Arial
findfont: Generic family 'sans-serif' not found because none of the following families were found: Arial
findfont: Generic family 'sans-serif' not found because none of the following families were found: Arial
findfont: Generic family 'sans-serif' not found because none of the following families were found: Arial
findfont: Generic family 'sans-serif' not found because none of the following families were found: Arial
findfont: Generic family 'sans-serif' not found because none of the following families were found: Arial
findfont: Generic family 'sans-serif' not found because none of the following families were found: Arial
findfont: Generic family 'sans-serif' not found because none of the following families were found: Arial
findfont: Generic family 'sans-serif' not found because none of the following families were found: Arial
findfont: Generic family 'sans-serif' not found because none of the following families were found: Arial
findfont: Generic family 'sans-serif' not found because none of the following families were found: Arial
findfont: Generic family 'sans-serif' not found because none of the following families were found: Arial
findfont: Generic family 'sans-serif' not found because none of the following families were found: Arial
findfont: Generic family 'sans-serif' not found because none of the following families were found: Arial
findfont: Generic family 'sans-serif' not found because none of the following families were found: Arial
findfont: Generic family 'sans-serif' not found because none of the following families were found: Arial
findfont: Generic family 'sans-serif' not found because none of the following families were found: Arial
findfont: Generic family 'sans-serif' not found because none of the following families were found: Arial
findfont: Generic family 'sans-serif' not found because none of the following families were found: Arial
findfont: Generic family 'sans-serif' not found because none of the following families were found: Arial
findfont: Generic family 'sans-serif' not found because none of the following families were found: Arial
findfont: Generic family 'sans-serif' not found because none of the following families were found: Arial
findfont: Generic family 'sans-serif' not found because none of the following families were found: Arial
findfont: Generic family 'sans-serif' not found because none of the following families were found: Arial
findfont: Generic family 'sans-serif' not found because none of the following families were found: Arial
findfont: Generic family 'sans-serif' not found because none of the following families were found: Arial
findfont: Generic family 'sans-serif' not found because none of the following families were found: Arial
findfont: Generic family 'sans-serif' not found because none of the following families were found: Arial
findfont: Generic family 'sans-serif' not found because none of the following families were found: Arial
findfont: Generic family 'sans-serif' not found because none of the following families were found: Arial
findfont: Generic family 'sans-serif' not found because none of the following families were found: Arial
findfont: Generic family 'sans-serif' not found because none of the following families were found: Arial
findfont: Generic family 'sans-serif' not found because none of the following families were found: Arial
findfont: Generic family 'sans-serif' not found because none of the following families were found: Arial
findfont: Generic family 'sans-serif' not found because none of the following families were found: Arial
findfont: Generic family 'sans-serif' not found because none of the following families were found: Arial
findfont: Generic family 'sans-serif' not found because none of the following families were found: Arial
findfont: Generic family 'sans-serif' not found because none of the following families were found: Arial
findfont: Generic family 'sans-serif' not found because none of the following families were found: Arial
findfont: Generic family 'sans-serif' not found because none of the following families were found: Arial
findfont: Generic family 'sans-serif' not found because none of the following families were found: Arial
findfont: Generic family 'sans-serif' not found because none of the following families were found: Arial
findfont: Generic family 'sans-serif' not found because none of the following families were found: Arial
findfont: Generic family 'sans-serif' not found because none of the following families were found: Arial
findfont: Generic family 'sans-serif' not found because none of the following families were found: Arial
findfont: Generic family 'sans-serif' not found because none of the following families were found: Arial
findfont: Generic family 'sans-serif' not found because none of the following families were found: Arial
findfont: Generic family 'sans-serif' not found because none of the following families were found: Arial
findfont: Generic family 'sans-serif' not found because none of the following families were found: Arial
findfont: Generic family 'sans-serif' not found because none of the following families were found: Arial
findfont: Generic family 'sans-serif' not found because none of the following families were found: Arial
findfont: Generic family 'sans-serif' not found because none of the following families were found: Arial
findfont: Generic family 'sans-serif' not found because none of the following families were found: Arial
findfont: Generic family 'sans-serif' not found because none of the following families were found: Arial
findfont: Generic family 'sans-serif' not found because none of the following families were found: Arial
findfont: Generic family 'sans-serif' not found because none of the following families were found: Arial
findfont: Generic family 'sans-serif' not found because none of the following families were found: Arial
findfont: Generic family 'sans-serif' not found because none of the following families were found: Arial
findfont: Generic family 'sans-serif' not found because none of the following families were found: Arial
findfont: Generic family 'sans-serif' not found because none of the following families were found: Arial
findfont: Generic family 'sans-serif' not found because none of the following families were found: Arial
findfont: Generic family 'sans-serif' not found because none of the following families were found: Arial
findfont: Generic family 'sans-serif' not found because none of the following families were found: Arial
findfont: Generic family 'sans-serif' not found because none of the following families were found: Arial
findfont: Generic family 'sans-serif' not found because none of the following families were found: Arial
findfont: Generic family 'sans-serif' not found because none of the following families were found: Arial
findfont: Generic family 'sans-serif' not found because none of the following families were found: Arial
findfont: Generic family 'sans-serif' not found because none of the following families were found: Arial
findfont: Generic family 'sans-serif' not found because none of the following families were found: Arial
findfont: Generic family 'sans-serif' not found because none of the following families were found: Arial
findfont: Generic family 'sans-serif' not found because none of the following families were found: Arial
findfont: Generic family 'sans-serif' not found because none of the following families were found: Arial
findfont: Generic family 'sans-serif' not found because none of the following families were found: Arial
findfont: Generic family 'sans-serif' not found because none of the following families were found: Arial
findfont: Generic family 'sans-serif' not found because none of the following families were found: Arial
findfont: Generic family 'sans-serif' not found because none of the following families were found: Arial
findfont: Generic family 'sans-serif' not found because none of the following families were found: Arial
findfont: Generic family 'sans-serif' not found because none of the following families were found: Arial
findfont: Generic family 'sans-serif' not found because none of the following families were found: Arial
findfont: Generic family 'sans-serif' not found because none of the following families were found: Arial
findfont: Generic family 'sans-serif' not found because none of the following families were found: Arial
findfont: Generic family 'sans-serif' not found because none of the following families were found: Arial
findfont: Generic family 'sans-serif' not found because none of the following families were found: Arial
findfont: Generic family 'sans-serif' not found because none of the following families were found: Arial
findfont: Generic family 'sans-serif' not found because none of the following families were found: Arial
findfont: Generic family 'sans-serif' not found because none of the following families were found: Arial
findfont: Generic family 'sans-serif' not found because none of the following families were found: Arial
findfont: Generic family 'sans-serif' not found because none of the following families were found: Arial
findfont: Generic family 'sans-serif' not found because none of the following families were found: Arial
findfont: Generic family 'sans-serif' not found because none of the following families were found: Arial
findfont: Generic family 'sans-serif' not found because none of the following families were found: Arial
findfont: Generic family 'sans-serif' not found because none of the following families were found: Arial
findfont: Generic family 'sans-serif' not found because none of the following families were found: Arial
findfont: Generic family 'sans-serif' not found because none of the following families were found: Arial
findfont: Generic family 'sans-serif' not found because none of the following families were found: Arial
findfont: Generic family 'sans-serif' not found because none of the following families were found: Arial
findfont: Generic family 'sans-serif' not found because none of the following families were found: Arial
findfont: Generic family 'sans-serif' not found because none of the following families were found: Arial
findfont: Generic family 'sans-serif' not found because none of the following families were found: Arial
findfont: Generic family 'sans-serif' not found because none of the following families were found: Arial
findfont: Generic family 'sans-serif' not found because none of the following families were found: Arial
findfont: Generic family 'sans-serif' not found because none of the following families were found: Arial
findfont: Generic family 'sans-serif' not found because none of the following families were found: Arial
findfont: Generic family 'sans-serif' not found because none of the following families were found: Arial
findfont: Generic family 'sans-serif' not found because none of the following families were found: Arial
findfont: Generic family 'sans-serif' not found because none of the following families were found: Arial
findfont: Generic family 'sans-serif' not found because none of the following families were found: Arial
findfont: Generic family 'sans-serif' not found because none of the following families were found: Arial
findfont: Generic family 'sans-serif' not found because none of the following families were found: Arial
findfont: Generic family 'sans-serif' not found because none of the following families were found: Arial
findfont: Generic family 'sans-serif' not found because none of the following families were found: Arial
findfont: Generic family 'sans-serif' not found because none of the following families were found: Arial
findfont: Generic family 'sans-serif' not found because none of the following families were found: Arial
findfont: Generic family 'sans-serif' not found because none of the following families were found: Arial
findfont: Generic family 'sans-serif' not found because none of the following families were found: Arial
findfont: Generic family 'sans-serif' not found because none of the following families were found: Arial
findfont: Generic family 'sans-serif' not found because none of the following families were found: Arial
findfont: Generic family 'sans-serif' not found because none of the following families were found: Arial
findfont: Generic family 'sans-serif' not found because none of the following families were found: Arial
findfont: Generic family 'sans-serif' not found because none of the following families were found: Arial
findfont: Generic family 'sans-serif' not found because none of the following families were found: Arial
findfont: Generic family 'sans-serif' not found because none of the following families were found: Arial
findfont: Generic family 'sans-serif' not found because none of the following families were found: Arial
findfont: Generic family 'sans-serif' not found because none of the following families were found: Arial
findfont: Generic family 'sans-serif' not found because none of the following families were found: Arial
findfont: Generic family 'sans-serif' not found because none of the following families were found: Arial
findfont: Generic family 'sans-serif' not found because none of the following families were found: Arial
findfont: Generic family 'sans-serif' not found because none of the following families were found: Arial
findfont: Generic family 'sans-serif' not found because none of the following families were found: Arial
findfont: Generic family 'sans-serif' not found because none of the following families were found: Arial
findfont: Generic family 'sans-serif' not found because none of the following families were found: Arial
findfont: Generic family 'sans-serif' not found because none of the following families were found: Arial
findfont: Generic family 'sans-serif' not found because none of the following families were found: Arial
findfont: Generic family 'sans-serif' not found because none of the following families were found: Arial
findfont: Generic family 'sans-serif' not found because none of the following families were found: Arial
findfont: Generic family 'sans-serif' not found because none of the following families were found: Arial
findfont: Generic family 'sans-serif' not found because none of the following families were found: Arial
findfont: Generic family 'sans-serif' not found because none of the following families were found: Arial
findfont: Generic family 'sans-serif' not found because none of the following families were found: Arial
findfont: Generic family 'sans-serif' not found because none of the following families were found: Arial
findfont: Generic family 'sans-serif' not found because none of the following families were found: Arial
findfont: Generic family 'sans-serif' not found because none of the following families were found: Arial
findfont: Generic family 'sans-serif' not found because none of the following families were found: Arial
findfont: Generic family 'sans-serif' not found because none of the following families were found: Arial
findfont: Generic family 'sans-serif' not found because none of the following families were found: Arial
findfont: Generic family 'sans-serif' not found because none of the following families were found: Arial
findfont: Generic family 'sans-serif' not found because none of the following families were found: Arial
findfont: Generic family 'sans-serif' not found because none of the following families were found: Arial
findfont: Generic family 'sans-serif' not found because none of the following families were found: Arial
findfont: Generic family 'sans-serif' not found because none of the following families were found: Arial
findfont: Generic family 'sans-serif' not found because none of the following families were found: Arial
findfont: Generic family 'sans-serif' not found because none of the following families were found: Arial
findfont: Generic family 'sans-serif' not found because none of the following families were found: Arial
findfont: Generic family 'sans-serif' not found because none of the following families were found: Arial
findfont: Generic family 'sans-serif' not found because none of the following families were found: Arial
findfont: Generic family 'sans-serif' not found because none of the following families were found: Arial
findfont: Generic family 'sans-serif' not found because none of the following families were found: Arial
findfont: Generic family 'sans-serif' not found because none of the following families were found: Arial
findfont: Generic family 'sans-serif' not found because none of the following families were found: Arial
findfont: Generic family 'sans-serif' not found because none of the following families were found: Arial
findfont: Generic family 'sans-serif' not found because none of the following families were found: Arial
findfont: Generic family 'sans-serif' not found because none of the following families were found: Arial
findfont: Generic family 'sans-serif' not found because none of the following families were found: Arial
findfont: Generic family 'sans-serif' not found because none of the following families were found: Arial
findfont: Generic family 'sans-serif' not found because none of the following families were found: Arial
findfont: Generic family 'sans-serif' not found because none of the following families were found: Arial
findfont: Generic family 'sans-serif' not found because none of the following families were found: Arial
findfont: Generic family 'sans-serif' not found because none of the following families were found: Arial
findfont: Generic family 'sans-serif' not found because none of the following families were found: Arial
findfont: Generic family 'sans-serif' not found because none of the following families were found: Arial
findfont: Generic family 'sans-serif' not found because none of the following families were found: Arial
findfont: Generic family 'sans-serif' not found because none of the following families were found: Arial
findfont: Generic family 'sans-serif' not found because none of the following families were found: Arial
findfont: Generic family 'sans-serif' not found because none of the following families were found: Arial
findfont: Generic family 'sans-serif' not found because none of the following families were found: Arial
findfont: Generic family 'sans-serif' not found because none of the following families were found: Arial
findfont: Generic family 'sans-serif' not found because none of the following families were found: Arial
findfont: Generic family 'sans-serif' not found because none of the following families were found: Arial
findfont: Generic family 'sans-serif' not found because none of the following families were found: Arial
findfont: Generic family 'sans-serif' not found because none of the following families were found: Arial
findfont: Generic family 'sans-serif' not found because none of the following families were found: Arial
findfont: Generic family 'sans-serif' not found because none of the following families were found: Arial
findfont: Generic family 'sans-serif' not found because none of the following families were found: Arial
findfont: Generic family 'sans-serif' not found because none of the following families were found: Arial
findfont: Generic family 'sans-serif' not found because none of the following families were found: Arial
findfont: Generic family 'sans-serif' not found because none of the following families were found: Arial
findfont: Generic family 'sans-serif' not found because none of the following families were found: Arial
findfont: Generic family 'sans-serif' not found because none of the following families were found: Arial
findfont: Generic family 'sans-serif' not found because none of the following families were found: Arial
findfont: Generic family 'sans-serif' not found because none of the following families were found: Arial
findfont: Generic family 'sans-serif' not found because none of the following families were found: Arial
findfont: Generic family 'sans-serif' not found because none of the following families were found: Arial
findfont: Generic family 'sans-serif' not found because none of the following families were found: Arial
findfont: Generic family 'sans-serif' not found because none of the following families were found: Arial
findfont: Generic family 'sans-serif' not found because none of the following families were found: Arial
findfont: Generic family 'sans-serif' not found because none of the following families were found: Arial
findfont: Generic family 'sans-serif' not found because none of the following families were found: Arial
findfont: Generic family 'sans-serif' not found because none of the following families were found: Arial
findfont: Generic family 'sans-serif' not found because none of the following families were found: Arial
findfont: Generic family 'sans-serif' not found because none of the following families were found: Arial
findfont: Generic family 'sans-serif' not found because none of the following families were found: Arial
findfont: Generic family 'sans-serif' not found because none of the following families were found: Arial
findfont: Generic family 'sans-serif' not found because none of the following families were found: Arial
findfont: Generic family 'sans-serif' not found because none of the following families were found: Arial
findfont: Generic family 'sans-serif' not found because none of the following families were found: Arial
findfont: Generic family 'sans-serif' not found because none of the following families were found: Arial
findfont: Generic family 'sans-serif' not found because none of the following families were found: Arial
findfont: Generic family 'sans-serif' not found because none of the following families were found: Arial
findfont: Generic family 'sans-serif' not found because none of the following families were found: Arial
findfont: Generic family 'sans-serif' not found because none of the following families were found: Arial
findfont: Generic family 'sans-serif' not found because none of the following families were found: Arial
findfont: Generic family 'sans-serif' not found because none of the following families were found: Arial
findfont: Generic family 'sans-serif' not found because none of the following families were found: Arial
findfont: Generic family 'sans-serif' not found because none of the following families were found: Arial
findfont: Generic family 'sans-serif' not found because none of the following families were found: Arial
findfont: Generic family 'sans-serif' not found because none of the following families were found: Arial
findfont: Generic family 'sans-serif' not found because none of the following families were found: Arial
findfont: Generic family 'sans-serif' not found because none of the following families were found: Arial
findfont: Generic family 'sans-serif' not found because none of the following families were found: Arial
findfont: Generic family 'sans-serif' not found because none of the following families were found: Arial
findfont: Generic family 'sans-serif' not found because none of the following families were found: Arial
findfont: Generic family 'sans-serif' not found because none of the following families were found: Arial
findfont: Generic family 'sans-serif' not found because none of the following families were found: Arial
findfont: Generic family 'sans-serif' not found because none of the following families were found: Arial
findfont: Generic family 'sans-serif' not found because none of the following families were found: Arial
findfont: Generic family 'sans-serif' not found because none of the following families were found: Arial
findfont: Generic family 'sans-serif' not found because none of the following families were found: Arial
findfont: Generic family 'sans-serif' not found because none of the following families were found: Arial
findfont: Generic family 'sans-serif' not found because none of the following families were found: Arial
findfont: Generic family 'sans-serif' not found because none of the following families were found: Arial
findfont: Generic family 'sans-serif' not found because none of the following families were found: Arial
findfont: Generic family 'sans-serif' not found because none of the following families were found: Arial
findfont: Generic family 'sans-serif' not found because none of the following families were found: Arial
findfont: Generic family 'sans-serif' not found because none of the following families were found: Arial
findfont: Generic family 'sans-serif' not found because none of the following families were found: Arial
findfont: Generic family 'sans-serif' not found because none of the following families were found: Arial
findfont: Generic family 'sans-serif' not found because none of the following families were found: Arial
findfont: Generic family 'sans-serif' not found because none of the following families were found: Arial
findfont: Generic family 'sans-serif' not found because none of the following families were found: Arial
findfont: Generic family 'sans-serif' not found because none of the following families were found: Arial
findfont: Generic family 'sans-serif' not found because none of the following families were found: Arial
findfont: Generic family 'sans-serif' not found because none of the following families were found: Arial
findfont: Generic family 'sans-serif' not found because none of the following families were found: Arial
findfont: Generic family 'sans-serif' not found because none of the following families were found: Arial
findfont: Generic family 'sans-serif' not found because none of the following families were found: Arial
findfont: Generic family 'sans-serif' not found because none of the following families were found: Arial
findfont: Generic family 'sans-serif' not found because none of the following families were found: Arial
findfont: Generic family 'sans-serif' not found because none of the following families were found: Arial
findfont: Generic family 'sans-serif' not found because none of the following families were found: Arial
findfont: Generic family 'sans-serif' not found because none of the following families were found: Arial
findfont: Generic family 'sans-serif' not found because none of the following families were found: Arial
findfont: Generic family 'sans-serif' not found because none of the following families were found: Arial
findfont: Generic family 'sans-serif' not found because none of the following families were found: Arial
findfont: Generic family 'sans-serif' not found because none of the following families were found: Arial
findfont: Generic family 'sans-serif' not found because none of the following families were found: Arial
findfont: Generic family 'sans-serif' not found because none of the following families were found: Arial
findfont: Generic family 'sans-serif' not found because none of the following families were found: Arial
findfont: Generic family 'sans-serif' not found because none of the following families were found: Arial
findfont: Generic family 'sans-serif' not found because none of the following families were found: Arial
findfont: Generic family 'sans-serif' not found because none of the following families were found: Arial
findfont: Generic family 'sans-serif' not found because none of the following families were found: Arial
findfont: Generic family 'sans-serif' not found because none of the following families were found: Arial
findfont: Generic family 'sans-serif' not found because none of the following families were found: Arial
findfont: Generic family 'sans-serif' not found because none of the following families were found: Arial
findfont: Generic family 'sans-serif' not found because none of the following families were found: Arial
findfont: Generic family 'sans-serif' not found because none of the following families were found: Arial
findfont: Generic family 'sans-serif' not found because none of the following families were found: Arial
findfont: Generic family 'sans-serif' not found because none of the following families were found: Arial
findfont: Generic family 'sans-serif' not found because none of the following families were found: Arial
findfont: Generic family 'sans-serif' not found because none of the following families were found: Arial
findfont: Generic family 'sans-serif' not found because none of the following families were found: Arial
findfont: Generic family 'sans-serif' not found because none of the following families were found: Arial
findfont: Generic family 'sans-serif' not found because none of the following families were found: Arial
findfont: Generic family 'sans-serif' not found because none of the following families were found: Arial
findfont: Generic family 'sans-serif' not found because none of the following families were found: Arial
findfont: Generic family 'sans-serif' not found because none of the following families were found: Arial
findfont: Generic family 'sans-serif' not found because none of the following families were found: Arial
findfont: Generic family 'sans-serif' not found because none of the following families were found: Arial
findfont: Generic family 'sans-serif' not found because none of the following families were found: Arial
findfont: Generic family 'sans-serif' not found because none of the following families were found: Arial
findfont: Generic family 'sans-serif' not found because none of the following families were found: Arial
findfont: Generic family 'sans-serif' not found because none of the following families were found: Arial
findfont: Generic family 'sans-serif' not found because none of the following families were found: Arial
findfont: Generic family 'sans-serif' not found because none of the following families were found: Arial
findfont: Generic family 'sans-serif' not found because none of the following families were found: Arial
findfont: Generic family 'sans-serif' not found because none of the following families were found: Arial
findfont: Generic family 'sans-serif' not found because none of the following families were found: Arial
findfont: Generic family 'sans-serif' not found because none of the following families were found: Arial
findfont: Generic family 'sans-serif' not found because none of the following families were found: Arial
findfont: Generic family 'sans-serif' not found because none of the following families were found: Arial
findfont: Generic family 'sans-serif' not found because none of the following families were found: Arial
findfont: Generic family 'sans-serif' not found because none of the following families were found: Arial
findfont: Generic family 'sans-serif' not found because none of the following families were found: Arial
findfont: Generic family 'sans-serif' not found because none of the following families were found: Arial
findfont: Generic family 'sans-serif' not found because none of the following families were found: Arial
findfont: Generic family 'sans-serif' not found because none of the following families were found: Arial
findfont: Generic family 'sans-serif' not found because none of the following families were found: Arial
findfont: Generic family 'sans-serif' not found because none of the following families were found: Arial
findfont: Generic family 'sans-serif' not found because none of the following families were found: Arial
findfont: Generic family 'sans-serif' not found because none of the following families were found: Arial
findfont: Generic family 'sans-serif' not found because none of the following families were found: Arial
findfont: Generic family 'sans-serif' not found because none of the following families were found: Arial
findfont: Generic family 'sans-serif' not found because none of the following families were found: Arial
findfont: Generic family 'sans-serif' not found because none of the following families were found: Arial
findfont: Generic family 'sans-serif' not found because none of the following families were found: Arial
findfont: Generic family 'sans-serif' not found because none of the following families were found: Arial
findfont: Generic family 'sans-serif' not found because none of the following families were found: Arial
findfont: Generic family 'sans-serif' not found because none of the following families were found: Arial
findfont: Generic family 'sans-serif' not found because none of the following families were found: Arial
findfont: Generic family 'sans-serif' not found because none of the following families were found: Arial
findfont: Generic family 'sans-serif' not found because none of the following families were found: Arial
findfont: Generic family 'sans-serif' not found because none of the following families were found: Arial
findfont: Generic family 'sans-serif' not found because none of the following families were found: Arial
findfont: Generic family 'sans-serif' not found because none of the following families were found: Arial
findfont: Generic family 'sans-serif' not found because none of the following families were found: Arial
findfont: Generic family 'sans-serif' not found because none of the following families were found: Arial
findfont: Generic family 'sans-serif' not found because none of the following families were found: Arial
findfont: Generic family 'sans-serif' not found because none of the following families were found: Arial
findfont: Generic family 'sans-serif' not found because none of the following families were found: Arial
findfont: Generic family 'sans-serif' not found because none of the following families were found: Arial
findfont: Generic family 'sans-serif' not found because none of the following families were found: Arial
findfont: Generic family 'sans-serif' not found because none of the following families were found: Arial
findfont: Generic family 'sans-serif' not found because none of the following families were found: Arial
findfont: Generic family 'sans-serif' not found because none of the following families were found: Arial
findfont: Generic family 'sans-serif' not found because none of the following families were found: Arial
findfont: Generic family 'sans-serif' not found because none of the following families were found: Arial
findfont: Generic family 'sans-serif' not found because none of the following families were found: Arial
findfont: Generic family 'sans-serif' not found because none of the following families were found: Arial
findfont: Generic family 'sans-serif' not found because none of the following families were found: Arial
findfont: Generic family 'sans-serif' not found because none of the following families were found: Arial
findfont: Generic family 'sans-serif' not found because none of the following families were found: Arial
findfont: Generic family 'sans-serif' not found because none of the following families were found: Arial
findfont: Generic family 'sans-serif' not found because none of the following families were found: Arial
findfont: Generic family 'sans-serif' not found because none of the following families were found: Arial
findfont: Generic family 'sans-serif' not found because none of the following families were found: Arial
findfont: Generic family 'sans-serif' not found because none of the following families were found: Arial
findfont: Generic family 'sans-serif' not found because none of the following families were found: Arial
findfont: Generic family 'sans-serif' not found because none of the following families were found: Arial
findfont: Generic family 'sans-serif' not found because none of the following families were found: Arial
findfont: Generic family 'sans-serif' not found because none of the following families were found: Arial
findfont: Generic family 'sans-serif' not found because none of the following families were found: Arial
findfont: Generic family 'sans-serif' not found because none of the following families were found: Arial
findfont: Generic family 'sans-serif' not found because none of the following families were found: Arial
findfont: Generic family 'sans-serif' not found because none of the following families were found: Arial
findfont: Generic family 'sans-serif' not found because none of the following families were found: Arial
findfont: Generic family 'sans-serif' not found because none of the following families were found: Arial
findfont: Generic family 'sans-serif' not found because none of the following families were found: Arial
findfont: Generic family 'sans-serif' not found because none of the following families were found: Arial
findfont: Generic family 'sans-serif' not found because none of the following families were found: Arial
findfont: Generic family 'sans-serif' not found because none of the following families were found: Arial
findfont: Generic family 'sans-serif' not found because none of the following families were found: Arial
findfont: Generic family 'sans-serif' not found because none of the following families were found: Arial
findfont: Generic family 'sans-serif' not found because none of the following families were found: Arial
findfont: Generic family 'sans-serif' not found because none of the following families were found: Arial
findfont: Generic family 'sans-serif' not found because none of the following families were found: Arial
findfont: Generic family 'sans-serif' not found because none of the following families were found: Arial
findfont: Generic family 'sans-serif' not found because none of the following families were found: Arial
findfont: Generic family 'sans-serif' not found because none of the following families were found: Arial
findfont: Generic family 'sans-serif' not found because none of the following families were found: Arial
findfont: Generic family 'sans-serif' not found because none of the following families were found: Arial
findfont: Generic family 'sans-serif' not found because none of the following families were found: Arial
findfont: Generic family 'sans-serif' not found because none of the following families were found: Arial
findfont: Generic family 'sans-serif' not found because none of the following families were found: Arial
findfont: Generic family 'sans-serif' not found because none of the following families were found: Arial
findfont: Generic family 'sans-serif' not found because none of the following families were found: Arial
findfont: Generic family 'sans-serif' not found because none of the following families were found: Arial
findfont: Generic family 'sans-serif' not found because none of the following families were found: Arial
findfont: Generic family 'sans-serif' not found because none of the following families were found: Arial
findfont: Generic family 'sans-serif' not found because none of the following families were found: Arial
findfont: Generic family 'sans-serif' not found because none of the following families were found: Arial
findfont: Generic family 'sans-serif' not found because none of the following families were found: Arial
findfont: Generic family 'sans-serif' not found because none of the following families were found: Arial
findfont: Generic family 'sans-serif' not found because none of the following families were found: Arial
findfont: Generic family 'sans-serif' not found because none of the following families were found: Arial
findfont: Generic family 'sans-serif' not found because none of the following families were found: Arial
findfont: Generic family 'sans-serif' not found because none of the following families were found: Arial
findfont: Generic family 'sans-serif' not found because none of the following families were found: Arial
findfont: Generic family 'sans-serif' not found because none of the following families were found: Arial
findfont: Generic family 'sans-serif' not found because none of the following families were found: Arial
findfont: Generic family 'sans-serif' not found because none of the following families were found: Arial
findfont: Generic family 'sans-serif' not found because none of the following families were found: Arial
findfont: Generic family 'sans-serif' not found because none of the following families were found: Arial
findfont: Generic family 'sans-serif' not found because none of the following families were found: Arial
findfont: Generic family 'sans-serif' not found because none of the following families were found: Arial
findfont: Generic family 'sans-serif' not found because none of the following families were found: Arial
findfont: Generic family 'sans-serif' not found because none of the following families were found: Arial
findfont: Generic family 'sans-serif' not found because none of the following families were found: Arial
findfont: Generic family 'sans-serif' not found because none of the following families were found: Arial
findfont: Generic family 'sans-serif' not found because none of the following families were found: Arial
findfont: Generic family 'sans-serif' not found because none of the following families were found: Arial
findfont: Generic family 'sans-serif' not found because none of the following families were found: Arial
findfont: Generic family 'sans-serif' not found because none of the following families were found: Arial
findfont: Generic family 'sans-serif' not found because none of the following families were found: Arial
findfont: Generic family 'sans-serif' not found because none of the following families were found: Arial
findfont: Generic family 'sans-serif' not found because none of the following families were found: Arial
findfont: Generic family 'sans-serif' not found because none of the following families were found: Arial
findfont: Generic family 'sans-serif' not found because none of the following families were found: Arial
findfont: Generic family 'sans-serif' not found because none of the following families were found: Arial
findfont: Generic family 'sans-serif' not found because none of the following families were found: Arial
findfont: Generic family 'sans-serif' not found because none of the following families were found: Arial
findfont: Generic family 'sans-serif' not found because none of the following families were found: Arial
findfont: Generic family 'sans-serif' not found because none of the following families were found: Arial
findfont: Generic family 'sans-serif' not found because none of the following families were found: Arial
findfont: Generic family 'sans-serif' not found because none of the following families were found: Arial
findfont: Generic family 'sans-serif' not found because none of the following families were found: Arial
findfont: Generic family 'sans-serif' not found because none of the following families were found: Arial
findfont: Generic family 'sans-serif' not found because none of the following families were found: Arial
findfont: Generic family 'sans-serif' not found because none of the following families were found: Arial
findfont: Generic family 'sans-serif' not found because none of the following families were found: Arial
findfont: Generic family 'sans-serif' not found because none of the following families were found: Arial
findfont: Generic family 'sans-serif' not found because none of the following families were found: Arial
findfont: Generic family 'sans-serif' not found because none of the following families were found: Arial
findfont: Generic family 'sans-serif' not found because none of the following families were found: Arial
findfont: Generic family 'sans-serif' not found because none of the following families were found: Arial
findfont: Generic family 'sans-serif' not found because none of the following families were found: Arial
findfont: Generic family 'sans-serif' not found because none of the following families were found: Arial
findfont: Generic family 'sans-serif' not found because none of the following families were found: Arial
findfont: Generic family 'sans-serif' not found because none of the following families were found: Arial
findfont: Generic family 'sans-serif' not found because none of the following families were found: Arial
findfont: Generic family 'sans-serif' not found because none of the following families were found: Arial
findfont: Generic family 'sans-serif' not found because none of the following families were found: Arial
findfont: Generic family 'sans-serif' not found because none of the following families were found: Arial
findfont: Generic family 'sans-serif' not found because none of the following families were found: Arial
findfont: Generic family 'sans-serif' not found because none of the following families were found: Arial

