********* Job Starts *********
Wed Mar 11 08:59:25 AM EDT 2026
Loading conda_R/4.5
Loading required package: SingleCellExperiment
Loading required package: SummarizedExperiment
Loading required package: MatrixGenerics
Loading required package: matrixStats

Attaching package: ‘MatrixGenerics’

The following objects are masked from ‘package:matrixStats’:

    colAlls, colAnyNAs, colAnys, colAvgsPerRowSet, colCollapse,
    colCounts, colCummaxs, colCummins, colCumprods, colCumsums,
    colDiffs, colIQRDiffs, colIQRs, colLogSumExps, colMadDiffs,
    colMads, colMaxs, colMeans2, colMedians, colMins, colOrderStats,
    colProds, colQuantiles, colRanges, colRanks, colSdDiffs, colSds,
    colSums2, colTabulates, colVarDiffs, colVars, colWeightedMads,
    colWeightedMeans, colWeightedMedians, colWeightedSds,
    colWeightedVars, rowAlls, rowAnyNAs, rowAnys, rowAvgsPerColSet,
    rowCollapse, rowCounts, rowCummaxs, rowCummins, rowCumprods,
    rowCumsums, rowDiffs, rowIQRDiffs, rowIQRs, rowLogSumExps,
    rowMadDiffs, rowMads, rowMaxs, rowMeans2, rowMedians, rowMins,
    rowOrderStats, rowProds, rowQuantiles, rowRanges, rowRanks,
    rowSdDiffs, rowSds, rowSums2, rowTabulates, rowVarDiffs, rowVars,
    rowWeightedMads, rowWeightedMeans, rowWeightedMedians,
    rowWeightedSds, rowWeightedVars

Loading required package: GenomicRanges
Loading required package: stats4
Loading required package: BiocGenerics
Loading required package: generics

Attaching package: ‘generics’

The following objects are masked from ‘package:base’:

    as.difftime, as.factor, as.ordered, intersect, is.element, setdiff,
    setequal, union


Attaching package: ‘BiocGenerics’

The following objects are masked from ‘package:stats’:

    IQR, mad, sd, var, xtabs

The following objects are masked from ‘package:base’:

    anyDuplicated, aperm, append, as.data.frame, basename, cbind,
    colnames, dirname, do.call, duplicated, eval, evalq, Filter, Find,
    get, grep, grepl, is.unsorted, lapply, Map, mapply, match, mget,
    order, paste, pmax, pmax.int, pmin, pmin.int, Position, rank,
    rbind, Reduce, rownames, sapply, saveRDS, table, tapply, unique,
    unsplit, which.max, which.min

Loading required package: S4Vectors

Attaching package: ‘S4Vectors’

The following object is masked from ‘package:utils’:

    findMatches

The following objects are masked from ‘package:base’:

    expand.grid, I, unname

Loading required package: IRanges
Loading required package: GenomeInfoDb
Loading required package: Biobase
Welcome to Bioconductor

    Vignettes contain introductory material; view with
    'browseVignettes()'. To cite Bioconductor, see
    'citation("Biobase")', and for packages 'citation("pkgname")'.


Attaching package: ‘Biobase’

The following object is masked from ‘package:MatrixGenerics’:

    rowMedians

The following objects are masked from ‘package:matrixStats’:

    anyMissing, rowMedians

Loading required package: SparseArray
Loading required package: Matrix

Attaching package: ‘Matrix’

The following object is masked from ‘package:S4Vectors’:

    expand

Loading required package: S4Arrays
Loading required package: abind

Attaching package: ‘S4Arrays’

The following object is masked from ‘package:abind’:

    abind

The following object is masked from ‘package:base’:

    rowsum

Loading required package: DelayedArray

Attaching package: ‘DelayedArray’

The following objects are masked from ‘package:base’:

    apply, scale, sweep

Loading required package: h5mread
Loading required package: rhdf5

Attaching package: ‘h5mread’

The following object is masked from ‘package:rhdf5’:

    h5ls

Loading required package: scuttle
here() starts at /dcs05/lieber/marmaypag/xenium_NAC_LIBD4125/xenium_NAC

  TRUE 
590816 
class: SpatialExperiment 
dim: 17909 590816 
metadata(0):
assays(2): counts logcounts
rownames(17909): OR4F5 SAMD11 ... MT-ND6 MT-CYB
rowData names(8): source type ... gene_search subsets_mito
colnames(590816): 1_H1-XKYDCP3_A1 3_H1-XKYDCP3_A1 ...
  254743_H1-M3TCP9V_D1 254746_H1-M3TCP9V_D1
colData names(23): object_id bin_count ... qc_low_bin_count qc_discard
reducedDimNames(0):
mainExpName: NULL
altExpNames(0):
spatialCoords names(2) : pxl_col_in_fullres pxl_row_in_fullres
imgData names(4): sample_id image_id data scaleFactor
2026-03-11 09:09:22.633768 | Selecting top HVGs
  Selected 2000 HVGs
2026-03-11 09:46:48.316206 | Subsetting SPE for the top 2000 HVGs
class: SpatialExperiment 
dim: 2000 590816 
metadata(0):
assays(2): counts logcounts
rownames(2000): MBP GFAP ... PDCD4 ARHGAP31
rowData names(8): source type ... gene_search subsets_mito
colnames(590816): 1_H1-XKYDCP3_A1 3_H1-XKYDCP3_A1 ...
  254743_H1-M3TCP9V_D1 254746_H1-M3TCP9V_D1
colData names(23): object_id bin_count ... qc_low_bin_count qc_discard
reducedDimNames(0):
mainExpName: NULL
altExpNames(0):
spatialCoords names(2) : pxl_col_in_fullres pxl_row_in_fullres
imgData names(4): sample_id image_id data scaleFactor
Running computeBanksy - 2026-03-11 09:46:48.999743
Computing neighbors...
Spatial mode is kNN_median
Parameters: k_geom=30
Done
Done
Computing neighbors...
Spatial mode is kNN_median
Parameters: k_geom=30
Done
Done
Computing neighbors...
Spatial mode is kNN_median
Parameters: k_geom=30
Done
Done
Computing neighbors...
Spatial mode is kNN_median
Parameters: k_geom=30
Done
Done
Finished computeBanksy - 2026-03-11 09:56:22.391702
             used   (Mb) gc trigger    (Mb)   max used    (Mb)
Ncells    9179746  490.3   17012521   908.6   17012521   908.6
Vcells 1230974685 9391.6 3651432526 27858.3 3651432151 27858.3
Running PCA - 2026-03-11 09:56:29.092394
Scaling logcounts
Group: H1-XKYDCP3_A1
Group: H1-XKYDCP3_D1
Group: H1-M3TCP9V_A1
Group: H1-M3TCP9V_D1
Scaling harmonic m = 0
Group: H1-XKYDCP3_A1
Group: H1-XKYDCP3_D1
Group: H1-M3TCP9V_A1
Group: H1-M3TCP9V_D1
Using seed=1000
Finished PCA - 2026-03-11 10:11:25.408545
Running UMAP - 2026-03-11 10:11:25.409708
Using seed=1000
Finished UMAP - 2026-03-11 10:27:26.225145
Running clusterBanksy - 2026-03-11 10:27:26.23681
Using seed=1747
Using seed=1747
Using seed=1747
Finished clusterBanksy - 2026-03-11 15:37:22.796961
Cluster columns created: clust_M0_lam0.2_k50_res0.5, clust_M0_lam0.2_k50_res0.8, clust_M0_lam0.2_k50_res1
  clust_M0_lam0.2_k50_res0.5: 13 clusters
  clust_M0_lam0.2_k50_res0.8: 18 clusters
  clust_M0_lam0.2_k50_res1: 21 clusters
2026-03-11 15:37:22.807915 | Saving subsampled BANKSY object
Error in replace_dir(dir, replace) : Directory
  "/dcs05/lieber/marmaypag/xenium_NAC_LIBD4125/xenium_NAC/processed-data/HD_Full_Analysis/SPEs/spe_banksy_0_cell_level"
  already exists. Use 'replace=TRUE' to replace it. Its content will be lost!
Calls: saveHDF5SummarizedExperiment -> replace_dir
Execution halted
********* Job Ends *********
Wed Mar 11 03:37:23 PM EDT 2026
