********* Job Starts *********
Fri Jul 10 12:52:52 PM EDT 2026
Loading conda_R/4.5
Loading required package: SummarizedExperiment
Loading required package: MatrixGenerics
Loading required package: matrixStats

Attaching package: ‘MatrixGenerics’

The following objects are masked from ‘package:matrixStats’:

    colAlls, colAnyNAs, colAnys, colAvgsPerRowSet, colCollapse,
    colCounts, colCummaxs, colCummins, colCumprods, colCumsums,
    colDiffs, colIQRDiffs, colIQRs, colLogSumExps, colMadDiffs,
    colMads, colMaxs, colMeans2, colMedians, colMins, colOrderStats,
    colProds, colQuantiles, colRanges, colRanks, colSdDiffs, colSds,
    colSums2, colTabulates, colVarDiffs, colVars, colWeightedMads,
    colWeightedMeans, colWeightedMedians, colWeightedSds,
    colWeightedVars, rowAlls, rowAnyNAs, rowAnys, rowAvgsPerColSet,
    rowCollapse, rowCounts, rowCummaxs, rowCummins, rowCumprods,
    rowCumsums, rowDiffs, rowIQRDiffs, rowIQRs, rowLogSumExps,
    rowMadDiffs, rowMads, rowMaxs, rowMeans2, rowMedians, rowMins,
    rowOrderStats, rowProds, rowQuantiles, rowRanges, rowRanks,
    rowSdDiffs, rowSds, rowSums2, rowTabulates, rowVarDiffs, rowVars,
    rowWeightedMads, rowWeightedMeans, rowWeightedMedians,
    rowWeightedSds, rowWeightedVars

Loading required package: GenomicRanges
Loading required package: stats4
Loading required package: BiocGenerics
Loading required package: generics

Attaching package: ‘generics’

The following objects are masked from ‘package:base’:

    as.difftime, as.factor, as.ordered, intersect, is.element, setdiff,
    setequal, union


Attaching package: ‘BiocGenerics’

The following objects are masked from ‘package:stats’:

    IQR, mad, sd, var, xtabs

The following objects are masked from ‘package:base’:

    anyDuplicated, aperm, append, as.data.frame, basename, cbind,
    colnames, dirname, do.call, duplicated, eval, evalq, Filter, Find,
    get, grep, grepl, is.unsorted, lapply, Map, mapply, match, mget,
    order, paste, pmax, pmax.int, pmin, pmin.int, Position, rank,
    rbind, Reduce, rownames, sapply, saveRDS, table, tapply, unique,
    unsplit, which.max, which.min

Loading required package: S4Vectors

Attaching package: ‘S4Vectors’

The following object is masked from ‘package:utils’:

    findMatches

The following objects are masked from ‘package:base’:

    expand.grid, I, unname

Loading required package: IRanges
Loading required package: GenomeInfoDb
Loading required package: Biobase
Welcome to Bioconductor

    Vignettes contain introductory material; view with
    'browseVignettes()'. To cite Bioconductor, see
    'citation("Biobase")', and for packages 'citation("pkgname")'.


Attaching package: ‘Biobase’

The following object is masked from ‘package:MatrixGenerics’:

    rowMedians

The following objects are masked from ‘package:matrixStats’:

    anyMissing, rowMedians


Attaching package: ‘Matrix’

The following object is masked from ‘package:S4Vectors’:

    expand

Loading required package: SeuratObject
Loading required package: sp

Attaching package: ‘sp’

The following object is masked from ‘package:IRanges’:

    %over%


Attaching package: ‘SeuratObject’

The following object is masked from ‘package:SummarizedExperiment’:

    Assays

The following object is masked from ‘package:GenomicRanges’:

    intersect

The following object is masked from ‘package:GenomeInfoDb’:

    intersect

The following object is masked from ‘package:IRanges’:

    intersect

The following object is masked from ‘package:S4Vectors’:

    intersect

The following object is masked from ‘package:BiocGenerics’:

    intersect

The following objects are masked from ‘package:base’:

    intersect, t


Attaching package: ‘Seurat’

The following object is masked from ‘package:SummarizedExperiment’:

    Assays

RcppML v0.5.5 using 'options(RcppML.threads = 0)' (all available threads), 'options(RcppML.verbose = FALSE)'

Attaching package: ‘RcppML’

The following object is masked from ‘package:generics’:

    evaluate

Loading required package: dplyr

Attaching package: ‘dplyr’

The following object is masked from ‘package:Biobase’:

    combine

The following objects are masked from ‘package:GenomicRanges’:

    intersect, setdiff, union

The following object is masked from ‘package:GenomeInfoDb’:

    intersect

The following objects are masked from ‘package:IRanges’:

    collapse, desc, intersect, setdiff, slice, union

The following objects are masked from ‘package:S4Vectors’:

    first, intersect, rename, setdiff, setequal, union

The following objects are masked from ‘package:BiocGenerics’:

    combine, intersect, setdiff, setequal, union

The following object is masked from ‘package:generics’:

    explain

The following object is masked from ‘package:matrixStats’:

    count

The following objects are masked from ‘package:stats’:

    filter, lag

The following objects are masked from ‘package:base’:

    intersect, setdiff, setequal, union

Loading required package: RcppEigen

Attaching package: ‘singlet’

The following object is masked from ‘package:Seurat’:

    ProjectData

here() starts at /dcs05/lieber/marmaypag/xenium_NAC_LIBD4125/xenium_NAC
Warning messages:
1: `PackageCheck()` was deprecated in SeuratObject 5.0.0.
ℹ Please use `rlang::check_installed()` instead.
ℹ The deprecated feature was likely used in the Seurat package.
  Please report the issue at <https://github.com/satijalab/seurat/issues>. 
2: The `slot` argument of `GetAssayData()` is deprecated as of SeuratObject 5.0.0.
ℹ Please use the `layer` argument instead.
ℹ The deprecated feature was likely used in the Seurat package.
  Please report the issue at <https://github.com/satijalab/seurat/issues>. 
class: SingleCellExperiment 
dim: 22821 44592 
metadata(0):
assays(2): counts logcounts
rownames(22821): Vom2r3 LOC120093136 ... Sry3 ENSRNOG00000069298
rowData names(0):
colnames(44592): S1M_AAACCAAAGAAGCCAG-1 S1M_AAACCAAAGGCGATTC-1 ...
  S6M_TGTGTACGTTCGGGTC-1 S6M_TGTGTTGAGGGTACTC-1
colData names(29): orig.ident nCount_RNA ... RNA_snn_res.0.5 ident
reducedDimNames(3): PCA HARMONY_RNA RNAHARMONY.UMAP
mainExpName: RNA
altExpNames(0):
Running cross validation - 2026-07-10 12:53:24.084458
running with sparse optimization
k = 30, rep = 1 (1/27):

iter |      tol |  overfit 
---------------------------
   1 | 9.04e-01 | 0.00e+00
   2 | 1.14e-01 |        -
   3 | 3.11e-02 |        -
   4 | 1.36e-02 |        -
   5 | 7.83e-03 |        -
   6 | 4.88e-03 | 0.00e+00
   7 | 3.26e-03 |        -
   8 | 2.32e-03 |        -
   9 | 1.72e-03 |        -
  10 | 1.34e-03 |        -
  11 | 1.08e-03 | 0.00e+00
  12 | 9.32e-04 |        -
test set error: 1.0831e-01

k = 40, rep = 1 (2/27):

iter |      tol |  overfit 
---------------------------
   1 | 8.96e-01 | 0.00e+00
   2 | 1.15e-01 |        -
   3 | 3.67e-02 |        -
   4 | 1.62e-02 |        -
   5 | 8.64e-03 |        -
   6 | 5.26e-03 | 0.00e+00
   7 | 3.54e-03 |        -
   8 | 2.56e-03 |        -
   9 | 1.99e-03 |        -
  10 | 1.66e-03 |        -
  11 | 1.43e-03 | 0.00e+00
  12 | 1.27e-03 |        -
  13 | 1.22e-03 |        -
  14 | 1.26e-03 |        -
  15 | 1.44e-03 |        -
  16 | 1.72e-03 | 0.00e+00
  17 | 1.71e-03 |        -
  18 | 1.29e-03 |        -
  19 | 9.09e-04 |        -
test set error: 1.0777e-01

k = 50, rep = 1 (3/27):

iter |      tol |  overfit 
---------------------------
   1 | 8.93e-01 | 0.00e+00
   2 | 1.14e-01 |        -
   3 | 3.47e-02 |        -
   4 | 1.60e-02 |        -
   5 | 9.43e-03 |        -
   6 | 6.29e-03 | 0.00e+00
   7 | 4.35e-03 |        -
   8 | 3.12e-03 |        -
   9 | 2.39e-03 |        -
  10 | 1.94e-03 |        -
  11 | 1.62e-03 | 0.00e+00
  12 | 1.38e-03 |        -
  13 | 1.18e-03 |        -
  14 | 1.03e-03 |        -
  15 | 9.48e-04 |        -
test set error: 1.0775e-01

k = 60, rep = 1 (4/27):

iter |      tol |  overfit 
---------------------------
   1 | 8.90e-01 | 0.00e+00
   2 | 1.11e-01 |        -
   3 | 3.45e-02 |        -
   4 | 1.72e-02 |        -
   5 | 1.00e-02 |        -
   6 | 6.89e-03 | 0.00e+00
   7 | 5.09e-03 |        -
   8 | 3.97e-03 |        -
   9 | 3.23e-03 |        -
  10 | 2.83e-03 |        -
  11 | 2.94e-03 | 0.00e+00
  12 | 3.12e-03 |        -
  13 | 2.49e-03 |        -
  14 | 1.72e-03 |        -
  15 | 1.31e-03 |        -
  16 | 1.13e-03 | 2.07e-04
test set error: 1.0786e-01

k = 70, rep = 1 (5/27):

iter |      tol |  overfit 
---------------------------
   1 | 8.87e-01 | 0.00e+00
   2 | 1.14e-01 |        -
   3 | 3.64e-02 |        -
   4 | 1.68e-02 |        -
   5 | 1.03e-02 |        -
   6 | 7.46e-03 | 0.00e+00
   7 | 5.64e-03 |        -
   8 | 4.42e-03 |        -
   9 | 3.65e-03 |        -
  10 | 3.22e-03 |        -
  11 | 2.96e-03 | 0.00e+00
  12 | 2.68e-03 |        -
  13 | 2.28e-03 |        -
  14 | 1.95e-03 |        -
  15 | 1.72e-03 |        -
  16 | 1.59e-03 | 4.60e-04
test set error: 1.0802e-01

k = 80, rep = 1 (6/27):

iter |      tol |  overfit 
---------------------------
   1 | 8.83e-01 | 0.00e+00
   2 | 1.14e-01 |        -
   3 | 3.64e-02 |        -
   4 | 1.71e-02 |        -
   5 | 1.06e-02 |        -
   6 | 7.73e-03 | 0.00e+00
   7 | 6.19e-03 |        -
   8 | 5.24e-03 |        -
   9 | 4.68e-03 |        -
  10 | 4.23e-03 |        -
  11 | 3.76e-03 | 4.11e-04
test set error: 1.0802e-01

k = 90, rep = 1 (7/27):

iter |      tol |  overfit 
---------------------------
   1 | 8.80e-01 | 0.00e+00
   2 | 1.12e-01 |        -
   3 | 3.56e-02 |        -
   4 | 1.67e-02 |        -
   5 | 1.06e-02 |        -
   6 | 8.10e-03 | 0.00e+00
   7 | 6.79e-03 |        -
   8 | 5.84e-03 |        -
   9 | 5.00e-03 |        -
  10 | 4.26e-03 |        -
  11 | 3.58e-03 | 4.95e-04
test set error: 1.0809e-01

k = 100, rep = 1 (8/27):

iter |      tol |  overfit 
---------------------------
   1 | 8.79e-01 | 0.00e+00
   2 | 1.10e-01 |        -
   3 | 3.46e-02 |        -
   4 | 1.70e-02 |        -
   5 | 1.14e-02 |        -
   6 | 8.81e-03 | 0.00e+00
   7 | 7.28e-03 |        -
   8 | 6.06e-03 |        -
   9 | 5.18e-03 |        -
  10 | 4.53e-03 |        -
  11 | 3.99e-03 | 8.97e-04
test set error: 1.0815e-01

k = 125, rep = 1 (9/27):

iter |      tol |  overfit 
---------------------------
   1 | 8.74e-01 | 0.00e+00
   2 | 1.11e-01 |        -
   3 | 3.64e-02 |        -
   4 | 1.83e-02 |        -
   5 | 1.28e-02 |        -
   6 | 1.02e-02 | 0.00e+00
   7 | 8.42e-03 |        -
   8 | 7.05e-03 |        -
   9 | 6.08e-03 |        -
  10 | 5.52e-03 |        -
  11 | 5.25e-03 | 1.92e-03
test set error: 1.0854e-01

k = 30, rep = 2 (10/27):

iter |      tol |  overfit 
---------------------------
   1 | 9.02e-01 | 0.00e+00
   2 | 1.20e-01 |        -
   3 | 3.18e-02 |        -
   4 | 1.24e-02 |        -
   5 | 6.63e-03 |        -
   6 | 4.43e-03 | 0.00e+00
   7 | 3.27e-03 |        -
   8 | 2.55e-03 |        -
   9 | 2.06e-03 |        -
  10 | 1.71e-03 |        -
  11 | 1.43e-03 | 0.00e+00
  12 | 1.29e-03 |        -
  13 | 1.15e-03 |        -
  14 | 1.07e-03 |        -
  15 | 1.02e-03 |        -
  16 | 1.04e-03 | 0.00e+00
  17 | 1.07e-03 |        -
  18 | 1.15e-03 |        -
  19 | 1.25e-03 |        -
  20 | 1.28e-03 |        -
  21 | 1.12e-03 | 0.00e+00
  22 | 7.11e-04 |        -
test set error: 1.0800e-01

k = 40, rep = 2 (11/27):

iter |      tol |  overfit 
---------------------------
   1 | 8.97e-01 | 0.00e+00
   2 | 1.09e-01 |        -
   3 | 3.12e-02 |        -
   4 | 1.45e-02 |        -
   5 | 9.09e-03 |        -
   6 | 6.43e-03 | 0.00e+00
   7 | 4.81e-03 |        -
   8 | 3.73e-03 |        -
   9 | 2.94e-03 |        -
  10 | 2.40e-03 |        -
  11 | 2.06e-03 | 0.00e+00
  12 | 1.73e-03 |        -
  13 | 1.39e-03 |        -
  14 | 1.14e-03 |        -
  15 | 9.95e-04 |        -
test set error: 1.0779e-01

k = 50, rep = 2 (12/27):

iter |      tol |  overfit 
---------------------------
   1 | 8.91e-01 | 0.00e+00
   2 | 1.08e-01 |        -
   3 | 3.29e-02 |        -
   4 | 1.51e-02 |        -
   5 | 8.42e-03 |        -
   6 | 5.83e-03 | 0.00e+00
   7 | 4.44e-03 |        -
   8 | 3.44e-03 |        -
   9 | 2.67e-03 |        -
  10 | 2.12e-03 |        -
  11 | 1.72e-03 | 0.00e+00
  12 | 1.44e-03 |        -
  13 | 1.22e-03 |        -
  14 | 1.07e-03 |        -
  15 | 9.73e-04 |        -
test set error: 1.0766e-01

k = 60, rep = 2 (13/27):

iter |      tol |  overfit 
---------------------------
   1 | 8.86e-01 | 0.00e+00
   2 | 1.07e-01 |        -
   3 | 3.42e-02 |        -
   4 | 1.61e-02 |        -
   5 | 9.68e-03 |        -
   6 | 6.92e-03 | 0.00e+00
   7 | 5.26e-03 |        -
   8 | 4.07e-03 |        -
   9 | 3.16e-03 |        -
  10 | 2.51e-03 |        -
  11 | 2.18e-03 | 0.00e+00
  12 | 1.95e-03 |        -
  13 | 1.81e-03 |        -
  14 | 1.69e-03 |        -
  15 | 1.58e-03 |        -
  16 | 1.49e-03 | 8.55e-05
  17 | 1.39e-03 |        -
  18 | 1.26e-03 |        -
  19 | 1.10e-03 |        -
  20 | 9.86e-04 |        -
test set error: 1.0778e-01

k = 70, rep = 2 (14/27):

iter |      tol |  overfit 
---------------------------
   1 | 8.82e-01 | 0.00e+00
   2 | 1.10e-01 |        -
   3 | 3.79e-02 |        -
   4 | 1.76e-02 |        -
   5 | 1.02e-02 |        -
   6 | 6.81e-03 | 0.00e+00
   7 | 4.92e-03 |        -
   8 | 3.71e-03 |        -
   9 | 2.95e-03 |        -
  10 | 2.43e-03 |        -
  11 | 2.08e-03 | 0.00e+00
  12 | 1.84e-03 |        -
  13 | 1.68e-03 |        -
  14 | 1.56e-03 |        -
  15 | 1.48e-03 |        -
  16 | 1.41e-03 | 1.79e-04
test set error: 1.0778e-01

k = 80, rep = 2 (15/27):

iter |      tol |  overfit 
---------------------------
   1 | 8.79e-01 | 0.00e+00
   2 | 1.12e-01 |        -
   3 | 3.94e-02 |        -
   4 | 1.79e-02 |        -
   5 | 9.93e-03 |        -
   6 | 6.90e-03 | 0.00e+00
   7 | 5.36e-03 |        -
   8 | 4.35e-03 |        -
   9 | 3.77e-03 |        -
  10 | 3.46e-03 |        -
  11 | 3.38e-03 | 3.04e-04
test set error: 1.0793e-01

k = 90, rep = 2 (16/27):

iter |      tol |  overfit 
---------------------------
   1 | 8.78e-01 | 0.00e+00
   2 | 1.10e-01 |        -
   3 | 4.04e-02 |        -
   4 | 1.81e-02 |        -
   5 | 1.07e-02 |        -
   6 | 7.76e-03 | 0.00e+00
   7 | 6.21e-03 |        -
   8 | 5.24e-03 |        -
   9 | 4.58e-03 |        -
  10 | 4.20e-03 |        -
  11 | 3.79e-03 | 2.79e-04
test set error: 1.0796e-01

k = 100, rep = 2 (17/27):

iter |      tol |  overfit 
---------------------------
   1 | 8.77e-01 | 0.00e+00
   2 | 1.08e-01 |        -
   3 | 3.98e-02 |        -
   4 | 1.93e-02 |        -
   5 | 1.19e-02 |        -
   6 | 8.71e-03 | 0.00e+00
   7 | 6.82e-03 |        -
   8 | 5.78e-03 |        -
   9 | 5.11e-03 |        -
  10 | 4.43e-03 |        -
  11 | 3.72e-03 | 6.42e-04
test set error: 1.0808e-01

k = 125, rep = 2 (18/27):

iter |      tol |  overfit 
---------------------------
   1 | 8.72e-01 | 0.00e+00
   2 | 1.07e-01 |        -
   3 | 3.87e-02 |        -
   4 | 1.99e-02 |        -
   5 | 1.32e-02 |        -
   6 | 9.99e-03 | 0.00e+00
   7 | 8.18e-03 |        -
   8 | 6.80e-03 |        -
   9 | 5.56e-03 |        -
  10 | 4.50e-03 |        -
  11 | 3.76e-03 | 1.69e-03
test set error: 1.0840e-01

k = 30, rep = 3 (19/27):

iter |      tol |  overfit 
---------------------------
   1 | 9.02e-01 | 0.00e+00
   2 | 9.62e-02 |        -
   3 | 3.12e-02 |        -
   4 | 1.25e-02 |        -
   5 | 6.41e-03 |        -
   6 | 4.01e-03 | 0.00e+00
   7 | 3.05e-03 |        -
   8 | 2.80e-03 |        -
   9 | 2.96e-03 |        -
  10 | 2.85e-03 |        -
  11 | 2.27e-03 | 0.00e+00
  12 | 1.84e-03 |        -
  13 | 1.59e-03 |        -
  14 | 1.42e-03 |        -
  15 | 1.27e-03 |        -
  16 | 1.11e-03 | 0.00e+00
  17 | 9.75e-04 |        -
test set error: 1.0814e-01

k = 40, rep = 3 (20/27):

iter |      tol |  overfit 
---------------------------
   1 | 8.94e-01 | 0.00e+00
   2 | 1.00e-01 |        -
   3 | 3.34e-02 |        -
   4 | 1.35e-02 |        -
   5 | 7.34e-03 |        -
   6 | 4.75e-03 | 0.00e+00
   7 | 3.56e-03 |        -
   8 | 2.94e-03 |        -
   9 | 2.95e-03 |        -
  10 | 3.45e-03 |        -
  11 | 3.64e-03 | 0.00e+00
  12 | 2.98e-03 |        -
  13 | 2.07e-03 |        -
  14 | 1.35e-03 |        -
  15 | 9.68e-04 |        -
test set error: 1.0792e-01

k = 50, rep = 3 (21/27):

iter |      tol |  overfit 
---------------------------
   1 | 8.88e-01 | 0.00e+00
   2 | 1.06e-01 |        -
   3 | 3.47e-02 |        -
   4 | 1.49e-02 |        -
   5 | 1.02e-02 |        -
   6 | 8.11e-03 | 0.00e+00
   7 | 5.08e-03 |        -
   8 | 3.26e-03 |        -
   9 | 2.36e-03 |        -
  10 | 1.94e-03 |        -
  11 | 1.79e-03 | 0.00e+00
  12 | 1.59e-03 |        -
  13 | 1.32e-03 |        -
  14 | 1.10e-03 |        -
  15 | 9.45e-04 |        -
test set error: 1.0773e-01

k = 60, rep = 3 (22/27):

iter |      tol |  overfit 
---------------------------
   1 | 8.82e-01 | 0.00e+00
   2 | 1.06e-01 |        -
   3 | 3.96e-02 |        -
   4 | 1.99e-02 |        -
   5 | 1.17e-02 |        -
   6 | 7.43e-03 | 0.00e+00
   7 | 5.27e-03 |        -
   8 | 4.06e-03 |        -
   9 | 3.22e-03 |        -
  10 | 2.58e-03 |        -
  11 | 2.12e-03 | 0.00e+00
  12 | 1.78e-03 |        -
  13 | 1.50e-03 |        -
  14 | 1.27e-03 |        -
  15 | 1.05e-03 |        -
  16 | 8.76e-04 | 0.00e+00
test set error: 1.0762e-01

k = 70, rep = 3 (23/27):

iter |      tol |  overfit 
---------------------------
   1 | 8.79e-01 | 0.00e+00
   2 | 1.09e-01 |        -
   3 | 4.05e-02 |        -
   4 | 1.93e-02 |        -
   5 | 1.19e-02 |        -
   6 | 8.42e-03 | 0.00e+00
   7 | 6.14e-03 |        -
   8 | 4.75e-03 |        -
   9 | 3.77e-03 |        -
  10 | 3.14e-03 |        -
  11 | 2.60e-03 | 0.00e+00
  12 | 2.18e-03 |        -
  13 | 1.79e-03 |        -
  14 | 1.48e-03 |        -
  15 | 1.26e-03 |        -
  16 | 1.06e-03 | 3.72e-04
test set error: 1.0780e-01

k = 80, rep = 3 (24/27):

iter |      tol |  overfit 
---------------------------
   1 | 8.78e-01 | 0.00e+00
   2 | 1.09e-01 |        -
   3 | 3.93e-02 |        -
   4 | 1.93e-02 |        -
   5 | 1.20e-02 |        -
   6 | 8.45e-03 | 0.00e+00
   7 | 6.28e-03 |        -
   8 | 4.75e-03 |        -
   9 | 3.78e-03 |        -
  10 | 3.09e-03 |        -
  11 | 2.59e-03 | 0.00e+00
  12 | 2.24e-03 |        -
  13 | 1.98e-03 |        -
  14 | 1.84e-03 |        -
  15 | 1.80e-03 |        -
  16 | 1.78e-03 | 8.45e-04
test set error: 1.0806e-01

k = 90, rep = 3 (25/27):

iter |      tol |  overfit 
---------------------------
   1 | 8.76e-01 | 0.00e+00
   2 | 1.09e-01 |        -
   3 | 3.94e-02 |        -
   4 | 1.92e-02 |        -
   5 | 1.21e-02 |        -
   6 | 9.12e-03 | 0.00e+00
   7 | 7.13e-03 |        -
   8 | 5.93e-03 |        -
   9 | 5.00e-03 |        -
  10 | 4.17e-03 |        -
  11 | 3.60e-03 | 3.01e-04
test set error: 1.0803e-01

k = 100, rep = 3 (26/27):

iter |      tol |  overfit 
---------------------------
   1 | 8.74e-01 | 0.00e+00
   2 | 1.07e-01 |        -
   3 | 3.92e-02 |        -
   4 | 1.96e-02 |        -
   5 | 1.26e-02 |        -
   6 | 9.74e-03 | 0.00e+00
   7 | 8.38e-03 |        -
   8 | 7.40e-03 |        -
   9 | 6.51e-03 |        -
  10 | 5.44e-03 |        -
  11 | 4.42e-03 | 7.02e-04
test set error: 1.0819e-01

k = 125, rep = 3 (27/27):

iter |      tol |  overfit 
---------------------------
   1 | 8.71e-01 | 0.00e+00
   2 | 1.07e-01 |        -
   3 | 3.94e-02 |        -
   4 | 2.04e-02 |        -
   5 | 1.34e-02 |        -
   6 | 1.01e-02 | 0.00e+00
   7 | 8.25e-03 |        -
   8 | 7.28e-03 |        -
   9 | 6.79e-03 |        -
  10 | 6.56e-03 |        -
  11 | 6.24e-03 | 1.77e-03
test set error: 1.0859e-01

null device 
          1 
[1] "Reproducibility information:"
[1] "2026-07-11 04:29:53 EDT"
     user    system   elapsed 
56054.360     5.532 56220.369 
─ Session info ───────────────────────────────────────────────────────────────────────────────────────────────────────
 setting  value
 version  R version 4.5.0 Patched (2025-05-21 r88220)
 os       Rocky Linux 9.4 (Blue Onyx)
 system   x86_64, linux-gnu
 ui       X11
 language (EN)
 collate  en_US.UTF-8
 ctype    en_US.UTF-8
 tz       US/Eastern
 date     2026-07-11
 pandoc   3.7.0.1 @ /jhpce/shared/community/core/conda_R/4.5/bin/pandoc
 quarto   NA

─ Packages ───────────────────────────────────────────────────────────────────────────────────────────────────────────
 !  package              * version        date (UTC) lib source
    abind                  1.4-8          2024-09-12 [2] CRAN (R 4.5.0)
    ape                    5.8-1          2024-12-16 [1] CRAN (R 4.5.0)
    aplot                  0.2.7          2025-06-21 [1] CRAN (R 4.5.0)
    assertthat             0.2.1          2019-03-21 [2] CRAN (R 4.5.0)
    babelgene              22.9           2022-09-29 [1] CRAN (R 4.5.0)
    backports              1.5.0          2024-05-23 [2] CRAN (R 4.5.0)
    beachmat               2.24.0         2025-04-15 [2] Bioconductor 3.21 (R 4.5.0)
    Biobase              * 2.68.0         2025-04-15 [2] Bioconductor 3.21 (R 4.5.0)
    BiocGenerics         * 0.54.0         2025-04-15 [2] Bioconductor 3.21 (R 4.5.0)
    BiocParallel           1.42.0         2025-04-15 [2] Bioconductor 3.21 (R 4.5.0)
    bitops                 1.0-9          2024-10-03 [2] CRAN (R 4.5.0)
    broom                  1.0.8          2025-03-28 [2] CRAN (R 4.5.0)
    car                    3.1-3          2024-09-27 [2] CRAN (R 4.5.0)
    carData                3.0-5          2022-01-06 [2] CRAN (R 4.5.0)
    cli                    3.6.5          2025-04-23 [2] CRAN (R 4.5.0)
    cluster                2.1.8.1        2025-03-12 [3] CRAN (R 4.5.0)
    codetools              0.2-20         2024-03-31 [3] CRAN (R 4.5.0)
    colorspace             2.1-1          2024-07-26 [2] CRAN (R 4.5.0)
    cowplot                1.1.3          2024-01-22 [2] CRAN (R 4.5.0)
    crayon                 1.5.3          2024-06-20 [2] CRAN (R 4.5.0)
    curl                   6.2.2          2025-03-24 [2] CRAN (R 4.5.0)
    data.table             1.17.2         2025-05-12 [2] CRAN (R 4.5.0)
    DelayedArray           0.34.1         2025-04-17 [2] Bioconductor 3.21 (R 4.5.0)
    deldir                 2.0-4          2024-02-28 [2] CRAN (R 4.5.0)
    dichromat              2.0-0.1        2022-05-02 [2] CRAN (R 4.5.0)
    digest                 0.6.37         2024-08-19 [2] CRAN (R 4.5.0)
    dotCall64              1.2            2024-10-04 [2] CRAN (R 4.5.0)
    dplyr                * 1.1.4          2023-11-17 [2] CRAN (R 4.5.0)
    evaluate               1.0.3          2025-01-10 [2] CRAN (R 4.5.0)
    farver                 2.1.2          2024-05-13 [2] CRAN (R 4.5.0)
    fastDummies            1.7.5          2025-01-20 [2] CRAN (R 4.5.0)
    fastmap                1.2.0          2024-05-15 [2] CRAN (R 4.5.0)
    fastmatch              1.1-6          2024-12-23 [2] CRAN (R 4.5.0)
    fgsea                  1.34.2         2025-07-13 [1] Bioconductor 3.21 (R 4.5.0)
    fitdistrplus           1.2-2          2025-01-07 [2] CRAN (R 4.5.0)
    Formula                1.2-5          2023-02-24 [2] CRAN (R 4.5.0)
    fs                     1.6.6          2025-04-12 [2] CRAN (R 4.5.0)
    future                 1.49.0         2025-05-09 [2] CRAN (R 4.5.0)
    future.apply           1.11.3         2024-10-27 [2] CRAN (R 4.5.0)
    generics             * 0.1.4          2025-05-09 [2] CRAN (R 4.5.0)
    GenomeInfoDb         * 1.44.0         2025-04-15 [2] Bioconductor 3.21 (R 4.5.0)
    GenomeInfoDbData       1.2.14         2025-05-21 [2] Bioconductor
    GenomicRanges        * 1.60.0         2025-04-15 [2] Bioconductor 3.21 (R 4.5.0)
    ggfun                  0.1.8          2024-12-03 [2] CRAN (R 4.5.0)
    ggplot2                3.5.2          2025-04-09 [2] CRAN (R 4.5.0)
    ggplotify              0.1.2          2023-08-09 [1] CRAN (R 4.5.0)
    ggpubr                 0.6.0          2023-02-10 [2] CRAN (R 4.5.0)
    ggrepel                0.9.6          2024-09-07 [2] CRAN (R 4.5.0)
    ggridges               0.5.6          2024-01-23 [2] CRAN (R 4.5.0)
    ggsignif               0.6.4          2022-10-13 [2] CRAN (R 4.5.0)
    ggtree                 3.16.0         2025-04-15 [1] Bioconductor 3.21 (R 4.5.0)
    globals                0.18.0         2025-05-08 [2] CRAN (R 4.5.0)
    glue                   1.8.0          2024-09-30 [2] CRAN (R 4.5.0)
    goftest                1.2-3          2021-10-07 [2] CRAN (R 4.5.0)
    gprofiler2             0.2.3          2024-02-23 [1] CRAN (R 4.5.0)
    gridExtra              2.3            2017-09-09 [2] CRAN (R 4.5.0)
    gridGraphics           0.5-1          2020-12-13 [1] CRAN (R 4.5.0)
    grr                    0.9.5          2016-08-26 [1] CRAN (R 4.5.0)
    gtable                 0.3.6          2024-10-25 [2] CRAN (R 4.5.0)
    here                 * 1.0.1          2020-12-13 [2] CRAN (R 4.5.0)
    homologene             1.4.68.19.3.27 2019-03-28 [1] CRAN (R 4.5.0)
    htmltools              0.5.8.1        2024-04-04 [2] CRAN (R 4.5.0)
    htmlwidgets            1.6.4          2023-12-06 [2] CRAN (R 4.5.0)
    httpuv                 1.6.16         2025-04-16 [2] CRAN (R 4.5.0)
    httr                   1.4.7          2023-08-15 [2] CRAN (R 4.5.0)
    ica                    1.0-3          2022-07-08 [2] CRAN (R 4.5.0)
    igraph                 2.1.4          2025-01-23 [2] CRAN (R 4.5.0)
    IRanges              * 2.42.0         2025-04-15 [2] Bioconductor 3.21 (R 4.5.0)
    irlba                  2.3.5.1        2022-10-03 [2] CRAN (R 4.5.0)
    jsonlite               2.0.0          2025-03-27 [2] CRAN (R 4.5.0)
    KernSmooth             2.23-26        2025-01-01 [3] CRAN (R 4.5.0)
    knitr                  1.50           2025-03-16 [2] CRAN (R 4.5.0)
    labeling               0.4.3          2023-08-29 [2] CRAN (R 4.5.0)
    later                  1.4.2          2025-04-08 [2] CRAN (R 4.5.0)
    lattice                0.22-7         2025-04-02 [3] CRAN (R 4.5.0)
    lazyeval               0.2.2          2019-03-15 [2] CRAN (R 4.5.0)
    lifecycle              1.0.4          2023-11-07 [2] CRAN (R 4.5.0)
    limma                  3.64.3         2025-08-03 [1] Bioconductor 3.21 (R 4.5.0)
    listenv                0.9.1          2024-01-29 [2] CRAN (R 4.5.0)
    lmtest                 0.9-40         2022-03-21 [2] CRAN (R 4.5.0)
    magrittr               2.0.3          2022-03-30 [2] CRAN (R 4.5.0)
    MASS                   7.3-65         2025-02-28 [3] CRAN (R 4.5.0)
    Matrix               * 1.7-3          2025-03-11 [3] CRAN (R 4.5.0)
    MatrixGenerics       * 1.20.0         2025-04-15 [2] Bioconductor 3.21 (R 4.5.0)
    matrixStats          * 1.5.0          2025-01-07 [2] CRAN (R 4.5.0)
    mime                   0.13           2025-03-17 [2] CRAN (R 4.5.0)
    miniUI                 0.1.2          2025-04-17 [2] CRAN (R 4.5.0)
    msigdbr                25.1.1         2025-07-21 [1] CRAN (R 4.5.0)
    nlme                   3.1-168        2025-03-31 [3] CRAN (R 4.5.0)
    orthogene            * 1.14.0         2025-04-15 [1] Bioconductor 3.21 (R 4.5.0)
    parallelly             1.44.0         2025-05-07 [2] CRAN (R 4.5.0)
    patchwork              1.3.0          2024-09-16 [2] CRAN (R 4.5.0)
    pbapply                1.7-2          2023-06-27 [2] CRAN (R 4.5.0)
    pillar                 1.10.2         2025-04-05 [2] CRAN (R 4.5.0)
    pkgconfig              2.0.3          2019-09-22 [2] CRAN (R 4.5.0)
    plotly                 4.10.4         2024-01-13 [2] CRAN (R 4.5.0)
    plyr                   1.8.9          2023-10-02 [2] CRAN (R 4.5.0)
    png                    0.1-8          2022-11-29 [2] CRAN (R 4.5.0)
    polyclip               1.10-7         2024-07-23 [2] CRAN (R 4.5.0)
    progressr              0.15.1         2024-11-22 [2] CRAN (R 4.5.0)
    promises               1.3.2          2024-11-28 [2] CRAN (R 4.5.0)
    purrr                  1.0.4          2025-02-05 [2] CRAN (R 4.5.0)
    R6                     2.6.1          2025-02-15 [2] CRAN (R 4.5.0)
    RANN                   2.6.2          2024-08-25 [2] CRAN (R 4.5.0)
    rappdirs               0.3.3          2021-01-31 [2] CRAN (R 4.5.0)
    RColorBrewer           1.1-3          2022-04-03 [2] CRAN (R 4.5.0)
    Rcpp                   1.1.1-1.1      2026-04-24 [1] CRAN (R 4.5.0)
    RcppAnnoy              0.0.22         2024-01-23 [2] CRAN (R 4.5.0)
    RcppEigen            * 0.3.4.0.2      2024-08-24 [2] CRAN (R 4.5.0)
    RcppHNSW               0.6.0          2024-02-04 [2] CRAN (R 4.5.0)
 P  RcppML               * 0.5.6          2026-01-08 [?] Github (zdebruine/RcppML@5449a5b)
    RCurl                  1.98-1.17      2025-03-22 [2] CRAN (R 4.5.0)
    reshape2               1.4.4          2020-04-09 [2] CRAN (R 4.5.0)
    reticulate             1.42.0         2025-03-25 [2] CRAN (R 4.5.0)
    rlang                  1.1.6          2025-04-11 [2] CRAN (R 4.5.0)
    ROCR                   1.0-11         2020-05-02 [2] CRAN (R 4.5.0)
    rprojroot              2.0.4          2023-11-05 [2] CRAN (R 4.5.0)
    RSpectra               0.16-2         2024-07-18 [2] CRAN (R 4.5.0)
    rstatix                0.7.2          2023-02-01 [2] CRAN (R 4.5.0)
    Rtsne                  0.17           2023-12-07 [2] CRAN (R 4.5.0)
    S4Arrays               1.8.0          2025-04-15 [2] Bioconductor 3.21 (R 4.5.0)
    S4Vectors            * 0.48.1         2026-04-05 [1] Bioconductor 3.22 (R 4.5.0)
    scales                 1.4.0          2025-04-24 [2] CRAN (R 4.5.0)
    scattermore            1.2            2023-06-12 [2] CRAN (R 4.5.0)
    sctransform            0.4.2          2025-04-30 [2] CRAN (R 4.5.0)
    scuttle              * 1.18.0         2025-04-15 [2] Bioconductor 3.21 (R 4.5.0)
    sessioninfo          * 1.2.3          2025-02-05 [2] CRAN (R 4.5.0)
    Seurat               * 5.3.0          2025-04-23 [2] CRAN (R 4.5.0)
    SeuratObject         * 5.1.0          2025-04-22 [2] CRAN (R 4.5.0)
    shiny                  1.10.0         2024-12-14 [2] CRAN (R 4.5.0)
    SingleCellExperiment * 1.30.1         2025-05-07 [2] Bioconductor 3.21 (R 4.5.0)
 VP singlet              * 0.99.6         2026-01-08 [?] Github (zdebruine/singlet@7ce199e) (on disk 0.99.8)
    sp                   * 2.2-0          2025-02-01 [2] CRAN (R 4.5.0)
    spam                   2.11-1         2025-01-20 [2] CRAN (R 4.5.0)
    SparseArray            1.8.0          2025-04-15 [2] Bioconductor 3.21 (R 4.5.0)
    spatstat.data          3.1-6          2025-03-17 [2] CRAN (R 4.5.0)
    spatstat.explore       3.4-3          2025-05-21 [2] CRAN (R 4.5.0)
    spatstat.geom          3.4-1          2025-05-20 [2] CRAN (R 4.5.0)
    spatstat.random        3.4-1          2025-05-20 [2] CRAN (R 4.5.0)
    spatstat.sparse        3.1-0          2024-06-21 [2] CRAN (R 4.5.0)
    spatstat.univar        3.1-3          2025-05-08 [2] CRAN (R 4.5.0)
    spatstat.utils         3.1-4          2025-05-15 [2] CRAN (R 4.5.0)
    statmod                1.5.0          2023-01-06 [2] CRAN (R 4.5.0)
    stringi                1.8.7          2025-03-27 [2] CRAN (R 4.5.0)
    stringr                1.5.1          2023-11-14 [2] CRAN (R 4.5.0)
    SummarizedExperiment * 1.38.1         2025-04-30 [2] Bioconductor 3.21 (R 4.5.0)
    survival               3.8-3          2024-12-17 [3] CRAN (R 4.5.0)
    tensor                 1.5            2012-05-05 [2] CRAN (R 4.5.0)
    tibble                 3.2.1          2023-03-20 [2] CRAN (R 4.5.0)
    tidyr                  1.3.1          2024-01-24 [2] CRAN (R 4.5.0)
    tidyselect             1.2.1          2024-03-11 [2] CRAN (R 4.5.0)
    tidytree               0.4.6          2023-12-12 [1] CRAN (R 4.5.0)
    treeio                 1.32.0         2025-04-15 [1] Bioconductor 3.21 (R 4.5.0)
    UCSC.utils             1.4.0          2025-04-15 [2] Bioconductor 3.21 (R 4.5.0)
    uwot                   0.2.3          2025-02-24 [2] CRAN (R 4.5.0)
    vctrs                  0.6.5          2023-12-01 [2] CRAN (R 4.5.0)
    viridisLite            0.4.2          2023-05-02 [2] CRAN (R 4.5.0)
    withr                  3.0.2          2024-10-28 [2] CRAN (R 4.5.0)
    xfun                   0.52           2025-04-02 [2] CRAN (R 4.5.0)
    xtable                 1.8-4          2019-04-21 [2] CRAN (R 4.5.0)
    XVector                0.48.0         2025-04-15 [2] Bioconductor 3.21 (R 4.5.0)
    yulab.utils            0.2.4          2026-02-02 [1] CRAN (R 4.5.0)
    zoo                    1.8-14         2025-04-10 [2] CRAN (R 4.5.0)

 [1] /users/rphillip/R/4.5
 [2] /jhpce/shared/community/core/conda_R/4.5/R/lib64/R/site-library
 [3] /jhpce/shared/community/core/conda_R/4.5/R/lib64/R/library

 * ── Packages attached to the search path.
 V ── Loaded and on-disk version mismatch.
 P ── Loaded and on-disk path mismatch.

──────────────────────────────────────────────────────────────────────────────────────────────────────────────────────
********* Job Ends *********
Sat Jul 11 04:29:54 AM EDT 2026
