********* Job Starts *********
Sat Jul 11 05:15:35 PM EDT 2026
Loading conda_R/4.5
Loading required package: SummarizedExperiment
Loading required package: MatrixGenerics
Loading required package: matrixStats

Attaching package: ‘MatrixGenerics’

The following objects are masked from ‘package:matrixStats’:

    colAlls, colAnyNAs, colAnys, colAvgsPerRowSet, colCollapse,
    colCounts, colCummaxs, colCummins, colCumprods, colCumsums,
    colDiffs, colIQRDiffs, colIQRs, colLogSumExps, colMadDiffs,
    colMads, colMaxs, colMeans2, colMedians, colMins, colOrderStats,
    colProds, colQuantiles, colRanges, colRanks, colSdDiffs, colSds,
    colSums2, colTabulates, colVarDiffs, colVars, colWeightedMads,
    colWeightedMeans, colWeightedMedians, colWeightedSds,
    colWeightedVars, rowAlls, rowAnyNAs, rowAnys, rowAvgsPerColSet,
    rowCollapse, rowCounts, rowCummaxs, rowCummins, rowCumprods,
    rowCumsums, rowDiffs, rowIQRDiffs, rowIQRs, rowLogSumExps,
    rowMadDiffs, rowMads, rowMaxs, rowMeans2, rowMedians, rowMins,
    rowOrderStats, rowProds, rowQuantiles, rowRanges, rowRanks,
    rowSdDiffs, rowSds, rowSums2, rowTabulates, rowVarDiffs, rowVars,
    rowWeightedMads, rowWeightedMeans, rowWeightedMedians,
    rowWeightedSds, rowWeightedVars

Loading required package: GenomicRanges
Loading required package: stats4
Loading required package: BiocGenerics
Loading required package: generics

Attaching package: ‘generics’

The following objects are masked from ‘package:base’:

    as.difftime, as.factor, as.ordered, intersect, is.element, setdiff,
    setequal, union


Attaching package: ‘BiocGenerics’

The following objects are masked from ‘package:stats’:

    IQR, mad, sd, var, xtabs

The following objects are masked from ‘package:base’:

    anyDuplicated, aperm, append, as.data.frame, basename, cbind,
    colnames, dirname, do.call, duplicated, eval, evalq, Filter, Find,
    get, grep, grepl, is.unsorted, lapply, Map, mapply, match, mget,
    order, paste, pmax, pmax.int, pmin, pmin.int, Position, rank,
    rbind, Reduce, rownames, sapply, saveRDS, table, tapply, unique,
    unsplit, which.max, which.min

Loading required package: S4Vectors

Attaching package: ‘S4Vectors’

The following object is masked from ‘package:utils’:

    findMatches

The following objects are masked from ‘package:base’:

    expand.grid, I, unname

Loading required package: IRanges
Loading required package: GenomeInfoDb
Loading required package: Biobase
Welcome to Bioconductor

    Vignettes contain introductory material; view with
    'browseVignettes()'. To cite Bioconductor, see
    'citation("Biobase")', and for packages 'citation("pkgname")'.


Attaching package: ‘Biobase’

The following object is masked from ‘package:MatrixGenerics’:

    rowMedians

The following objects are masked from ‘package:matrixStats’:

    anyMissing, rowMedians

Loading required package: SeuratObject
Loading required package: sp

Attaching package: ‘sp’

The following object is masked from ‘package:IRanges’:

    %over%


Attaching package: ‘SeuratObject’

The following object is masked from ‘package:SummarizedExperiment’:

    Assays

The following object is masked from ‘package:GenomicRanges’:

    intersect

The following object is masked from ‘package:GenomeInfoDb’:

    intersect

The following object is masked from ‘package:IRanges’:

    intersect

The following object is masked from ‘package:S4Vectors’:

    intersect

The following object is masked from ‘package:BiocGenerics’:

    intersect

The following objects are masked from ‘package:base’:

    intersect, t


Attaching package: ‘Seurat’

The following object is masked from ‘package:SummarizedExperiment’:

    Assays

here() starts at /dcs05/lieber/marmaypag/xenium_NAC_LIBD4125/xenium_NAC
Warning messages:
1: `PackageCheck()` was deprecated in SeuratObject 5.0.0.
ℹ Please use `rlang::check_installed()` instead.
ℹ The deprecated feature was likely used in the Seurat package.
  Please report the issue at <https://github.com/satijalab/seurat/issues>. 
2: The `slot` argument of `GetAssayData()` is deprecated as of SeuratObject 5.0.0.
ℹ Please use the `layer` argument instead.
ℹ The deprecated feature was likely used in the Seurat package.
  Please report the issue at <https://github.com/satijalab/seurat/issues>. 
class: SingleCellExperiment 
dim: 22821 44592 
metadata(0):
assays(2): counts logcounts
rownames(22821): Vom2r3 LOC120093136 ... Sry3 ENSRNOG00000069298
rowData names(0):
colnames(44592): S1M_AAACCAAAGAAGCCAG-1 S1M_AAACCAAAGGCGATTC-1 ...
  S6M_TGTGTACGTTCGGGTC-1 S6M_TGTGTTGAGGGTACTC-1
colData names(29): orig.ident nCount_RNA ... RNA_snn_res.0.5 ident
reducedDimNames(3): PCA HARMONY_RNA RNAHARMONY.UMAP
mainExpName: RNA
altExpNames(0):
Using Sample as value column: use value.var to override.
null device 
          1 
null device 
          1 
Using CellType as value column: use value.var to override.
null device 
          1 
  Group.1         nmf1         nmf2         nmf3         nmf4
1  Drd1.1 2.383844e-05 3.560813e-05 3.582999e-05 2.762134e-05
2  Drd1.2 2.359618e-05 3.693269e-05 9.543024e-05 3.080101e-05
3  Drd2.1 2.447060e-05 3.679619e-05 6.711907e-05 2.789555e-05
4  Drd2.2 2.918247e-05 4.901923e-05 2.154094e-05 3.487684e-05
5    Drd3 2.526498e-05 2.537533e-05 4.526972e-06 2.265572e-05
null device 
          1 

Reproducibility information:
[1] "2026-07-11 17:16:10 EDT"
   user  system elapsed 
 31.067   2.287  34.528 
─ Session info ───────────────────────────────────────────────────────────────────────────────────────────────────────
 setting  value
 version  R version 4.5.0 Patched (2025-05-21 r88220)
 os       Rocky Linux 9.4 (Blue Onyx)
 system   x86_64, linux-gnu
 ui       X11
 language (EN)
 collate  en_US.UTF-8
 ctype    en_US.UTF-8
 tz       US/Eastern
 date     2026-07-11
 pandoc   3.7.0.1 @ /jhpce/shared/community/core/conda_R/4.5/bin/pandoc
 quarto   NA

─ Packages ───────────────────────────────────────────────────────────────────────────────────────────────────────────
 package              * version   date (UTC) lib source
 abind                  1.4-8     2024-09-12 [2] CRAN (R 4.5.0)
 Biobase              * 2.68.0    2025-04-15 [2] Bioconductor 3.21 (R 4.5.0)
 BiocGenerics         * 0.54.0    2025-04-15 [2] Bioconductor 3.21 (R 4.5.0)
 cli                    3.6.5     2025-04-23 [2] CRAN (R 4.5.0)
 cluster                2.1.8.1   2025-03-12 [3] CRAN (R 4.5.0)
 codetools              0.2-20    2024-03-31 [3] CRAN (R 4.5.0)
 cowplot                1.1.3     2024-01-22 [2] CRAN (R 4.5.0)
 crayon                 1.5.3     2024-06-20 [2] CRAN (R 4.5.0)
 data.table             1.17.2    2025-05-12 [2] CRAN (R 4.5.0)
 DelayedArray           0.34.1    2025-04-17 [2] Bioconductor 3.21 (R 4.5.0)
 deldir                 2.0-4     2024-02-28 [2] CRAN (R 4.5.0)
 dichromat              2.0-0.1   2022-05-02 [2] CRAN (R 4.5.0)
 digest                 0.6.37    2024-08-19 [2] CRAN (R 4.5.0)
 dotCall64              1.2       2024-10-04 [2] CRAN (R 4.5.0)
 dplyr                  1.1.4     2023-11-17 [2] CRAN (R 4.5.0)
 farver                 2.1.2     2024-05-13 [2] CRAN (R 4.5.0)
 fastDummies            1.7.5     2025-01-20 [2] CRAN (R 4.5.0)
 fastmap                1.2.0     2024-05-15 [2] CRAN (R 4.5.0)
 fitdistrplus           1.2-2     2025-01-07 [2] CRAN (R 4.5.0)
 future                 1.49.0    2025-05-09 [2] CRAN (R 4.5.0)
 future.apply           1.11.3    2024-10-27 [2] CRAN (R 4.5.0)
 generics             * 0.1.4     2025-05-09 [2] CRAN (R 4.5.0)
 GenomeInfoDb         * 1.44.0    2025-04-15 [2] Bioconductor 3.21 (R 4.5.0)
 GenomeInfoDbData       1.2.14    2025-05-21 [2] Bioconductor
 GenomicRanges        * 1.60.0    2025-04-15 [2] Bioconductor 3.21 (R 4.5.0)
 ggplot2                3.5.2     2025-04-09 [2] CRAN (R 4.5.0)
 ggrepel                0.9.6     2024-09-07 [2] CRAN (R 4.5.0)
 ggridges               0.5.6     2024-01-23 [2] CRAN (R 4.5.0)
 globals                0.18.0    2025-05-08 [2] CRAN (R 4.5.0)
 glue                   1.8.0     2024-09-30 [2] CRAN (R 4.5.0)
 goftest                1.2-3     2021-10-07 [2] CRAN (R 4.5.0)
 gridExtra              2.3       2017-09-09 [2] CRAN (R 4.5.0)
 gtable                 0.3.6     2024-10-25 [2] CRAN (R 4.5.0)
 here                 * 1.0.1     2020-12-13 [2] CRAN (R 4.5.0)
 htmltools              0.5.8.1   2024-04-04 [2] CRAN (R 4.5.0)
 htmlwidgets            1.6.4     2023-12-06 [2] CRAN (R 4.5.0)
 httpuv                 1.6.16    2025-04-16 [2] CRAN (R 4.5.0)
 httr                   1.4.7     2023-08-15 [2] CRAN (R 4.5.0)
 ica                    1.0-3     2022-07-08 [2] CRAN (R 4.5.0)
 igraph                 2.1.4     2025-01-23 [2] CRAN (R 4.5.0)
 IRanges              * 2.42.0    2025-04-15 [2] Bioconductor 3.21 (R 4.5.0)
 irlba                  2.3.5.1   2022-10-03 [2] CRAN (R 4.5.0)
 jsonlite               2.0.0     2025-03-27 [2] CRAN (R 4.5.0)
 KernSmooth             2.23-26   2025-01-01 [3] CRAN (R 4.5.0)
 later                  1.4.2     2025-04-08 [2] CRAN (R 4.5.0)
 lattice                0.22-7    2025-04-02 [3] CRAN (R 4.5.0)
 lazyeval               0.2.2     2019-03-15 [2] CRAN (R 4.5.0)
 lifecycle              1.0.4     2023-11-07 [2] CRAN (R 4.5.0)
 listenv                0.9.1     2024-01-29 [2] CRAN (R 4.5.0)
 lmtest                 0.9-40    2022-03-21 [2] CRAN (R 4.5.0)
 magrittr               2.0.3     2022-03-30 [2] CRAN (R 4.5.0)
 MASS                   7.3-65    2025-02-28 [3] CRAN (R 4.5.0)
 Matrix                 1.7-3     2025-03-11 [3] CRAN (R 4.5.0)
 MatrixGenerics       * 1.20.0    2025-04-15 [2] Bioconductor 3.21 (R 4.5.0)
 matrixStats          * 1.5.0     2025-01-07 [2] CRAN (R 4.5.0)
 mime                   0.13      2025-03-17 [2] CRAN (R 4.5.0)
 miniUI                 0.1.2     2025-04-17 [2] CRAN (R 4.5.0)
 nlme                   3.1-168   2025-03-31 [3] CRAN (R 4.5.0)
 parallelly             1.44.0    2025-05-07 [2] CRAN (R 4.5.0)
 patchwork              1.3.0     2024-09-16 [2] CRAN (R 4.5.0)
 pbapply                1.7-2     2023-06-27 [2] CRAN (R 4.5.0)
 pheatmap             * 1.0.12    2019-01-04 [2] CRAN (R 4.5.0)
 pillar                 1.10.2    2025-04-05 [2] CRAN (R 4.5.0)
 pkgconfig              2.0.3     2019-09-22 [2] CRAN (R 4.5.0)
 plotly                 4.10.4    2024-01-13 [2] CRAN (R 4.5.0)
 plyr                   1.8.9     2023-10-02 [2] CRAN (R 4.5.0)
 png                    0.1-8     2022-11-29 [2] CRAN (R 4.5.0)
 polyclip               1.10-7    2024-07-23 [2] CRAN (R 4.5.0)
 progressr              0.15.1    2024-11-22 [2] CRAN (R 4.5.0)
 promises               1.3.2     2024-11-28 [2] CRAN (R 4.5.0)
 purrr                  1.0.4     2025-02-05 [2] CRAN (R 4.5.0)
 R6                     2.6.1     2025-02-15 [2] CRAN (R 4.5.0)
 RANN                   2.6.2     2024-08-25 [2] CRAN (R 4.5.0)
 RColorBrewer           1.1-3     2022-04-03 [2] CRAN (R 4.5.0)
 Rcpp                   1.1.1-1.1 2026-04-24 [1] CRAN (R 4.5.0)
 RcppAnnoy              0.0.22    2024-01-23 [2] CRAN (R 4.5.0)
 RcppHNSW               0.6.0     2024-02-04 [2] CRAN (R 4.5.0)
 reshape2             * 1.4.4     2020-04-09 [2] CRAN (R 4.5.0)
 reticulate             1.42.0    2025-03-25 [2] CRAN (R 4.5.0)
 rlang                  1.1.6     2025-04-11 [2] CRAN (R 4.5.0)
 ROCR                   1.0-11    2020-05-02 [2] CRAN (R 4.5.0)
 rprojroot              2.0.4     2023-11-05 [2] CRAN (R 4.5.0)
 RSpectra               0.16-2    2024-07-18 [2] CRAN (R 4.5.0)
 Rtsne                  0.17      2023-12-07 [2] CRAN (R 4.5.0)
 S4Arrays               1.8.0     2025-04-15 [2] Bioconductor 3.21 (R 4.5.0)
 S4Vectors            * 0.48.1    2026-04-05 [1] Bioconductor 3.22 (R 4.5.0)
 scales                 1.4.0     2025-04-24 [2] CRAN (R 4.5.0)
 scattermore            1.2       2023-06-12 [2] CRAN (R 4.5.0)
 sctransform            0.4.2     2025-04-30 [2] CRAN (R 4.5.0)
 sessioninfo            1.2.3     2025-02-05 [2] CRAN (R 4.5.0)
 Seurat               * 5.3.0     2025-04-23 [2] CRAN (R 4.5.0)
 SeuratObject         * 5.1.0     2025-04-22 [2] CRAN (R 4.5.0)
 shiny                  1.10.0    2024-12-14 [2] CRAN (R 4.5.0)
 SingleCellExperiment * 1.30.1    2025-05-07 [2] Bioconductor 3.21 (R 4.5.0)
 sp                   * 2.2-0     2025-02-01 [2] CRAN (R 4.5.0)
 spam                   2.11-1    2025-01-20 [2] CRAN (R 4.5.0)
 SparseArray            1.8.0     2025-04-15 [2] Bioconductor 3.21 (R 4.5.0)
 spatstat.data          3.1-6     2025-03-17 [2] CRAN (R 4.5.0)
 spatstat.explore       3.4-3     2025-05-21 [2] CRAN (R 4.5.0)
 spatstat.geom          3.4-1     2025-05-20 [2] CRAN (R 4.5.0)
 spatstat.random        3.4-1     2025-05-20 [2] CRAN (R 4.5.0)
 spatstat.sparse        3.1-0     2024-06-21 [2] CRAN (R 4.5.0)
 spatstat.univar        3.1-3     2025-05-08 [2] CRAN (R 4.5.0)
 spatstat.utils         3.1-4     2025-05-15 [2] CRAN (R 4.5.0)
 stringi                1.8.7     2025-03-27 [2] CRAN (R 4.5.0)
 stringr                1.5.1     2023-11-14 [2] CRAN (R 4.5.0)
 SummarizedExperiment * 1.38.1    2025-04-30 [2] Bioconductor 3.21 (R 4.5.0)
 survival               3.8-3     2024-12-17 [3] CRAN (R 4.5.0)
 tensor                 1.5       2012-05-05 [2] CRAN (R 4.5.0)
 tibble                 3.2.1     2023-03-20 [2] CRAN (R 4.5.0)
 tidyr                  1.3.1     2024-01-24 [2] CRAN (R 4.5.0)
 tidyselect             1.2.1     2024-03-11 [2] CRAN (R 4.5.0)
 UCSC.utils             1.4.0     2025-04-15 [2] Bioconductor 3.21 (R 4.5.0)
 uwot                   0.2.3     2025-02-24 [2] CRAN (R 4.5.0)
 vctrs                  0.6.5     2023-12-01 [2] CRAN (R 4.5.0)
 viridisLite            0.4.2     2023-05-02 [2] CRAN (R 4.5.0)
 xtable                 1.8-4     2019-04-21 [2] CRAN (R 4.5.0)
 XVector                0.48.0    2025-04-15 [2] Bioconductor 3.21 (R 4.5.0)
 zoo                    1.8-14    2025-04-10 [2] CRAN (R 4.5.0)

 [1] /users/rphillip/R/4.5
 [2] /jhpce/shared/community/core/conda_R/4.5/R/lib64/R/site-library
 [3] /jhpce/shared/community/core/conda_R/4.5/R/lib64/R/library
 * ── Packages attached to the search path.

──────────────────────────────────────────────────────────────────────────────────────────────────────────────────────
********* Job Ends *********
Sat Jul 11 05:16:11 PM EDT 2026
