********* Job Starts *********
Tue Jul 14 09:44:31 AM EDT 2026
Loading conda_R/4.5
RcppML v0.5.5 using 'options(RcppML.threads = 0)' (all available threads), 'options(RcppML.verbose = FALSE)'
Loading required package: SeuratObject
Loading required package: sp

Attaching package: ‘SeuratObject’

The following objects are masked from ‘package:base’:

    intersect, t

here() starts at /dcs05/lieber/marmaypag/xenium_NAC_LIBD4125/xenium_NAC
Loading mouse Xenium Seurat object - 2026-07-14 09:44:36.695198
An object of class Seurat 
887 features across 1544589 samples within 5 assays 
Active assay: AreaNorm (347 features, 347 variable features)
 2 layers present: counts, data
 4 other assays present: Xenium, BlankCodeword, ControlCodeword, ControlProbe
 6 dimensional reductions calculated: BSKY_BANKSYharmony_l0.0.k30.d30, BSKY_BANKSYpca_l0.0.k30.d30, BSKY_UMAPBANKSYharmony_l0.0.k30.d30, BSKY_BANKSYharmony_l0.9.k30.d30, BSKY_BANKSYpca_l0.9.k30.d30, BSKY_UMAPBANKSYharmony_l0.9.k30.d30
 16 spatial fields of view present: fov fov.F2a fov.F1b fov.F2d fov.M1c fov.M1a fov.M1d fov.F1d fov.F2c fov.M2c fov.M2b fov.M2d fov.F2b fov.M1b fov.F1c fov.F1a
Normalizing layer: counts
Performing log-normalization
0%   10   20   30   40   50   60   70   80   90   100%
[----|----|----|----|----|----|----|----|----|----|
**************************************************|
Loading rat NMF results - 2026-07-14 09:49:59.262033
Preparing gene_df.
character format detected.
Converting to data.frame
Extracting genes from input_gene.
22,821 genes extracted.
Converting rat ==> mouse orthologs using: gprofiler
Retrieving all organisms available in gprofiler.
Using stored `gprofiler_orgs`.
Mapping species name: rat
Common name mapping found for rat
1 organism identified from search: rnorvegicus
Retrieving all organisms available in gprofiler.
Using stored `gprofiler_orgs`.
Mapping species name: mouse
Common name mapping found for mouse
1 organism identified from search: mmusculus
Checking for genes without orthologs in mouse.
Extracting genes from input_gene.
31,742 genes extracted.
Extracting genes from ortholog_gene.
31,742 genes extracted.
Dropping 5,629 NAs of all kinds from ortholog_gene.
Checking for genes without 1:1 orthologs.
Dropping 4,988 genes that have multiple input_gene per ortholog_gene (many:1).
Dropping 4,135 genes that have multiple ortholog_gene per input_gene (1:many).
Filtering gene_df with gene_map
Returning gene_map as dictionary

=========== REPORT SUMMARY ===========

Total genes dropped after convert_orthologs :
   7,488 / 22,821 (33%)
Total genes remaining after convert_orthologs :
   15,333 / 22,821 (67%)
Extracting log-normalized expression from Seurat object - 2026-07-14 09:50:06.498304
Projecting with RcppML::project (NNLS, non-negative) - 2026-07-14 09:50:12.382129
Saving raw and normalized projections - 2026-07-14 09:51:01.164892
Adding NMF projection to Seurat object - 2026-07-14 09:51:37.120578
Plotting 53 NMF patterns across 16 tissue sections - 2026-07-14 09:52:00.005452
>>> Finished nmf1 (16 sections) - 2026-07-14 09:54:13.298792
>>> Finished nmf2 (16 sections) - 2026-07-14 09:56:21.583662
>>> Finished nmf3 (16 sections) - 2026-07-14 09:58:36.75646
>>> Finished nmf4 (16 sections) - 2026-07-14 10:00:46.955917
>>> Finished nmf5 (16 sections) - 2026-07-14 10:02:56.294619
>>> Finished nmf6 (16 sections) - 2026-07-14 10:05:06.530982
>>> Finished nmf7 (16 sections) - 2026-07-14 10:07:17.921371
>>> Finished nmf8 (16 sections) - 2026-07-14 10:09:26.303511
>>> Finished nmf9 (16 sections) - 2026-07-14 10:11:39.311824
>>> Finished nmf10 (16 sections) - 2026-07-14 10:13:49.286598
>>> Finished nmf11 (16 sections) - 2026-07-14 10:15:57.400342
>>> Finished nmf12 (16 sections) - 2026-07-14 10:18:05.239685
>>> Finished nmf13 (16 sections) - 2026-07-14 10:20:14.707847
>>> Finished nmf14 (16 sections) - 2026-07-14 10:22:27.5664
>>> Finished nmf15 (16 sections) - 2026-07-14 10:24:36.084995
>>> Finished nmf16 (16 sections) - 2026-07-14 10:26:45.382224
>>> Finished nmf17 (16 sections) - 2026-07-14 10:28:54.680658
>>> Finished nmf18 (16 sections) - 2026-07-14 10:31:04.286523
>>> Finished nmf19 (16 sections) - 2026-07-14 10:33:18.1773
>>> Finished nmf20 (16 sections) - 2026-07-14 10:35:27.273788
>>> Finished nmf21 (16 sections) - 2026-07-14 10:37:36.963395
>>> Finished nmf22 (16 sections) - 2026-07-14 10:39:46.029931
>>> Finished nmf23 (16 sections) - 2026-07-14 10:41:55.301418
>>> Finished nmf24 (16 sections) - 2026-07-14 10:44:09.707577
>>> Finished nmf25 (16 sections) - 2026-07-14 10:46:19.494682
>>> Finished nmf26 (16 sections) - 2026-07-14 10:48:29.074805
>>> Finished nmf27 (16 sections) - 2026-07-14 10:50:37.558639
>>> Finished nmf28 (16 sections) - 2026-07-14 10:52:46.85672
>>> Finished nmf29 (16 sections) - 2026-07-14 10:55:02.193419
>>> Finished nmf30 (16 sections) - 2026-07-14 10:57:11.572352
>>> Finished nmf31 (16 sections) - 2026-07-14 10:59:23.074457
>>> Finished nmf32 (16 sections) - 2026-07-14 11:01:31.95901
>>> Finished nmf33 (16 sections) - 2026-07-14 11:03:41.99003
>>> Finished nmf34 (16 sections) - 2026-07-14 11:05:41.840438
>>> Finished nmf35 (16 sections) - 2026-07-14 11:07:49.483965
>>> Finished nmf36 (16 sections) - 2026-07-14 11:09:53.431679
>>> Finished nmf37 (16 sections) - 2026-07-14 11:11:56.296737
>>> Finished nmf38 (16 sections) - 2026-07-14 11:13:58.101489
>>> Finished nmf39 (16 sections) - 2026-07-14 11:16:07.899185
>>> Finished nmf40 (16 sections) - 2026-07-14 11:18:26.304672
>>> Finished nmf41 (16 sections) - 2026-07-14 11:20:40.241278
>>> Finished nmf42 (16 sections) - 2026-07-14 11:22:54.243507
>>> Finished nmf43 (16 sections) - 2026-07-14 11:25:08.281183
>>> Finished nmf44 (16 sections) - 2026-07-14 11:27:23.40607
>>> Finished nmf45 (16 sections) - 2026-07-14 11:29:41.361979
>>> Finished nmf46 (16 sections) - 2026-07-14 11:31:58.685554
>>> Finished nmf47 (16 sections) - 2026-07-14 11:34:11.655017
>>> Finished nmf48 (16 sections) - 2026-07-14 11:36:26.371071
>>> Finished nmf49 (16 sections) - 2026-07-14 11:38:41.478369
>>> Finished nmf50 (16 sections) - 2026-07-14 11:40:59.725298
>>> Finished nmf51 (16 sections) - 2026-07-14 11:43:14.771816
>>> Finished nmf52 (16 sections) - 2026-07-14 11:45:30.071333
>>> Finished nmf53 (16 sections) - 2026-07-14 11:47:44.233285
Saving Seurat object with NMF projection - 2026-07-14 11:47:44.234018

Reproducibility information:
[1] "2026-07-14 12:31:27 EDT"
     user    system   elapsed 
 9773.407   177.949 10015.041 
─ Session info ───────────────────────────────────────────────────────────────────────────────────────────────────────
 setting  value
 version  R version 4.5.0 Patched (2025-05-21 r88220)
 os       Rocky Linux 9.4 (Blue Onyx)
 system   x86_64, linux-gnu
 ui       X11
 language (EN)
 collate  en_US.UTF-8
 ctype    en_US.UTF-8
 tz       US/Eastern
 date     2026-07-14
 pandoc   3.7.0.1 @ /jhpce/shared/community/core/conda_R/4.5/bin/pandoc
 quarto   NA

─ Packages ───────────────────────────────────────────────────────────────────────────────────────────────────────────
 ! package          * version        date (UTC) lib source
   abind              1.4-8          2024-09-12 [2] CRAN (R 4.5.0)
   ape                5.8-1          2024-12-16 [1] CRAN (R 4.5.0)
   aplot              0.2.7          2025-06-21 [1] CRAN (R 4.5.0)
   babelgene          22.9           2022-09-29 [1] CRAN (R 4.5.0)
   backports          1.5.0          2024-05-23 [2] CRAN (R 4.5.0)
   bitops             1.0-9          2024-10-03 [2] CRAN (R 4.5.0)
   broom              1.0.8          2025-03-28 [2] CRAN (R 4.5.0)
   car                3.1-3          2024-09-27 [2] CRAN (R 4.5.0)
   carData            3.0-5          2022-01-06 [2] CRAN (R 4.5.0)
   cli                3.6.5          2025-04-23 [2] CRAN (R 4.5.0)
   cluster            2.1.8.1        2025-03-12 [3] CRAN (R 4.5.0)
   codetools          0.2-20         2024-03-31 [3] CRAN (R 4.5.0)
   cowplot            1.1.3          2024-01-22 [2] CRAN (R 4.5.0)
   data.table         1.17.2         2025-05-12 [2] CRAN (R 4.5.0)
   deldir             2.0-4          2024-02-28 [2] CRAN (R 4.5.0)
   dichromat          2.0-0.1        2022-05-02 [2] CRAN (R 4.5.0)
   digest             0.6.37         2024-08-19 [2] CRAN (R 4.5.0)
   dotCall64          1.2            2024-10-04 [2] CRAN (R 4.5.0)
   dplyr              1.1.4          2023-11-17 [2] CRAN (R 4.5.0)
   evaluate           1.0.3          2025-01-10 [2] CRAN (R 4.5.0)
   farver             2.1.2          2024-05-13 [2] CRAN (R 4.5.0)
   fastDummies        1.7.5          2025-01-20 [2] CRAN (R 4.5.0)
   fastmap            1.2.0          2024-05-15 [2] CRAN (R 4.5.0)
   fitdistrplus       1.2-2          2025-01-07 [2] CRAN (R 4.5.0)
   Formula            1.2-5          2023-02-24 [2] CRAN (R 4.5.0)
   fs                 1.6.6          2025-04-12 [2] CRAN (R 4.5.0)
   future             1.49.0         2025-05-09 [2] CRAN (R 4.5.0)
   future.apply       1.11.3         2024-10-27 [2] CRAN (R 4.5.0)
   generics           0.1.4          2025-05-09 [2] CRAN (R 4.5.0)
   ggfun              0.1.8          2024-12-03 [2] CRAN (R 4.5.0)
   ggplot2          * 3.5.2          2025-04-09 [2] CRAN (R 4.5.0)
   ggplotify          0.1.2          2023-08-09 [1] CRAN (R 4.5.0)
   ggpubr             0.6.0          2023-02-10 [2] CRAN (R 4.5.0)
   ggrepel            0.9.6          2024-09-07 [2] CRAN (R 4.5.0)
   ggridges           0.5.6          2024-01-23 [2] CRAN (R 4.5.0)
   ggsignif           0.6.4          2022-10-13 [2] CRAN (R 4.5.0)
   ggtree             3.16.0         2025-04-15 [1] Bioconductor 3.21 (R 4.5.0)
   globals            0.18.0         2025-05-08 [2] CRAN (R 4.5.0)
   glue               1.8.0          2024-09-30 [2] CRAN (R 4.5.0)
   goftest            1.2-3          2021-10-07 [2] CRAN (R 4.5.0)
   gprofiler2         0.2.3          2024-02-23 [1] CRAN (R 4.5.0)
   gridExtra          2.3            2017-09-09 [2] CRAN (R 4.5.0)
   gridGraphics       0.5-1          2020-12-13 [1] CRAN (R 4.5.0)
   grr                0.9.5          2016-08-26 [1] CRAN (R 4.5.0)
   gtable             0.3.6          2024-10-25 [2] CRAN (R 4.5.0)
   here             * 1.0.1          2020-12-13 [2] CRAN (R 4.5.0)
   homologene         1.4.68.19.3.27 2019-03-28 [1] CRAN (R 4.5.0)
   htmltools          0.5.8.1        2024-04-04 [2] CRAN (R 4.5.0)
   htmlwidgets        1.6.4          2023-12-06 [2] CRAN (R 4.5.0)
   httpuv             1.6.16         2025-04-16 [2] CRAN (R 4.5.0)
   httr               1.4.7          2023-08-15 [2] CRAN (R 4.5.0)
   ica                1.0-3          2022-07-08 [2] CRAN (R 4.5.0)
   igraph             2.1.4          2025-01-23 [2] CRAN (R 4.5.0)
   irlba              2.3.5.1        2022-10-03 [2] CRAN (R 4.5.0)
   jsonlite           2.0.0          2025-03-27 [2] CRAN (R 4.5.0)
   KernSmooth         2.23-26        2025-01-01 [3] CRAN (R 4.5.0)
   knitr              1.50           2025-03-16 [2] CRAN (R 4.5.0)
   labeling           0.4.3          2023-08-29 [2] CRAN (R 4.5.0)
   later              1.4.2          2025-04-08 [2] CRAN (R 4.5.0)
   lattice            0.22-7         2025-04-02 [3] CRAN (R 4.5.0)
   lazyeval           0.2.2          2019-03-15 [2] CRAN (R 4.5.0)
   lifecycle          1.0.4          2023-11-07 [2] CRAN (R 4.5.0)
   listenv            0.9.1          2024-01-29 [2] CRAN (R 4.5.0)
   lmtest             0.9-40         2022-03-21 [2] CRAN (R 4.5.0)
   magrittr           2.0.3          2022-03-30 [2] CRAN (R 4.5.0)
   MASS               7.3-65         2025-02-28 [3] CRAN (R 4.5.0)
   Matrix           * 1.7-3          2025-03-11 [3] CRAN (R 4.5.0)
   matrixStats        1.5.0          2025-01-07 [2] CRAN (R 4.5.0)
   mime               0.13           2025-03-17 [2] CRAN (R 4.5.0)
   miniUI             0.1.2          2025-04-17 [2] CRAN (R 4.5.0)
   nlme               3.1-168        2025-03-31 [3] CRAN (R 4.5.0)
   orthogene        * 1.14.0         2025-04-15 [1] Bioconductor 3.21 (R 4.5.0)
   parallelly         1.44.0         2025-05-07 [2] CRAN (R 4.5.0)
   patchwork          1.3.0          2024-09-16 [2] CRAN (R 4.5.0)
   pbapply            1.7-2          2023-06-27 [2] CRAN (R 4.5.0)
   pillar             1.10.2         2025-04-05 [2] CRAN (R 4.5.0)
   pkgconfig          2.0.3          2019-09-22 [2] CRAN (R 4.5.0)
   plotly             4.10.4         2024-01-13 [2] CRAN (R 4.5.0)
   plyr               1.8.9          2023-10-02 [2] CRAN (R 4.5.0)
   png                0.1-8          2022-11-29 [2] CRAN (R 4.5.0)
   polyclip           1.10-7         2024-07-23 [2] CRAN (R 4.5.0)
   progressr          0.15.1         2024-11-22 [2] CRAN (R 4.5.0)
   promises           1.3.2          2024-11-28 [2] CRAN (R 4.5.0)
   purrr              1.0.4          2025-02-05 [2] CRAN (R 4.5.0)
   R6                 2.6.1          2025-02-15 [2] CRAN (R 4.5.0)
   ragg               1.4.0          2025-04-10 [2] CRAN (R 4.5.0)
   RANN               2.6.2          2024-08-25 [2] CRAN (R 4.5.0)
   rappdirs           0.3.3          2021-01-31 [2] CRAN (R 4.5.0)
   RColorBrewer       1.1-3          2022-04-03 [2] CRAN (R 4.5.0)
   Rcpp               1.1.1-1.1      2026-04-24 [1] CRAN (R 4.5.0)
   RcppAnnoy          0.0.22         2024-01-23 [2] CRAN (R 4.5.0)
   RcppHNSW           0.6.0          2024-02-04 [2] CRAN (R 4.5.0)
 P RcppML           * 0.5.6          2026-01-08 [?] Github (zdebruine/RcppML@5449a5b)
   RCurl              1.98-1.17      2025-03-22 [2] CRAN (R 4.5.0)
   reshape2           1.4.4          2020-04-09 [2] CRAN (R 4.5.0)
   reticulate         1.42.0         2025-03-25 [2] CRAN (R 4.5.0)
   rlang              1.1.6          2025-04-11 [2] CRAN (R 4.5.0)
   ROCR               1.0-11         2020-05-02 [2] CRAN (R 4.5.0)
   rprojroot          2.0.4          2023-11-05 [2] CRAN (R 4.5.0)
   RSpectra           0.16-2         2024-07-18 [2] CRAN (R 4.5.0)
   rstatix            0.7.2          2023-02-01 [2] CRAN (R 4.5.0)
   Rtsne              0.17           2023-12-07 [2] CRAN (R 4.5.0)
   scales             1.4.0          2025-04-24 [2] CRAN (R 4.5.0)
   scattermore        1.2            2023-06-12 [2] CRAN (R 4.5.0)
   sctransform        0.4.2          2025-04-30 [2] CRAN (R 4.5.0)
   sessioninfo        1.2.3          2025-02-05 [2] CRAN (R 4.5.0)
   Seurat           * 5.3.0          2025-04-23 [2] CRAN (R 4.5.0)
   SeuratObject     * 5.1.0          2025-04-22 [2] CRAN (R 4.5.0)
   shiny              1.10.0         2024-12-14 [2] CRAN (R 4.5.0)
   sp               * 2.2-0          2025-02-01 [2] CRAN (R 4.5.0)
   spam               2.11-1         2025-01-20 [2] CRAN (R 4.5.0)
   spatstat.data      3.1-6          2025-03-17 [2] CRAN (R 4.5.0)
   spatstat.explore   3.4-3          2025-05-21 [2] CRAN (R 4.5.0)
   spatstat.geom      3.4-1          2025-05-20 [2] CRAN (R 4.5.0)
   spatstat.random    3.4-1          2025-05-20 [2] CRAN (R 4.5.0)
   spatstat.sparse    3.1-0          2024-06-21 [2] CRAN (R 4.5.0)
   spatstat.univar    3.1-3          2025-05-08 [2] CRAN (R 4.5.0)
   spatstat.utils     3.1-4          2025-05-15 [2] CRAN (R 4.5.0)
   stringi            1.8.7          2025-03-27 [2] CRAN (R 4.5.0)
   stringr            1.5.1          2023-11-14 [2] CRAN (R 4.5.0)
   survival           3.8-3          2024-12-17 [3] CRAN (R 4.5.0)
   systemfonts        1.2.3          2025-04-30 [2] CRAN (R 4.5.0)
   tensor             1.5            2012-05-05 [2] CRAN (R 4.5.0)
   textshaping        1.0.1          2025-05-01 [2] CRAN (R 4.5.0)
   tibble             3.2.1          2023-03-20 [2] CRAN (R 4.5.0)
   tidyr              1.3.1          2024-01-24 [2] CRAN (R 4.5.0)
   tidyselect         1.2.1          2024-03-11 [2] CRAN (R 4.5.0)
   tidytree           0.4.6          2023-12-12 [1] CRAN (R 4.5.0)
   treeio             1.32.0         2025-04-15 [1] Bioconductor 3.21 (R 4.5.0)
   uwot               0.2.3          2025-02-24 [2] CRAN (R 4.5.0)
   vctrs              0.6.5          2023-12-01 [2] CRAN (R 4.5.0)
   viridisLite        0.4.2          2023-05-02 [2] CRAN (R 4.5.0)
   withr              3.0.2          2024-10-28 [2] CRAN (R 4.5.0)
   xfun               0.52           2025-04-02 [2] CRAN (R 4.5.0)
   xtable             1.8-4          2019-04-21 [2] CRAN (R 4.5.0)
   yulab.utils        0.2.4          2026-02-02 [1] CRAN (R 4.5.0)
   zoo                1.8-14         2025-04-10 [2] CRAN (R 4.5.0)

 [1] /users/rphillip/R/4.5
 [2] /jhpce/shared/community/core/conda_R/4.5/R/lib64/R/site-library
 [3] /jhpce/shared/community/core/conda_R/4.5/R/lib64/R/library

 * ── Packages attached to the search path.
 P ── Loaded and on-disk path mismatch.

──────────────────────────────────────────────────────────────────────────────────────────────────────────────────────
********* Job Ends *********
Tue Jul 14 12:31:29 PM EDT 2026
