********* Job Starts *********
Wed Jun 17 11:38:38 AM EDT 2026
Loading conda_R/4.5

Attaching package: ‘SpatialFeatureExperiment’

The following object is masked from ‘package:base’:

    scale

Loading required package: SummarizedExperiment
Loading required package: MatrixGenerics
Loading required package: matrixStats

Attaching package: ‘MatrixGenerics’

The following objects are masked from ‘package:matrixStats’:

    colAlls, colAnyNAs, colAnys, colAvgsPerRowSet, colCollapse,
    colCounts, colCummaxs, colCummins, colCumprods, colCumsums,
    colDiffs, colIQRDiffs, colIQRs, colLogSumExps, colMadDiffs,
    colMads, colMaxs, colMeans2, colMedians, colMins, colOrderStats,
    colProds, colQuantiles, colRanges, colRanks, colSdDiffs, colSds,
    colSums2, colTabulates, colVarDiffs, colVars, colWeightedMads,
    colWeightedMeans, colWeightedMedians, colWeightedSds,
    colWeightedVars, rowAlls, rowAnyNAs, rowAnys, rowAvgsPerColSet,
    rowCollapse, rowCounts, rowCummaxs, rowCummins, rowCumprods,
    rowCumsums, rowDiffs, rowIQRDiffs, rowIQRs, rowLogSumExps,
    rowMadDiffs, rowMads, rowMaxs, rowMeans2, rowMedians, rowMins,
    rowOrderStats, rowProds, rowQuantiles, rowRanges, rowRanks,
    rowSdDiffs, rowSds, rowSums2, rowTabulates, rowVarDiffs, rowVars,
    rowWeightedMads, rowWeightedMeans, rowWeightedMedians,
    rowWeightedSds, rowWeightedVars

Loading required package: GenomicRanges
Loading required package: stats4
Loading required package: BiocGenerics
Loading required package: generics

Attaching package: ‘generics’

The following objects are masked from ‘package:base’:

    as.difftime, as.factor, as.ordered, intersect, is.element, setdiff,
    setequal, union


Attaching package: ‘BiocGenerics’

The following objects are masked from ‘package:stats’:

    IQR, mad, sd, var, xtabs

The following objects are masked from ‘package:base’:

    anyDuplicated, aperm, append, as.data.frame, basename, cbind,
    colnames, dirname, do.call, duplicated, eval, evalq, Filter, Find,
    get, grep, grepl, is.unsorted, lapply, Map, mapply, match, mget,
    order, paste, pmax, pmax.int, pmin, pmin.int, Position, rank,
    rbind, Reduce, rownames, sapply, saveRDS, table, tapply, unique,
    unsplit, which.max, which.min

Loading required package: S4Vectors

Attaching package: ‘S4Vectors’

The following object is masked from ‘package:utils’:

    findMatches

The following objects are masked from ‘package:base’:

    expand.grid, I, unname

Loading required package: IRanges
Loading required package: GenomeInfoDb
Loading required package: Biobase
Welcome to Bioconductor

    Vignettes contain introductory material; view with
    'browseVignettes()'. To cite Bioconductor, see
    'citation("Biobase")', and for packages 'citation("pkgname")'.


Attaching package: ‘Biobase’

The following object is masked from ‘package:MatrixGenerics’:

    rowMedians

The following objects are masked from ‘package:matrixStats’:

    anyMissing, rowMedians

Loading required package: grid

Attaching package: ‘grid’

The following object is masked from ‘package:SpatialFeatureExperiment’:

    unit

========================================
ComplexHeatmap version 2.24.0
Bioconductor page: http://bioconductor.org/packages/ComplexHeatmap/
Github page: https://github.com/jokergoo/ComplexHeatmap
Documentation: http://jokergoo.github.io/ComplexHeatmap-reference

If you use it in published research, please cite either one:
- Gu, Z. Complex Heatmap Visualization. iMeta 2022.
- Gu, Z. Complex heatmaps reveal patterns and correlations in multidimensional 
    genomic data. Bioinformatics 2016.


The new InteractiveComplexHeatmap package can directly export static 
complex heatmaps into an interactive Shiny app with zero effort. Have a try!

This message can be suppressed by:
  suppressPackageStartupMessages(library(ComplexHeatmap))
========================================

Loading required package: SparseArray
Loading required package: Matrix

Attaching package: ‘Matrix’

The following object is masked from ‘package:S4Vectors’:

    expand

Loading required package: S4Arrays
Loading required package: abind

Attaching package: ‘S4Arrays’

The following object is masked from ‘package:abind’:

    abind

The following object is masked from ‘package:base’:

    rowsum

Loading required package: DelayedArray

Attaching package: ‘DelayedArray’

The following object is masked from ‘package:SpatialFeatureExperiment’:

    scale

The following objects are masked from ‘package:base’:

    apply, scale, sweep

Loading required package: h5mread
Loading required package: rhdf5

Attaching package: ‘h5mread’

The following object is masked from ‘package:rhdf5’:

    h5ls

Loading required package: ggplot2

Attaching package: ‘ggplot2’

The following object is masked from ‘package:SpatialFeatureExperiment’:

    unit

here() starts at /dcs05/lieber/marmaypag/xenium_NAC_LIBD4125/xenium_NAC
2026-06-17 11:39:31.75935 | Plotting: H1-XKYDCP3_A1
Scale for fill is already present.
Adding another scale for fill, which will replace the existing scale.
2026-06-17 11:39:36.019337 | Plotting: H1-XKYDCP3_D1
Scale for fill is already present.
Adding another scale for fill, which will replace the existing scale.
2026-06-17 11:39:37.770654 | Plotting: H1-M3TCP9V_A1
Scale for fill is already present.
Adding another scale for fill, which will replace the existing scale.
2026-06-17 11:39:39.866249 | Plotting: H1-M3TCP9V_D1
Scale for fill is already present.
Adding another scale for fill, which will replace the existing scale.
2026-06-17 11:39:43.208745 | Plotting: H1-8MTH2TQ_A1
Scale for fill is already present.
Adding another scale for fill, which will replace the existing scale.
2026-06-17 11:39:45.242056 | Plotting: H1-8MTH2TQ_D1
Scale for fill is already present.
Adding another scale for fill, which will replace the existing scale.
2026-06-17 11:39:47.330196 | Plotting: H1-XNQ4F2B_A1
Scale for fill is already present.
Adding another scale for fill, which will replace the existing scale.
2026-06-17 11:39:49.389572 | Plotting: H1-XNQ4F2B_D1
Scale for fill is already present.
Adding another scale for fill, which will replace the existing scale.
[1]     55 439445
null device 
          1 
R version 4.5.0 Patched (2025-05-21 r88220)
Platform: x86_64-conda-linux-gnu
Running under: Rocky Linux 9.4 (Blue Onyx)

Matrix products: default
BLAS:   /jhpce/shared/community/core/conda_R/4.5/R/lib64/R/lib/libRblas.so 
LAPACK: /jhpce/shared/community/core/conda_R/4.5/R/lib64/R/lib/libRlapack.so;  LAPACK version 3.12.1

locale:
 [1] LC_CTYPE=en_US.UTF-8       LC_NUMERIC=C              
 [3] LC_TIME=en_US.UTF-8        LC_COLLATE=en_US.UTF-8    
 [5] LC_MONETARY=en_US.UTF-8    LC_MESSAGES=en_US.UTF-8   
 [7] LC_PAPER=en_US.UTF-8       LC_NAME=C                 
 [9] LC_ADDRESS=C               LC_TELEPHONE=C            
[11] LC_MEASUREMENT=en_US.UTF-8 LC_IDENTIFICATION=C       

time zone: US/Eastern
tzcode source: system (glibc)

attached base packages:
[1] grid      stats4    stats     graphics  grDevices utils     datasets 
[8] methods   base     

other attached packages:
 [1] here_1.0.1                      escheR_1.8.0                   
 [3] ggplot2_3.5.2                   HDF5Array_1.36.0               
 [5] h5mread_1.0.0                   rhdf5_2.52.0                   
 [7] DelayedArray_0.34.1             SparseArray_1.8.0              
 [9] S4Arrays_1.8.0                  abind_1.4-8                    
[11] Matrix_1.7-3                    sessioninfo_1.2.3              
[13] ComplexHeatmap_2.24.0           SpatialExperiment_1.18.1       
[15] SingleCellExperiment_1.30.1     SummarizedExperiment_1.38.1    
[17] Biobase_2.68.0                  GenomicRanges_1.60.0           
[19] GenomeInfoDb_1.44.0             IRanges_2.42.0                 
[21] S4Vectors_0.48.1                BiocGenerics_0.54.0            
[23] generics_0.1.4                  MatrixGenerics_1.20.0          
[25] matrixStats_1.5.0               SpatialFeatureExperiment_1.10.1

loaded via a namespace (and not attached):
  [1] RColorBrewer_1.1-3        jsonlite_2.0.0           
  [3] shape_1.4.6.1             wk_0.9.4                 
  [5] magrittr_2.0.3            TH.data_1.1-3            
  [7] magick_2.8.6              farver_2.1.2             
  [9] GlobalOptions_0.1.2       ragg_1.4.0               
 [11] vctrs_0.6.5               spdep_1.3-11             
 [13] Cairo_1.6-2               DelayedMatrixStats_1.30.0
 [15] RCurl_1.98-1.17           terra_1.8-50             
 [17] htmltools_0.5.8.1         BiocNeighbors_2.2.0      
 [19] Rhdf5lib_1.30.0           s2_1.1.8                 
 [21] LearnBayes_2.15.1         spData_2.3.4             
 [23] KernSmooth_2.23-26        htmlwidgets_1.6.4        
 [25] sandwich_3.1-1            zoo_1.8-14               
 [27] lifecycle_1.0.4           iterators_1.0.14         
 [29] pkgconfig_2.0.3           R6_2.6.1                 
 [31] fastmap_1.2.0             GenomeInfoDbData_1.2.14  
 [33] clue_0.3-66               digest_0.6.37            
 [35] colorspace_2.1-1          rprojroot_2.0.4          
 [37] dqrng_0.4.1               textshaping_1.0.1        
 [39] beachmat_2.24.0           labeling_0.4.3           
 [41] spatialreg_1.3-6          httr_1.4.7               
 [43] compiler_4.5.0            proxy_0.4-27             
 [45] withr_3.0.2               doParallel_1.0.17        
 [47] tiff_0.1-12               BiocParallel_1.42.0      
 [49] DBI_1.2.3                 R.utils_2.13.0           
 [51] MASS_7.3-65               rjson_0.2.23             
 [53] classInt_0.4-11           tools_4.5.0              
 [55] units_0.8-7               R.oo_1.27.1              
 [57] glue_1.8.0                nlme_3.1-168             
 [59] EBImage_4.50.0            rhdf5filters_1.20.0      
 [61] sf_1.0-21                 cluster_2.1.8.1          
 [63] gtable_0.3.6              R.methodsS3_1.8.2        
 [65] class_7.3-23              data.table_1.17.2        
 [67] sp_2.2-0                  XVector_0.48.0           
 [69] foreach_1.5.2             pillar_1.10.2            
 [71] limma_3.64.3              circlize_0.4.16          
 [73] splines_4.5.0             dplyr_1.1.4              
 [75] lattice_0.22-7            survival_3.8-3           
 [77] deldir_2.0-4              tidyselect_1.2.1         
 [79] locfit_1.5-9.12           scuttle_1.18.0           
 [81] sfheaders_0.4.4           edgeR_4.6.2              
 [83] statmod_1.5.0             DropletUtils_1.28.0      
 [85] UCSC.utils_1.4.0          fftwtools_0.9-11         
 [87] boot_1.3-31               codetools_0.2-20         
 [89] tibble_3.2.1              cli_3.6.5                
 [91] systemfonts_1.2.3         dichromat_2.0-0.1        
 [93] Rcpp_1.1.1-1.1            zeallot_0.1.0            
 [95] coda_0.19-4.1             png_0.1-8                
 [97] parallel_4.5.0            jpeg_0.1-11              
 [99] sparseMatrixStats_1.20.0  bitops_1.0-9             
[101] mvtnorm_1.3-3             scales_1.4.0             
[103] e1071_1.7-16              crayon_1.5.3             
[105] GetoptLong_1.0.5          rlang_1.1.6              
[107] multcomp_1.4-28          
********* Job Ends *********
Wed Jun 17 12:23:06 PM EDT 2026
