********* Job Starts *********
Tue Jun 30 06:38:16 PM EDT 2026
Loading conda_R/4.5

Attaching package: ‘SpatialFeatureExperiment’

The following object is masked from ‘package:base’:

    scale

Loading required package: SummarizedExperiment
Loading required package: MatrixGenerics
Loading required package: matrixStats

Attaching package: ‘MatrixGenerics’

The following objects are masked from ‘package:matrixStats’:

    colAlls, colAnyNAs, colAnys, colAvgsPerRowSet, colCollapse,
    colCounts, colCummaxs, colCummins, colCumprods, colCumsums,
    colDiffs, colIQRDiffs, colIQRs, colLogSumExps, colMadDiffs,
    colMads, colMaxs, colMeans2, colMedians, colMins, colOrderStats,
    colProds, colQuantiles, colRanges, colRanks, colSdDiffs, colSds,
    colSums2, colTabulates, colVarDiffs, colVars, colWeightedMads,
    colWeightedMeans, colWeightedMedians, colWeightedSds,
    colWeightedVars, rowAlls, rowAnyNAs, rowAnys, rowAvgsPerColSet,
    rowCollapse, rowCounts, rowCummaxs, rowCummins, rowCumprods,
    rowCumsums, rowDiffs, rowIQRDiffs, rowIQRs, rowLogSumExps,
    rowMadDiffs, rowMads, rowMaxs, rowMeans2, rowMedians, rowMins,
    rowOrderStats, rowProds, rowQuantiles, rowRanges, rowRanks,
    rowSdDiffs, rowSds, rowSums2, rowTabulates, rowVarDiffs, rowVars,
    rowWeightedMads, rowWeightedMeans, rowWeightedMedians,
    rowWeightedSds, rowWeightedVars

Loading required package: GenomicRanges
Loading required package: stats4
Loading required package: BiocGenerics
Loading required package: generics

Attaching package: ‘generics’

The following objects are masked from ‘package:base’:

    as.difftime, as.factor, as.ordered, intersect, is.element, setdiff,
    setequal, union


Attaching package: ‘BiocGenerics’

The following objects are masked from ‘package:stats’:

    IQR, mad, sd, var, xtabs

The following objects are masked from ‘package:base’:

    anyDuplicated, aperm, append, as.data.frame, basename, cbind,
    colnames, dirname, do.call, duplicated, eval, evalq, Filter, Find,
    get, grep, grepl, is.unsorted, lapply, Map, mapply, match, mget,
    order, paste, pmax, pmax.int, pmin, pmin.int, Position, rank,
    rbind, Reduce, rownames, sapply, saveRDS, table, tapply, unique,
    unsplit, which.max, which.min

Loading required package: S4Vectors

Attaching package: ‘S4Vectors’

The following object is masked from ‘package:utils’:

    findMatches

The following objects are masked from ‘package:base’:

    expand.grid, I, unname

Loading required package: IRanges
Loading required package: GenomeInfoDb
Loading required package: Biobase
Welcome to Bioconductor

    Vignettes contain introductory material; view with
    'browseVignettes()'. To cite Bioconductor, see
    'citation("Biobase")', and for packages 'citation("pkgname")'.


Attaching package: ‘Biobase’

The following object is masked from ‘package:MatrixGenerics’:

    rowMedians

The following objects are masked from ‘package:matrixStats’:

    anyMissing, rowMedians

Loading required package: SparseArray
Loading required package: Matrix

Attaching package: ‘Matrix’

The following object is masked from ‘package:S4Vectors’:

    expand

Loading required package: S4Arrays
Loading required package: abind

Attaching package: ‘S4Arrays’

The following object is masked from ‘package:abind’:

    abind

The following object is masked from ‘package:base’:

    rowsum

Loading required package: DelayedArray

Attaching package: ‘DelayedArray’

The following object is masked from ‘package:SpatialFeatureExperiment’:

    scale

The following objects are masked from ‘package:base’:

    apply, scale, sweep

Loading required package: h5mread
Loading required package: rhdf5

Attaching package: ‘h5mread’

The following object is masked from ‘package:rhdf5’:

    h5ls

here() starts at /dcs05/lieber/marmaypag/xenium_NAC_LIBD4125/xenium_NAC
[1] 18132   160
R version 4.5.0 Patched (2025-05-21 r88220)
Platform: x86_64-conda-linux-gnu
Running under: Rocky Linux 9.4 (Blue Onyx)

Matrix products: default
BLAS:   /jhpce/shared/community/core/conda_R/4.5/R/lib64/R/lib/libRblas.so 
LAPACK: /jhpce/shared/community/core/conda_R/4.5/R/lib64/R/lib/libRlapack.so;  LAPACK version 3.12.1

locale:
 [1] LC_CTYPE=en_US.UTF-8       LC_NUMERIC=C              
 [3] LC_TIME=en_US.UTF-8        LC_COLLATE=en_US.UTF-8    
 [5] LC_MONETARY=en_US.UTF-8    LC_MESSAGES=en_US.UTF-8   
 [7] LC_PAPER=en_US.UTF-8       LC_NAME=C                 
 [9] LC_ADDRESS=C               LC_TELEPHONE=C            
[11] LC_MEASUREMENT=en_US.UTF-8 LC_IDENTIFICATION=C       

time zone: US/Eastern
tzcode source: system (glibc)

attached base packages:
[1] stats4    stats     graphics  grDevices utils     datasets  methods  
[8] base     

other attached packages:
 [1] here_1.0.1                      scuttle_1.18.0                 
 [3] HDF5Array_1.36.0                h5mread_1.0.0                  
 [5] rhdf5_2.52.0                    DelayedArray_0.34.1            
 [7] SparseArray_1.8.0               S4Arrays_1.8.0                 
 [9] abind_1.4-8                     Matrix_1.7-3                   
[11] SingleCellExperiment_1.30.1     SummarizedExperiment_1.38.1    
[13] Biobase_2.68.0                  GenomicRanges_1.60.0           
[15] GenomeInfoDb_1.44.0             IRanges_2.42.0                 
[17] S4Vectors_0.48.1                BiocGenerics_0.54.0            
[19] generics_0.1.4                  MatrixGenerics_1.20.0          
[21] matrixStats_1.5.0               SpatialFeatureExperiment_1.10.1

loaded via a namespace (and not attached):
 [1] EBImage_4.50.0            R.utils_2.13.0           
 [3] bitops_1.0-9              fastmap_1.2.0            
 [5] RCurl_1.98-1.17           TH.data_1.1-3            
 [7] digest_0.6.37             lifecycle_1.0.4          
 [9] sf_1.0-21                 LearnBayes_2.15.1        
[11] survival_3.8-3            statmod_1.5.0            
[13] terra_1.8-50              magrittr_2.0.3           
[15] compiler_4.5.0            rlang_1.1.6              
[17] tools_4.5.0               data.table_1.17.2        
[19] dqrng_0.4.1               htmlwidgets_1.6.4        
[21] sp_2.2-0                  classInt_0.4-11          
[23] multcomp_1.4-28           BiocParallel_1.42.0      
[25] KernSmooth_2.23-26        R.oo_1.27.1              
[27] grid_4.5.0                beachmat_2.24.0          
[29] e1071_1.7-16              Rhdf5lib_1.30.0          
[31] edgeR_4.6.2               MASS_7.3-65              
[33] zeallot_0.1.0             mvtnorm_1.3-3            
[35] cli_3.6.5                 crayon_1.5.3             
[37] httr_1.4.7                rjson_0.2.23             
[39] DelayedMatrixStats_1.30.0 spdep_1.3-11             
[41] DBI_1.2.3                 proxy_0.4-27             
[43] splines_4.5.0             spatialreg_1.3-6         
[45] parallel_4.5.0            s2_1.1.8                 
[47] XVector_0.48.0            tiff_0.1-12              
[49] sandwich_3.1-1            boot_1.3-31              
[51] jsonlite_2.0.0            spData_2.3.4             
[53] fftwtools_0.9-11          BiocNeighbors_2.2.0      
[55] jpeg_0.1-11               magick_2.8.6             
[57] locfit_1.5-9.12           limma_3.64.3             
[59] units_0.8-7               DropletUtils_1.28.0      
[61] codetools_0.2-20          deldir_2.0-4             
[63] UCSC.utils_1.4.0          htmltools_0.5.8.1        
[65] rhdf5filters_1.20.0       GenomeInfoDbData_1.2.14  
[67] R6_2.6.1                  wk_0.9.4                 
[69] sparseMatrixStats_1.20.0  sfheaders_0.4.4          
[71] rprojroot_2.0.4           lattice_0.22-7           
[73] R.methodsS3_1.8.2         png_0.1-8                
[75] SpatialExperiment_1.18.1  class_7.3-23             
[77] Rcpp_1.1.1-1.1            nlme_3.1-168             
[79] coda_0.19-4.1             zoo_1.8-14               
********* Job Ends *********
Tue Jun 30 07:14:11 PM EDT 2026
