********* Job Starts *********
Wed Jun 24 12:55:48 PM EDT 2026
Loading conda_R/4.5

Attaching package: ‘SpatialFeatureExperiment’

The following object is masked from ‘package:base’:

    scale

Loading required package: SummarizedExperiment
Loading required package: MatrixGenerics
Loading required package: matrixStats

Attaching package: ‘MatrixGenerics’

The following objects are masked from ‘package:matrixStats’:

    colAlls, colAnyNAs, colAnys, colAvgsPerRowSet, colCollapse,
    colCounts, colCummaxs, colCummins, colCumprods, colCumsums,
    colDiffs, colIQRDiffs, colIQRs, colLogSumExps, colMadDiffs,
    colMads, colMaxs, colMeans2, colMedians, colMins, colOrderStats,
    colProds, colQuantiles, colRanges, colRanks, colSdDiffs, colSds,
    colSums2, colTabulates, colVarDiffs, colVars, colWeightedMads,
    colWeightedMeans, colWeightedMedians, colWeightedSds,
    colWeightedVars, rowAlls, rowAnyNAs, rowAnys, rowAvgsPerColSet,
    rowCollapse, rowCounts, rowCummaxs, rowCummins, rowCumprods,
    rowCumsums, rowDiffs, rowIQRDiffs, rowIQRs, rowLogSumExps,
    rowMadDiffs, rowMads, rowMaxs, rowMeans2, rowMedians, rowMins,
    rowOrderStats, rowProds, rowQuantiles, rowRanges, rowRanks,
    rowSdDiffs, rowSds, rowSums2, rowTabulates, rowVarDiffs, rowVars,
    rowWeightedMads, rowWeightedMeans, rowWeightedMedians,
    rowWeightedSds, rowWeightedVars

Loading required package: GenomicRanges
Loading required package: stats4
Loading required package: BiocGenerics
Loading required package: generics

Attaching package: ‘generics’

The following objects are masked from ‘package:base’:

    as.difftime, as.factor, as.ordered, intersect, is.element, setdiff,
    setequal, union


Attaching package: ‘BiocGenerics’

The following objects are masked from ‘package:stats’:

    IQR, mad, sd, var, xtabs

The following objects are masked from ‘package:base’:

    anyDuplicated, aperm, append, as.data.frame, basename, cbind,
    colnames, dirname, do.call, duplicated, eval, evalq, Filter, Find,
    get, grep, grepl, is.unsorted, lapply, Map, mapply, match, mget,
    order, paste, pmax, pmax.int, pmin, pmin.int, Position, rank,
    rbind, Reduce, rownames, sapply, saveRDS, table, tapply, unique,
    unsplit, which.max, which.min

Loading required package: S4Vectors

Attaching package: ‘S4Vectors’

The following object is masked from ‘package:utils’:

    findMatches

The following objects are masked from ‘package:base’:

    expand.grid, I, unname

Loading required package: IRanges
Loading required package: GenomeInfoDb
Loading required package: Biobase
Welcome to Bioconductor

    Vignettes contain introductory material; view with
    'browseVignettes()'. To cite Bioconductor, see
    'citation("Biobase")', and for packages 'citation("pkgname")'.


Attaching package: ‘Biobase’

The following object is masked from ‘package:MatrixGenerics’:

    rowMedians

The following objects are masked from ‘package:matrixStats’:

    anyMissing, rowMedians

Loading required package: SparseArray
Loading required package: Matrix

Attaching package: ‘Matrix’

The following object is masked from ‘package:S4Vectors’:

    expand

Loading required package: S4Arrays
Loading required package: abind

Attaching package: ‘S4Arrays’

The following object is masked from ‘package:abind’:

    abind

The following object is masked from ‘package:base’:

    rowsum

Loading required package: DelayedArray

Attaching package: ‘DelayedArray’

The following object is masked from ‘package:SpatialFeatureExperiment’:

    scale

The following objects are masked from ‘package:base’:

    apply, scale, sweep

Loading required package: h5mread
Loading required package: rhdf5

Attaching package: ‘h5mread’

The following object is masked from ‘package:rhdf5’:

    h5ls

Loading required package: scuttle
here() starts at /dcs05/lieber/marmaypag/xenium_NAC_LIBD4125/xenium_NAC
Starting get_mean_ratio() - 2026-06-24 12:56:47.553045
Starting pairwise DEG testing - 2026-06-24 13:01:31.874892
Starting 1vALL DEG testing - 2026-06-24 13:13:56.079013
Running 1vALL Testing for up-regulated genes
2026-06-24 13:13:56.62928 - Find markers for: 4
2026-06-24 13:37:30.579436 - Find markers for: 1
2026-06-24 14:00:13.472292 - Find markers for: 10
2026-06-24 14:19:25.669853 - Find markers for: 8
2026-06-24 14:35:15.826228 - Find markers for: 5
2026-06-24 14:51:12.441566 - Find markers for: 9
2026-06-24 15:10:56.093168 - Find markers for: 2
2026-06-24 15:27:23.224467 - Find markers for: 3
2026-06-24 15:42:47.626452 - Find markers for: 12
2026-06-24 16:00:46.633421 - Find markers for: 6
2026-06-24 16:21:25.977001 - Find markers for: 11
2026-06-24 16:42:24.466619 - Find markers for: 7
2026-06-24 17:03:47.775955 - Building Table
** Done! **

R version 4.5.0 Patched (2025-05-21 r88220)
Platform: x86_64-conda-linux-gnu
Running under: Rocky Linux 9.4 (Blue Onyx)

Matrix products: default
BLAS:   /jhpce/shared/community/core/conda_R/4.5/R/lib64/R/lib/libRblas.so 
LAPACK: /jhpce/shared/community/core/conda_R/4.5/R/lib64/R/lib/libRlapack.so;  LAPACK version 3.12.1

locale:
 [1] LC_CTYPE=en_US.UTF-8       LC_NUMERIC=C              
 [3] LC_TIME=en_US.UTF-8        LC_COLLATE=en_US.UTF-8    
 [5] LC_MONETARY=en_US.UTF-8    LC_MESSAGES=en_US.UTF-8   
 [7] LC_PAPER=en_US.UTF-8       LC_NAME=C                 
 [9] LC_ADDRESS=C               LC_TELEPHONE=C            
[11] LC_MEASUREMENT=en_US.UTF-8 LC_IDENTIFICATION=C       

time zone: US/Eastern
tzcode source: system (glibc)

attached base packages:
[1] stats4    stats     graphics  grDevices utils     datasets  methods  
[8] base     

other attached packages:
 [1] here_1.0.1                      scran_1.36.0                   
 [3] scuttle_1.18.0                  HDF5Array_1.36.0               
 [5] h5mread_1.0.0                   rhdf5_2.52.0                   
 [7] DelayedArray_0.34.1             SparseArray_1.8.0              
 [9] S4Arrays_1.8.0                  abind_1.4-8                    
[11] Matrix_1.7-3                    sessioninfo_1.2.3              
[13] DeconvoBuddies_1.0.0            SpatialExperiment_1.18.1       
[15] SingleCellExperiment_1.30.1     SummarizedExperiment_1.38.1    
[17] Biobase_2.68.0                  GenomicRanges_1.60.0           
[19] GenomeInfoDb_1.44.0             IRanges_2.42.0                 
[21] S4Vectors_0.48.1                BiocGenerics_0.54.0            
[23] generics_0.1.4                  MatrixGenerics_1.20.0          
[25] matrixStats_1.5.0               SpatialFeatureExperiment_1.10.1

loaded via a namespace (and not attached):
  [1] splines_4.5.0             later_1.4.2              
  [3] BiocIO_1.18.0             bitops_1.0-9             
  [5] filelock_1.0.3            tibble_3.2.1             
  [7] R.oo_1.27.1               XML_3.99-0.18            
  [9] lifecycle_1.0.4           sf_1.0-21                
 [11] rprojroot_2.0.4           edgeR_4.6.2              
 [13] doParallel_1.0.17         lattice_0.22-7           
 [15] MASS_7.3-65               magrittr_2.0.3           
 [17] sass_0.4.10               limma_3.64.3             
 [19] plotly_4.10.4             jquerylib_0.1.4          
 [21] yaml_2.3.10               metapod_1.16.0           
 [23] httpuv_1.6.16             sp_2.2-0                 
 [25] cowplot_1.1.3             DBI_1.2.3                
 [27] RColorBrewer_1.1-3        golem_0.5.1              
 [29] multcomp_1.4-28           spatialreg_1.3-6         
 [31] purrr_1.0.4               R.utils_2.13.0           
 [33] RCurl_1.98-1.17           TH.data_1.1-3            
 [35] rappdirs_0.3.3            sandwich_3.1-1           
 [37] circlize_0.4.16           GenomeInfoDbData_1.2.14  
 [39] ggrepel_0.9.6             irlba_2.3.5.1            
 [41] terra_1.8-50              units_0.8-7              
 [43] dqrng_0.4.1               DelayedMatrixStats_1.30.0
 [45] codetools_0.2-20          DropletUtils_1.28.0      
 [47] DT_0.33                   shape_1.4.6.1            
 [49] tidyselect_1.2.1          UCSC.utils_1.4.0         
 [51] farver_2.1.2              viridis_0.6.5            
 [53] ScaledMatrix_1.16.0       shinyWidgets_0.9.0       
 [55] BiocFileCache_2.16.0      GenomicAlignments_1.44.0 
 [57] jsonlite_2.0.0            GetoptLong_1.0.5         
 [59] BiocNeighbors_2.2.0       e1071_1.7-16             
 [61] scater_1.36.0             iterators_1.0.14         
 [63] survival_3.8-3            foreach_1.5.2            
 [65] tools_4.5.0               Rcpp_1.1.1-1.1           
 [67] glue_1.8.0                gridExtra_2.3            
 [69] EBImage_4.50.0            dplyr_1.1.4              
 [71] withr_3.0.2               BiocManager_1.30.25      
 [73] fastmap_1.2.0             boot_1.3-31              
 [75] rhdf5filters_1.20.0       bluster_1.18.0           
 [77] spData_2.3.4              digest_0.6.37            
 [79] rsvd_1.0.5                R6_2.6.1                 
 [81] mime_0.13                 colorspace_2.1-1         
 [83] wk_0.9.4                  LearnBayes_2.15.1        
 [85] jpeg_0.1-11               dichromat_2.0-0.1        
 [87] RSQLite_2.3.11            R.methodsS3_1.8.2        
 [89] config_0.3.2              tidyr_1.3.1              
 [91] data.table_1.17.2         rtracklayer_1.68.0       
 [93] class_7.3-23              httr_1.4.7               
 [95] htmlwidgets_1.6.4         spdep_1.3-11             
 [97] pkgconfig_2.0.3           gtable_0.3.6             
 [99] blob_1.2.4                ComplexHeatmap_2.24.0    
[101] XVector_0.48.0            htmltools_0.5.8.1        
[103] fftwtools_0.9-11          clue_0.3-66              
[105] scales_1.4.0              attempt_0.3.1            
[107] png_0.1-8                 rjson_0.2.23             
[109] coda_0.19-4.1             nlme_3.1-168             
[111] curl_6.2.2                GlobalOptions_0.1.2      
[113] proxy_0.4-27              cachem_1.1.0             
[115] zoo_1.8-14                stringr_1.5.1            
[117] BiocVersion_3.21.1        KernSmooth_2.23-26       
[119] vipor_0.4.7               parallel_4.5.0           
[121] AnnotationDbi_1.70.0      restfulr_0.0.15          
[123] s2_1.1.8                  pillar_1.10.2            
[125] grid_4.5.0                vctrs_0.6.5              
[127] promises_1.3.2            BiocSingular_1.24.0      
[129] dbplyr_2.5.0              beachmat_2.24.0          
[131] xtable_1.8-4              sfheaders_0.4.4          
[133] cluster_2.1.8.1           beeswarm_0.4.0           
[135] paletteer_1.6.0           zeallot_0.1.0            
[137] magick_2.8.6              Rsamtools_2.24.0         
[139] mvtnorm_1.3-3             cli_3.6.5                
[141] locfit_1.5-9.12           compiler_4.5.0           
[143] rlang_1.1.6               crayon_1.5.3             
[145] classInt_0.4-11           rematch2_2.1.2           
[147] ggbeeswarm_0.7.2          stringi_1.8.7            
[149] viridisLite_0.4.2         deldir_2.0-4             
[151] BiocParallel_1.42.0       Biostrings_2.76.0        
[153] lazyeval_0.2.2            tiff_0.1-12              
[155] benchmarkme_1.0.8         ExperimentHub_2.16.0     
[157] sparseMatrixStats_1.20.0  bit64_4.6.0-1            
[159] ggplot2_3.5.2             Rhdf5lib_1.30.0          
[161] KEGGREST_1.48.0           statmod_1.5.0            
[163] rafalib_1.0.4             shiny_1.10.0             
[165] AnnotationHub_3.16.0      igraph_2.1.4             
[167] memoise_2.0.1             bslib_0.9.0              
[169] benchmarkmeData_1.0.4     bit_4.6.0                
[171] spatialLIBD_1.20.1       
********* Job Ends *********
Wed Jun 24 05:03:49 PM EDT 2026
