********* Job Starts *********
Sat Aug 29 01:27:05 PM EDT 2026
Loading conda_R/4.5
here() starts at /dcs05/lieber/marmaypag/xenium_NAC_LIBD4125/xenium_NAC
Curated set results not found for Spatial_Domain; skipping.
Curated set results not found for labels; skipping.
No LINCS result files found; run 05_lincs_query.py first.
─ Session info ───────────────────────────────────────────────────────────────
 setting  value
 version  R version 4.5.0 Patched (2025-05-21 r88220)
 os       Rocky Linux 9.4 (Blue Onyx)
 system   x86_64, linux-gnu
 ui       X11
 language (EN)
 collate  en_US.UTF-8
 ctype    en_US.UTF-8
 tz       US/Eastern
 date     2026-08-29
 pandoc   3.7.0.1 @ /jhpce/shared/community/core/conda_R/4.5/bin/pandoc
 quarto   1.10.18 @ /users/rphillip/.positron-server/bin/747dd536c5913adad71a568a57679bb2c5e5cd71/quarto/bin/quarto

─ Packages ───────────────────────────────────────────────────────────────────
 package      * version date (UTC) lib source
 cli            3.6.5   2025-04-23 [2] CRAN (R 4.5.0)
 data.table   * 1.17.2  2025-05-12 [2] CRAN (R 4.5.0)
 dichromat      2.0-0.1 2022-05-02 [2] CRAN (R 4.5.0)
 dplyr          1.1.4   2023-11-17 [2] CRAN (R 4.5.0)
 farver         2.1.2   2024-05-13 [2] CRAN (R 4.5.0)
 generics       0.1.4   2025-05-09 [2] CRAN (R 4.5.0)
 ggplot2      * 3.5.2   2025-04-09 [2] CRAN (R 4.5.0)
 glue           1.8.0   2024-09-30 [2] CRAN (R 4.5.0)
 gtable         0.3.6   2024-10-25 [2] CRAN (R 4.5.0)
 here         * 1.0.1   2020-12-13 [2] CRAN (R 4.5.0)
 labeling       0.4.3   2023-08-29 [2] CRAN (R 4.5.0)
 lifecycle      1.0.4   2023-11-07 [2] CRAN (R 4.5.0)
 magrittr       2.0.3   2022-03-30 [2] CRAN (R 4.5.0)
 pillar         1.10.2  2025-04-05 [2] CRAN (R 4.5.0)
 pkgconfig      2.0.3   2019-09-22 [2] CRAN (R 4.5.0)
 R.methodsS3    1.8.2   2022-06-13 [2] CRAN (R 4.5.0)
 R.oo           1.27.1  2025-05-02 [2] CRAN (R 4.5.0)
 R.utils        2.13.0  2025-02-24 [2] CRAN (R 4.5.0)
 R6             2.6.1   2025-02-15 [2] CRAN (R 4.5.0)
 ragg           1.4.0   2025-04-10 [2] CRAN (R 4.5.0)
 RColorBrewer   1.1-3   2022-04-03 [2] CRAN (R 4.5.0)
 rlang          1.1.6   2025-04-11 [2] CRAN (R 4.5.0)
 rprojroot      2.0.4   2023-11-05 [2] CRAN (R 4.5.0)
 scales         1.4.0   2025-04-24 [2] CRAN (R 4.5.0)
 sessioninfo    1.2.3   2025-02-05 [2] CRAN (R 4.5.0)
 systemfonts    1.2.3   2025-04-30 [2] CRAN (R 4.5.0)
 textshaping    1.0.1   2025-05-01 [2] CRAN (R 4.5.0)
 tibble         3.2.1   2023-03-20 [2] CRAN (R 4.5.0)
 tidyselect     1.2.1   2024-03-11 [2] CRAN (R 4.5.0)
 vctrs          0.6.5   2023-12-01 [2] CRAN (R 4.5.0)
 withr          3.0.2   2024-10-28 [2] CRAN (R 4.5.0)

 [1] /users/rphillip/R/4.5
 [2] /jhpce/shared/community/core/conda_R/4.5/R/lib64/R/site-library
 [3] /jhpce/shared/community/core/conda_R/4.5/R/lib64/R/library
 * ── Packages attached to the search path.

──────────────────────────────────────────────────────────────────────────────
********* Job Ends *********
Sat Aug 29 01:27:12 PM EDT 2026
