********* Job Starts *********
Thu Sep  3 09:04:28 PM EDT 2026
Loading conda_R/4.5
here() starts at /dcs05/lieber/marmaypag/xenium_NAC_LIBD4125/xenium_NAC
Loading required package: grid
========================================
ComplexHeatmap version 2.24.0
Bioconductor page: http://bioconductor.org/packages/ComplexHeatmap/
Github page: https://github.com/jokergoo/ComplexHeatmap
Documentation: http://jokergoo.github.io/ComplexHeatmap-reference

If you use it in published research, please cite either one:
- Gu, Z. Complex Heatmap Visualization. iMeta 2022.
- Gu, Z. Complex heatmaps reveal patterns and correlations in multidimensional 
    genomic data. Bioinformatics 2016.


The new InteractiveComplexHeatmap package can directly export static 
complex heatmaps into an interactive Shiny app with zero effort. Have a try!

This message can be suppressed by:
  suppressPackageStartupMessages(library(ComplexHeatmap))
========================================

========================================
circlize version 0.4.16
CRAN page: https://cran.r-project.org/package=circlize
Github page: https://github.com/jokergoo/circlize
Documentation: https://jokergoo.github.io/circlize_book/book/

If you use it in published research, please cite:
Gu, Z. circlize implements and enhances circular visualization
  in R. Bioinformatics 2014.

This message can be suppressed by:
  suppressPackageStartupMessages(library(circlize))
========================================

Plotting 21 traits; excluded: EPI_ALL, EPI_FOCAL, EPI_GGE, HEIGHT, BMI
CellType.Final: FDR computed across 399 trait x group tests (21 traits)
null device 
          1 
─ Session info ───────────────────────────────────────────────────────────────
 setting  value
 version  R version 4.5.0 Patched (2025-05-21 r88220)
 os       Rocky Linux 9.4 (Blue Onyx)
 system   x86_64, linux-gnu
 ui       X11
 language (EN)
 collate  en_US.UTF-8
 ctype    en_US.UTF-8
 tz       US/Eastern
 date     2026-09-03
 pandoc   3.7.0.1 @ /jhpce/shared/community/core/conda_R/4.5/bin/pandoc
 quarto   1.10.18 @ /users/rphillip/.positron-server/bin/747dd536c5913adad71a568a57679bb2c5e5cd71/quarto/bin/quarto

─ Packages ───────────────────────────────────────────────────────────────────
 package        * version   date (UTC) lib source
 BiocGenerics     0.54.0    2025-04-15 [2] Bioconductor 3.21 (R 4.5.0)
 Cairo            1.6-2     2023-11-28 [2] CRAN (R 4.5.0)
 circlize       * 0.4.16    2024-02-20 [2] CRAN (R 4.5.0)
 cli              3.6.5     2025-04-23 [2] CRAN (R 4.5.0)
 clue             0.3-66    2024-11-13 [2] CRAN (R 4.5.0)
 cluster          2.1.8.1   2025-03-12 [3] CRAN (R 4.5.0)
 codetools        0.2-20    2024-03-31 [3] CRAN (R 4.5.0)
 colorspace       2.1-1     2024-07-26 [2] CRAN (R 4.5.0)
 ComplexHeatmap * 2.24.0    2025-04-15 [2] Bioconductor 3.21 (R 4.5.0)
 crayon           1.5.3     2024-06-20 [2] CRAN (R 4.5.0)
 data.table     * 1.17.2    2025-05-12 [2] CRAN (R 4.5.0)
 digest           0.6.37    2024-08-19 [2] CRAN (R 4.5.0)
 doParallel       1.0.17    2022-02-07 [2] CRAN (R 4.5.0)
 foreach          1.5.2     2022-02-02 [2] CRAN (R 4.5.0)
 generics         0.1.4     2025-05-09 [2] CRAN (R 4.5.0)
 GetoptLong       1.0.5     2020-12-15 [2] CRAN (R 4.5.0)
 GlobalOptions    0.1.2     2020-06-10 [2] CRAN (R 4.5.0)
 here           * 1.0.1     2020-12-13 [2] CRAN (R 4.5.0)
 IRanges          2.42.0    2025-04-15 [2] Bioconductor 3.21 (R 4.5.0)
 iterators        1.0.14    2022-02-05 [2] CRAN (R 4.5.0)
 magick           2.8.6     2025-03-23 [2] CRAN (R 4.5.0)
 magrittr         2.0.3     2022-03-30 [2] CRAN (R 4.5.0)
 matrixStats      1.5.0     2025-01-07 [2] CRAN (R 4.5.0)
 png              0.1-8     2022-11-29 [2] CRAN (R 4.5.0)
 RColorBrewer     1.1-3     2022-04-03 [2] CRAN (R 4.5.0)
 Rcpp             1.1.1-1.1 2026-04-24 [1] CRAN (R 4.5.0)
 rjson            0.2.23    2024-09-16 [2] CRAN (R 4.5.0)
 rprojroot        2.0.4     2023-11-05 [2] CRAN (R 4.5.0)
 S4Vectors        0.48.1    2026-04-05 [1] Bioconductor 3.22 (R 4.5.0)
 sessioninfo      1.2.3     2025-02-05 [2] CRAN (R 4.5.0)
 shape            1.4.6.1   2024-02-23 [2] CRAN (R 4.5.0)

 [1] /users/rphillip/R/4.5
 [2] /jhpce/shared/community/core/conda_R/4.5/R/lib64/R/site-library
 [3] /jhpce/shared/community/core/conda_R/4.5/R/lib64/R/library
 * ── Packages attached to the search path.

──────────────────────────────────────────────────────────────────────────────
********* Job Ends *********
Thu Sep  3 09:04:33 PM EDT 2026
