********* Job Starts *********
Wed Sep  2 08:51:54 PM EDT 2026
SCZ: 16885 genes
MDD: 16755 genes
BIP: 16883 genes
ASD: 16872 genes
ADHD: 16781 genes
PTSD: 16914 genes
AN: 16858 genes
INSOMNIA: 16903 genes
NEUROT: 16927 genes
IQ: 16910 genes
EDU: 16927 genes
OUD: 16819 genes
AUD: 16893 genes
AGE_SMK: 16879 genes
CIG_DAY: 16880 genes
DRINKS_WK: 16875 genes
SMK_CES: 16878 genes
SMK_INIT: 16880 genes
PD: 16899 genes
AD: 16911 genes
EPI_ALL: 16413 genes
EPI_FOCAL: 16410 genes
EPI_GGE: 16408 genes
HEIGHT: 16903 genes
BMI: 16907 genes
T2D: 16699 genes
Wrote 17132 genes x 26 traits to /dcs05/lieber/marmaypag/xenium_NAC_LIBD4125/xenium_NAC/processed-data/16_scDRS/gs/magma_zscore_matrix.tsv
-----
pandas              2.1.4
session_info        v1.0.1
-----
Python 3.11.16 (main, Aug 27 2026, 14:44:21) [GCC 14.3.0]
Linux-5.14.0-427.13.1.el9_4.x86_64-x86_64-with-glibc2.34
-----
Session information updated at 2026-09-02 20:51
******************************************************************************
* Single-cell disease relevance score (scDRS)
* Version 1.0.2
* Martin Jinye Zhang and Kangcheng Hou
* HSPH / Broad Institute / UCLA
* MIT License
******************************************************************************
Call: scdrs munge-gs \
--zscore-file /dcs05/lieber/marmaypag/xenium_NAC_LIBD4125/xenium_NAC/processed-data/16_scDRS/gs/magma_zscore_matrix.tsv \
--weight zscore \
--n-min 100 \
--n-max 1000 \
--out-file /dcs05/lieber/marmaypag/xenium_NAC_LIBD4125/xenium_NAC/processed-data/16_scDRS/gs/nac_traits.gs

--zscore-file loaded: n_gene=17132, n_trait=26 (sys_time=0.1s)
Print info for the first 3 traits and first 10 genes
Traits               ['SCZ', 'MDD', 'BIP']
A1CF                 [-0.54015, 0.46506, 2.1822]
A3GALT2              [0.92414, 2.1177, 2.8269]
A4GALT               [0.050247, 0.51608, -0.62391]
A4GNT                [-0.67372, 0.10906, -0.49713]
AAAS                 [2.339, 0.60835, -0.080893]
AACS                 [0.071934, 0.074749, 0.87077]
AADAC                [-1.2399, 0.58084, -1.3493]
AADACL2              [-1.1867, 0.13769, 0.5271]
AADACL3              [1.8476, 1.1873, 0.90813]
AADACL4              [-0.11185, 0.057246, 2.7422]
--zscore-file have values above 1 or below 0. Seems fine.

Finish munging 26 gene sets (sys_time=0.2s)
********* Job Ends *********
Wed Sep  2 08:52:02 PM EDT 2026
