**** Job starts ****
Sat Mar  7 05:12:37 PM EST 2026
Loading LIBD SLURM module for visium_hd/1.0
Loading LIBD SLURM module for htslib/1.18
--------------------------------------------------------------
Plotting nFactor=8 for H1-M3TCP9V_A1
--------------------------------------------------------------
  pixel_file: /dcs05/lieber/marmaypag/xenium_NAC_LIBD4125/xenium_NAC/processed-data/HD_Full_Analysis/FICTURE/outputs/H1-M3TCP9V_A1/nF_8/analysis/nF8.d_12//nF8.d_12.decode.prj_12.r_4_5.pixel.sorted.tsv.gz
  color_file: /dcs05/lieber/marmaypag/xenium_NAC_LIBD4125/xenium_NAC/processed-data/HD_Full_Analysis/FICTURE/outputs/H1-M3TCP9V_A1/nF_8/analysis/nF8.d_12/figure/nF8.d_12.rgb.tsv
05:12:39 PM Background color 000000
05:12:39 PM Read color table (8)
05:12:39 PM Read header {'K': 8, 'TOPK': 3, 'BLOCK_SIZE': 2000, 'BLOCK_AXIS': 'X', 'INDEX_AXIS': 'Y', 'OFFSET_X': 8335.535, 'OFFSET_Y': 5060.192, 'SIZE_X': 6706, 'SIZE_Y': 6707, 'SCALE': 100}
05:12:39 PM Image size 3354 x 3353
05:12:41 PM Reading pixels... 999, 881, 871030
05:12:43 PM Reading pixels... 999, 1773, 870015
05:12:44 PM Reading pixels... 999, 2680, 866728
05:12:46 PM Reading pixels... 1999, 302, 891854
05:12:48 PM Reading pixels... 1999, 1187, 870604
05:12:50 PM Reading pixels... 1999, 2094, 887968
05:12:52 PM Reading pixels... 1999, 3064, 870419
05:12:54 PM Reading pixels... 2999, 734, 872648
05:12:56 PM Reading pixels... 2999, 1653, 886475
05:12:58 PM Reading pixels... 2999, 2743, 871573
05:13:00 PM Reading pixels... 3347, 1445, 878364
05:13:01 PM Reading pixels... 3349, 3173, 564539
05:13:02 PM Finished
/dcs05/lieber/marmaypag/xenium_NAC_LIBD4125/xenium_NAC/plots/HD_Full_Analysis/FICTURE/H1-M3TCP9V_A1/nF_8_H1-M3TCP9V_A1_clusters.png
Index(['0', '1', '2', '3', '4', '5', '6', '7'], dtype='object', name='Name')
['BLOCK', 'X', 'Y', 'K1', 'K2', 'K3', 'P1', 'P2', 'P3']
Plot saved: /dcs05/lieber/marmaypag/xenium_NAC_LIBD4125/xenium_NAC/plots/HD_Full_Analysis/FICTURE/H1-M3TCP9V_A1/nF_8_H1-M3TCP9V_A1_clusters.png 
Sat Mar  7 05:13:02 PM EST 2026
--------------------------------------------------------------
Plotting nFactor=12 for H1-M3TCP9V_A1
--------------------------------------------------------------
  pixel_file: /dcs05/lieber/marmaypag/xenium_NAC_LIBD4125/xenium_NAC/processed-data/HD_Full_Analysis/FICTURE/outputs/H1-M3TCP9V_A1/nF_12/analysis/nF12.d_12//nF12.d_12.decode.prj_12.r_4_5.pixel.sorted.tsv.gz
  color_file: /dcs05/lieber/marmaypag/xenium_NAC_LIBD4125/xenium_NAC/processed-data/HD_Full_Analysis/FICTURE/outputs/H1-M3TCP9V_A1/nF_12/analysis/nF12.d_12/figure/nF12.d_12.rgb.tsv
05:13:02 PM Background color 000000
05:13:02 PM Read color table (12)
05:13:02 PM Read header {'K': 12, 'TOPK': 3, 'BLOCK_SIZE': 2000, 'BLOCK_AXIS': 'X', 'INDEX_AXIS': 'Y', 'OFFSET_X': 8335.535, 'OFFSET_Y': 5060.192, 'SIZE_X': 6706, 'SIZE_Y': 6707, 'SCALE': 100}
05:13:02 PM Image size 3354 x 3353
05:13:04 PM Reading pixels... 999, 886, 876612
05:13:06 PM Reading pixels... 999, 1771, 862504
05:13:08 PM Reading pixels... 999, 2683, 871680
05:13:11 PM Reading pixels... 1999, 299, 885808
05:13:13 PM Reading pixels... 1999, 1188, 874750
05:13:15 PM Reading pixels... 1999, 2099, 891229
05:13:17 PM Reading pixels... 1999, 3062, 864348
05:13:19 PM Reading pixels... 2999, 729, 869384
05:13:21 PM Reading pixels... 2999, 1650, 888599
05:13:23 PM Reading pixels... 2999, 2719, 856422
05:13:25 PM Reading pixels... 3347, 1432, 880007
05:13:27 PM Reading pixels... 3349, 3173, 579673
05:13:27 PM Finished
/dcs05/lieber/marmaypag/xenium_NAC_LIBD4125/xenium_NAC/plots/HD_Full_Analysis/FICTURE/H1-M3TCP9V_A1/nF_12_H1-M3TCP9V_A1_clusters.png
Index(['0', '1', '2', '3', '4', '5', '6', '7', '8', '9', '10', '11'], dtype='object', name='Name')
['BLOCK', 'X', 'Y', 'K1', 'K2', 'K3', 'P1', 'P2', 'P3']
Plot saved: /dcs05/lieber/marmaypag/xenium_NAC_LIBD4125/xenium_NAC/plots/HD_Full_Analysis/FICTURE/H1-M3TCP9V_A1/nF_12_H1-M3TCP9V_A1_clusters.png 
Sat Mar  7 05:13:27 PM EST 2026
--------------------------------------------------------------
Plotting nFactor=16 for H1-M3TCP9V_A1
--------------------------------------------------------------
  pixel_file: /dcs05/lieber/marmaypag/xenium_NAC_LIBD4125/xenium_NAC/processed-data/HD_Full_Analysis/FICTURE/outputs/H1-M3TCP9V_A1/nF_16/analysis/nF16.d_12//nF16.d_12.decode.prj_12.r_4_5.pixel.sorted.tsv.gz
  color_file: /dcs05/lieber/marmaypag/xenium_NAC_LIBD4125/xenium_NAC/processed-data/HD_Full_Analysis/FICTURE/outputs/H1-M3TCP9V_A1/nF_16/analysis/nF16.d_12/figure/nF16.d_12.rgb.tsv
05:13:28 PM Background color 000000
05:13:28 PM Read color table (16)
05:13:28 PM Read header {'K': 16, 'TOPK': 3, 'BLOCK_SIZE': 2000, 'BLOCK_AXIS': 'X', 'INDEX_AXIS': 'Y', 'OFFSET_X': 8335.535, 'OFFSET_Y': 5060.192, 'SIZE_X': 6706, 'SIZE_Y': 6707, 'SCALE': 100}
05:13:28 PM Image size 3354 x 3353
05:13:30 PM Reading pixels... 999, 892, 882118
05:13:32 PM Reading pixels... 999, 1784, 868288
05:13:34 PM Reading pixels... 999, 2694, 871075
05:13:36 PM Reading pixels... 1999, 307, 882845
05:13:38 PM Reading pixels... 1999, 1199, 877150
05:13:41 PM Reading pixels... 1999, 2107, 888058
05:13:43 PM Reading pixels... 1999, 3065, 859634
05:13:45 PM Reading pixels... 2999, 742, 879348
05:13:47 PM Reading pixels... 2999, 1655, 880950
05:13:49 PM Reading pixels... 2999, 2761, 881879
05:13:51 PM Reading pixels... 3347, 1445, 879078
05:13:52 PM Reading pixels... 3349, 3173, 550341
05:13:53 PM Finished
/dcs05/lieber/marmaypag/xenium_NAC_LIBD4125/xenium_NAC/plots/HD_Full_Analysis/FICTURE/H1-M3TCP9V_A1/nF_16_H1-M3TCP9V_A1_clusters.png
Index(['0', '1', '2', '3', '4', '5', '6', '7', '8', '9', '10', '11', '12',
       '13', '14', '15'],
      dtype='object', name='Name')
['BLOCK', 'X', 'Y', 'K1', 'K2', 'K3', 'P1', 'P2', 'P3']
Plot saved: /dcs05/lieber/marmaypag/xenium_NAC_LIBD4125/xenium_NAC/plots/HD_Full_Analysis/FICTURE/H1-M3TCP9V_A1/nF_16_H1-M3TCP9V_A1_clusters.png 
Sat Mar  7 05:13:53 PM EST 2026
**** Job ends ****
Sat Mar  7 05:13:53 PM EST 2026
