**** Job starts ****
Sat Mar  7 05:12:37 PM EST 2026
Loading LIBD SLURM module for visium_hd/1.0
Loading LIBD SLURM module for htslib/1.18
--------------------------------------------------------------
Plotting nFactor=8 for H1-XKYDCP3_A1
--------------------------------------------------------------
  pixel_file: /dcs05/lieber/marmaypag/xenium_NAC_LIBD4125/xenium_NAC/processed-data/HD_Full_Analysis/FICTURE/outputs/H1-XKYDCP3_A1/nF_8/analysis/nF8.d_12//nF8.d_12.decode.prj_12.r_4_5.pixel.sorted.tsv.gz
  color_file: /dcs05/lieber/marmaypag/xenium_NAC_LIBD4125/xenium_NAC/processed-data/HD_Full_Analysis/FICTURE/outputs/H1-XKYDCP3_A1/nF_8/analysis/nF8.d_12/figure/nF8.d_12.rgb.tsv
05:12:39 PM Background color 000000
05:12:39 PM Read color table (8)
05:12:39 PM Read header {'K': 8, 'TOPK': 3, 'BLOCK_SIZE': 2000, 'BLOCK_AXIS': 'X', 'INDEX_AXIS': 'Y', 'OFFSET_X': 3354.848, 'OFFSET_Y': 1404.447, 'SIZE_X': 6734, 'SIZE_Y': 6734, 'SCALE': 100}
05:12:39 PM Image size 3367 x 3367
05:12:41 PM Reading pixels... 999, 927, 887110
05:12:43 PM Reading pixels... 999, 1819, 877585
05:12:44 PM Reading pixels... 999, 2724, 882245
05:12:46 PM Reading pixels... 1999, 350, 888163
05:12:48 PM Reading pixels... 1999, 1232, 876729
05:12:50 PM Reading pixels... 1999, 2115, 878759
05:12:52 PM Reading pixels... 1999, 3010, 856717
05:12:54 PM Reading pixels... 2999, 624, 883051
05:12:55 PM Reading pixels... 2999, 1497, 863600
05:12:57 PM Reading pixels... 2999, 2387, 861909
05:12:59 PM Reading pixels... 3360, 650, 875664
05:13:01 PM Reading pixels... 3360, 1226, 713578
05:13:01 PM Finished
/dcs05/lieber/marmaypag/xenium_NAC_LIBD4125/xenium_NAC/plots/HD_Full_Analysis/FICTURE/H1-XKYDCP3_A1/nF_8_H1-XKYDCP3_A1_clusters.png
Index(['0', '1', '2', '3', '4', '5', '6', '7'], dtype='object', name='Name')
['BLOCK', 'X', 'Y', 'K1', 'K2', 'K3', 'P1', 'P2', 'P3']
Plot saved: /dcs05/lieber/marmaypag/xenium_NAC_LIBD4125/xenium_NAC/plots/HD_Full_Analysis/FICTURE/H1-XKYDCP3_A1/nF_8_H1-XKYDCP3_A1_clusters.png 
Sat Mar  7 05:13:01 PM EST 2026
--------------------------------------------------------------
Plotting nFactor=12 for H1-XKYDCP3_A1
--------------------------------------------------------------
  pixel_file: /dcs05/lieber/marmaypag/xenium_NAC_LIBD4125/xenium_NAC/processed-data/HD_Full_Analysis/FICTURE/outputs/H1-XKYDCP3_A1/nF_12/analysis/nF12.d_12//nF12.d_12.decode.prj_12.r_4_5.pixel.sorted.tsv.gz
  color_file: /dcs05/lieber/marmaypag/xenium_NAC_LIBD4125/xenium_NAC/processed-data/HD_Full_Analysis/FICTURE/outputs/H1-XKYDCP3_A1/nF_12/analysis/nF12.d_12/figure/nF12.d_12.rgb.tsv
05:13:02 PM Background color 000000
05:13:02 PM Read color table (12)
05:13:02 PM Read header {'K': 12, 'TOPK': 3, 'BLOCK_SIZE': 2000, 'BLOCK_AXIS': 'X', 'INDEX_AXIS': 'Y', 'OFFSET_X': 3354.848, 'OFFSET_Y': 1404.447, 'SIZE_X': 6734, 'SIZE_Y': 6734, 'SCALE': 100}
05:13:02 PM Image size 3367 x 3367
05:13:04 PM Reading pixels... 999, 934, 893809
05:13:06 PM Reading pixels... 999, 1827, 878908
05:13:08 PM Reading pixels... 999, 2733, 882180
05:13:10 PM Reading pixels... 1999, 364, 894075
05:13:12 PM Reading pixels... 1999, 1225, 856154
05:13:14 PM Reading pixels... 1999, 2116, 886263
05:13:16 PM Reading pixels... 1999, 3013, 858191
05:13:18 PM Reading pixels... 2999, 612, 867806
05:13:20 PM Reading pixels... 2999, 1487, 866050
05:13:23 PM Reading pixels... 2999, 2377, 863616
05:13:25 PM Reading pixels... 3360, 650, 878400
05:13:27 PM Reading pixels... 3360, 1226, 719275
05:13:27 PM Finished
/dcs05/lieber/marmaypag/xenium_NAC_LIBD4125/xenium_NAC/plots/HD_Full_Analysis/FICTURE/H1-XKYDCP3_A1/nF_12_H1-XKYDCP3_A1_clusters.png
Index(['0', '1', '2', '3', '4', '5', '6', '7', '8', '9', '10', '11'], dtype='object', name='Name')
['BLOCK', 'X', 'Y', 'K1', 'K2', 'K3', 'P1', 'P2', 'P3']
Plot saved: /dcs05/lieber/marmaypag/xenium_NAC_LIBD4125/xenium_NAC/plots/HD_Full_Analysis/FICTURE/H1-XKYDCP3_A1/nF_12_H1-XKYDCP3_A1_clusters.png 
Sat Mar  7 05:13:28 PM EST 2026
--------------------------------------------------------------
Plotting nFactor=16 for H1-XKYDCP3_A1
--------------------------------------------------------------
  pixel_file: /dcs05/lieber/marmaypag/xenium_NAC_LIBD4125/xenium_NAC/processed-data/HD_Full_Analysis/FICTURE/outputs/H1-XKYDCP3_A1/nF_16/analysis/nF16.d_12//nF16.d_12.decode.prj_12.r_4_5.pixel.sorted.tsv.gz
  color_file: /dcs05/lieber/marmaypag/xenium_NAC_LIBD4125/xenium_NAC/processed-data/HD_Full_Analysis/FICTURE/outputs/H1-XKYDCP3_A1/nF_16/analysis/nF16.d_12/figure/nF16.d_12.rgb.tsv
05:13:28 PM Background color 000000
05:13:28 PM Read color table (16)
05:13:28 PM Read header {'K': 16, 'TOPK': 3, 'BLOCK_SIZE': 2000, 'BLOCK_AXIS': 'X', 'INDEX_AXIS': 'Y', 'OFFSET_X': 3354.848, 'OFFSET_Y': 1404.447, 'SIZE_X': 6734, 'SIZE_Y': 6734, 'SCALE': 100}
05:13:28 PM Image size 3367 x 3367
05:13:30 PM Reading pixels... 999, 934, 893307
05:13:32 PM Reading pixels... 999, 1828, 880144
05:13:34 PM Reading pixels... 999, 2729, 878483
05:13:36 PM Reading pixels... 1999, 364, 897635
05:13:38 PM Reading pixels... 1999, 1235, 865092
05:13:40 PM Reading pixels... 1999, 2121, 881432
05:13:42 PM Reading pixels... 1999, 3021, 860631
05:13:45 PM Reading pixels... 2999, 624, 872996
05:13:47 PM Reading pixels... 2999, 1506, 872651
05:13:49 PM Reading pixels... 2999, 2393, 860996
05:13:51 PM Reading pixels... 3360, 716, 878292
05:13:53 PM Reading pixels... 3360, 1226, 703353
05:13:54 PM Finished
/dcs05/lieber/marmaypag/xenium_NAC_LIBD4125/xenium_NAC/plots/HD_Full_Analysis/FICTURE/H1-XKYDCP3_A1/nF_16_H1-XKYDCP3_A1_clusters.png
Index(['0', '1', '2', '3', '4', '5', '6', '7', '8', '9', '10', '11', '12',
       '13', '14', '15'],
      dtype='object', name='Name')
['BLOCK', 'X', 'Y', 'K1', 'K2', 'K3', 'P1', 'P2', 'P3']
Plot saved: /dcs05/lieber/marmaypag/xenium_NAC_LIBD4125/xenium_NAC/plots/HD_Full_Analysis/FICTURE/H1-XKYDCP3_A1/nF_16_H1-XKYDCP3_A1_clusters.png 
Sat Mar  7 05:13:54 PM EST 2026
**** Job ends ****
Sat Mar  7 05:13:54 PM EST 2026
