Loading conda_R/4.5
Loading required package: SingleCellExperiment
Loading required package: SummarizedExperiment
Loading required package: MatrixGenerics
Loading required package: matrixStats

Attaching package: ‘MatrixGenerics’

The following objects are masked from ‘package:matrixStats’:

    colAlls, colAnyNAs, colAnys, colAvgsPerRowSet, colCollapse,
    colCounts, colCummaxs, colCummins, colCumprods, colCumsums,
    colDiffs, colIQRDiffs, colIQRs, colLogSumExps, colMadDiffs,
    colMads, colMaxs, colMeans2, colMedians, colMins, colOrderStats,
    colProds, colQuantiles, colRanges, colRanks, colSdDiffs, colSds,
    colSums2, colTabulates, colVarDiffs, colVars, colWeightedMads,
    colWeightedMeans, colWeightedMedians, colWeightedSds,
    colWeightedVars, rowAlls, rowAnyNAs, rowAnys, rowAvgsPerColSet,
    rowCollapse, rowCounts, rowCummaxs, rowCummins, rowCumprods,
    rowCumsums, rowDiffs, rowIQRDiffs, rowIQRs, rowLogSumExps,
    rowMadDiffs, rowMads, rowMaxs, rowMeans2, rowMedians, rowMins,
    rowOrderStats, rowProds, rowQuantiles, rowRanges, rowRanks,
    rowSdDiffs, rowSds, rowSums2, rowTabulates, rowVarDiffs, rowVars,
    rowWeightedMads, rowWeightedMeans, rowWeightedMedians,
    rowWeightedSds, rowWeightedVars

Loading required package: GenomicRanges
Loading required package: stats4
Loading required package: BiocGenerics
Loading required package: generics

Attaching package: ‘generics’

The following objects are masked from ‘package:base’:

    as.difftime, as.factor, as.ordered, intersect, is.element, setdiff,
    setequal, union


Attaching package: ‘BiocGenerics’

The following objects are masked from ‘package:stats’:

    IQR, mad, sd, var, xtabs

The following objects are masked from ‘package:base’:

    anyDuplicated, aperm, append, as.data.frame, basename, cbind,
    colnames, dirname, do.call, duplicated, eval, evalq, Filter, Find,
    get, grep, grepl, is.unsorted, lapply, Map, mapply, match, mget,
    order, paste, pmax, pmax.int, pmin, pmin.int, Position, rank,
    rbind, Reduce, rownames, sapply, saveRDS, table, tapply, unique,
    unsplit, which.max, which.min

Loading required package: S4Vectors

Attaching package: ‘S4Vectors’

The following object is masked from ‘package:utils’:

    findMatches

The following objects are masked from ‘package:base’:

    expand.grid, I, unname

Loading required package: IRanges
Loading required package: GenomeInfoDb
Loading required package: Biobase
Welcome to Bioconductor

    Vignettes contain introductory material; view with
    'browseVignettes()'. To cite Bioconductor, see
    'citation("Biobase")', and for packages 'citation("pkgname")'.


Attaching package: ‘Biobase’

The following object is masked from ‘package:MatrixGenerics’:

    rowMedians

The following objects are masked from ‘package:matrixStats’:

    anyMissing, rowMedians

Loading required package: SparseArray
Loading required package: Matrix

Attaching package: ‘Matrix’

The following object is masked from ‘package:S4Vectors’:

    expand

Loading required package: S4Arrays
Loading required package: abind

Attaching package: ‘S4Arrays’

The following object is masked from ‘package:abind’:

    abind

The following object is masked from ‘package:base’:

    rowsum

Loading required package: DelayedArray

Attaching package: ‘DelayedArray’

The following objects are masked from ‘package:base’:

    apply, scale, sweep

Loading required package: h5mread
Loading required package: rhdf5

Attaching package: ‘h5mread’

The following object is masked from ‘package:rhdf5’:

    h5ls

── Attaching core tidyverse packages ──────────────────────── tidyverse 2.0.0 ──
✔ dplyr     1.1.4     ✔ readr     2.1.5
✔ forcats   1.0.0     ✔ stringr   1.5.1
✔ ggplot2   3.5.2     ✔ tibble    3.2.1
✔ lubridate 1.9.4     ✔ tidyr     1.3.1
✔ purrr     1.0.4     
── Conflicts ────────────────────────────────────────── tidyverse_conflicts() ──
✖ lubridate::%within%() masks IRanges::%within%()
✖ dplyr::collapse()     masks IRanges::collapse()
✖ dplyr::combine()      masks Biobase::combine(), BiocGenerics::combine()
✖ dplyr::count()        masks matrixStats::count()
✖ dplyr::desc()         masks IRanges::desc()
✖ tidyr::expand()       masks Matrix::expand(), S4Vectors::expand()
✖ dplyr::filter()       masks stats::filter()
✖ dplyr::first()        masks S4Vectors::first()
✖ dplyr::lag()          masks stats::lag()
✖ tidyr::pack()         masks Matrix::pack()
✖ ggplot2::Position()   masks BiocGenerics::Position(), base::Position()
✖ purrr::reduce()       masks GenomicRanges::reduce(), IRanges::reduce()
✖ dplyr::rename()       masks S4Vectors::rename()
✖ lubridate::second()   masks S4Vectors::second()
✖ lubridate::second<-() masks S4Vectors::second<-()
✖ purrr::simplify()     masks DelayedArray::simplify()
✖ dplyr::slice()        masks IRanges::slice()
✖ tidyr::unpack()       masks Matrix::unpack()
ℹ Use the conflicted package (<http://conflicted.r-lib.org/>) to force all conflicts to become errors

Attaching package: ‘jsonlite’

The following object is masked from ‘package:purrr’:

    flatten

here() starts at /dcs05/lieber/marmaypag/xenium_NAC_LIBD4125/xenium_NAC
2026-05-20 12:06:15.878445 | Loading SPE
2026-05-20 12:06:36.350402 | Processing sample: H1-8MTH2TQ_A1 (5 of 8)
  Number of cells: 161226
  microns_per_pixel: 0.252596219557965
  Scales in µm: 50, 100, 200, 300, 400, 500, 750, 1000
  Scales in px: 198, 396, 792, 1188, 1584, 1979, 2969, 3959
  neighDist in px: 396 (~50 µm)
  Cell type distribution:

Astrocyte_A Astrocyte_B  DRD1_MSN_A  DRD1_MSN_B  DRD1_MSN_C  DRD1_MSN_D 
      15383        5164       15107       16875       11892       11867 
 DRD2_MSN_A  DRD2_MSN_B Endothelial   Ependymal  Excitatory       Inh_A 
      21457        5345        9984         560        5500        1638 
      Inh_B       Inh_C       Inh_D       Inh_E       Inh_F   Microglia 
       1415        1830        2348        1345        3227        1174 
      Oligo         OPC 
      27083        2032 
2026-05-20 12:06:36.742489 | Converting to sf object with toSF()
Warning: 'celltypes' does not have levels. Creating levels from values
creating `sf` object
2026-05-20 12:06:37.689855 | Making shuffled cells for null background
shuffling permutation 1 using seed 1
198 unit scale
18225 tiles to shuffle...
shuffling permutation 2 using seed 2
198 unit scale
18496 tiles to shuffle...
shuffling permutation 3 using seed 3
198 unit scale
18496 tiles to shuffle...
shuffling permutation 1 using seed 1
396 unit scale
4624 tiles to shuffle...
shuffling permutation 2 using seed 2
396 unit scale
4624 tiles to shuffle...
shuffling permutation 3 using seed 3
396 unit scale
4761 tiles to shuffle...
shuffling permutation 1 using seed 1
792 unit scale
1156 tiles to shuffle...
shuffling permutation 2 using seed 2
792 unit scale
1225 tiles to shuffle...
shuffling permutation 3 using seed 3
792 unit scale
1225 tiles to shuffle...
shuffling permutation 1 using seed 1
1188 unit scale
529 tiles to shuffle...
shuffling permutation 2 using seed 2
1188 unit scale
529 tiles to shuffle...
shuffling permutation 3 using seed 3
1188 unit scale
576 tiles to shuffle...
shuffling permutation 1 using seed 1
1584 unit scale
289 tiles to shuffle...
shuffling permutation 2 using seed 2
1584 unit scale
324 tiles to shuffle...
shuffling permutation 3 using seed 3
1584 unit scale
324 tiles to shuffle...
shuffling permutation 1 using seed 1
1979 unit scale
196 tiles to shuffle...
shuffling permutation 2 using seed 2
1979 unit scale
196 tiles to shuffle...
shuffling permutation 3 using seed 3
1979 unit scale
225 tiles to shuffle...
shuffling permutation 1 using seed 1
2969 unit scale
81 tiles to shuffle...
shuffling permutation 2 using seed 2
2969 unit scale
100 tiles to shuffle...
shuffling permutation 3 using seed 3
2969 unit scale
100 tiles to shuffle...
shuffling permutation 1 using seed 1
3959 unit scale
49 tiles to shuffle...
shuffling permutation 2 using seed 2
3959 unit scale
64 tiles to shuffle...
shuffling permutation 3 using seed 3
3959 unit scale
64 tiles to shuffle...
Time was 170.66 mins
2026-05-20 14:57:17.087346 | Running findTrends()
Evaluating significance for each cell type
using neighbor distance of 396
Calculating for pairwise combinations
Astrocyte_A
Astrocyte_B
DRD1_MSN_A
DRD1_MSN_B
DRD1_MSN_C
DRD1_MSN_D
DRD2_MSN_A
DRD2_MSN_B
Endothelial
Ependymal
Excitatory
Inh_A
Inh_B
Inh_C
Inh_D
Inh_E
Inh_F
Microglia
Oligo
OPC
Time was 60.42 mins
2026-05-20 15:57:42.379833 | Processing results
  Bonferroni z-score threshold: 3.84
2026-05-20 15:57:42.469533 | Generating plots
this function will be deprecated, use vizRelationships instead
Scale for x is already present.
Adding another scale for x, which will replace the existing scale.
2026-05-20 15:57:42.944843 | Done with sample: H1-8MTH2TQ_A1
[1] "Reproducibility information:"
[1] "2026-05-20 15:57:42 EDT"
     user    system   elapsed 
13806.835    39.584 13891.641 
─ Session info ───────────────────────────────────────────────────────────────────────────────────────────────────────
 setting  value
 version  R version 4.5.0 Patched (2025-05-21 r88220)
 os       Rocky Linux 9.4 (Blue Onyx)
 system   x86_64, linux-gnu
 ui       X11
 language (EN)
 collate  en_US.UTF-8
 ctype    en_US.UTF-8
 tz       US/Eastern
 date     2026-05-20
 pandoc   3.7.0.1 @ /jhpce/shared/community/core/conda_R/4.5/bin/pandoc
 quarto   NA

─ Packages ───────────────────────────────────────────────────────────────────────────────────────────────────────────
 package              * version date (UTC) lib source
 abind                * 1.4-8   2024-09-12 [2] CRAN (R 4.5.0)
 Biobase              * 2.68.0  2025-04-15 [2] Bioconductor 3.21 (R 4.5.0)
 BiocGenerics         * 0.54.0  2025-04-15 [2] Bioconductor 3.21 (R 4.5.0)
 BiocParallel           1.42.0  2025-04-15 [2] Bioconductor 3.21 (R 4.5.0)
 class                  7.3-23  2025-01-01 [3] CRAN (R 4.5.0)
 classInt               0.4-11  2025-01-08 [2] CRAN (R 4.5.0)
 cli                    3.6.5   2025-04-23 [2] CRAN (R 4.5.0)
 codetools              0.2-20  2024-03-31 [3] CRAN (R 4.5.0)
 crawdad              * 1.0.1   2026-04-10 [1] Github (JEFworks-Lab/CRAWDAD@986a2ce)
 crayon                 1.5.3   2024-06-20 [2] CRAN (R 4.5.0)
 DBI                    1.2.3   2024-06-02 [2] CRAN (R 4.5.0)
 DelayedArray         * 0.34.1  2025-04-17 [2] Bioconductor 3.21 (R 4.5.0)
 dichromat              2.0-0.1 2022-05-02 [2] CRAN (R 4.5.0)
 dplyr                * 1.1.4   2023-11-17 [2] CRAN (R 4.5.0)
 e1071                  1.7-16  2024-09-16 [2] CRAN (R 4.5.0)
 farver                 2.1.2   2024-05-13 [2] CRAN (R 4.5.0)
 forcats              * 1.0.0   2023-01-29 [2] CRAN (R 4.5.0)
 generics             * 0.1.4   2025-05-09 [2] CRAN (R 4.5.0)
 GenomeInfoDb         * 1.44.0  2025-04-15 [2] Bioconductor 3.21 (R 4.5.0)
 GenomeInfoDbData       1.2.14  2025-05-21 [2] Bioconductor
 GenomicRanges        * 1.60.0  2025-04-15 [2] Bioconductor 3.21 (R 4.5.0)
 ggplot2              * 3.5.2   2025-04-09 [2] CRAN (R 4.5.0)
 glue                   1.8.0   2024-09-30 [2] CRAN (R 4.5.0)
 gtable                 0.3.6   2024-10-25 [2] CRAN (R 4.5.0)
 h5mread              * 1.0.0   2025-04-15 [2] Bioconductor 3.21 (R 4.5.0)
 HDF5Array            * 1.36.0  2025-04-15 [2] Bioconductor 3.21 (R 4.5.0)
 here                 * 1.0.1   2020-12-13 [2] CRAN (R 4.5.0)
 hms                    1.1.3   2023-03-21 [2] CRAN (R 4.5.0)
 httr                   1.4.7   2023-08-15 [2] CRAN (R 4.5.0)
 IRanges              * 2.42.0  2025-04-15 [2] Bioconductor 3.21 (R 4.5.0)
 jsonlite             * 2.0.0   2025-03-27 [2] CRAN (R 4.5.0)
 KernSmooth             2.23-26 2025-01-01 [3] CRAN (R 4.5.0)
 labeling               0.4.3   2023-08-29 [2] CRAN (R 4.5.0)
 lattice                0.22-7  2025-04-02 [3] CRAN (R 4.5.0)
 lifecycle              1.0.4   2023-11-07 [2] CRAN (R 4.5.0)
 lubridate            * 1.9.4   2024-12-08 [2] CRAN (R 4.5.0)
 magick                 2.8.6   2025-03-23 [2] CRAN (R 4.5.0)
 magrittr               2.0.3   2022-03-30 [2] CRAN (R 4.5.0)
 Matrix               * 1.7-3   2025-03-11 [3] CRAN (R 4.5.0)
 MatrixGenerics       * 1.20.0  2025-04-15 [2] Bioconductor 3.21 (R 4.5.0)
 matrixStats          * 1.5.0   2025-01-07 [2] CRAN (R 4.5.0)
 pillar                 1.10.2  2025-04-05 [2] CRAN (R 4.5.0)
 pkgconfig              2.0.3   2019-09-22 [2] CRAN (R 4.5.0)
 plyr                   1.8.9   2023-10-02 [2] CRAN (R 4.5.0)
 proxy                  0.4-27  2022-06-09 [2] CRAN (R 4.5.0)
 purrr                * 1.0.4   2025-02-05 [2] CRAN (R 4.5.0)
 R6                     2.6.1   2025-02-15 [2] CRAN (R 4.5.0)
 ragg                   1.4.0   2025-04-10 [2] CRAN (R 4.5.0)
 RColorBrewer           1.1-3   2022-04-03 [2] CRAN (R 4.5.0)
 Rcpp                   1.0.14  2025-01-12 [2] CRAN (R 4.5.0)
 readr                * 2.1.5   2024-01-10 [2] CRAN (R 4.5.0)
 reshape2               1.4.4   2020-04-09 [2] CRAN (R 4.5.0)
 rhdf5                * 2.52.0  2025-04-15 [2] Bioconductor 3.21 (R 4.5.0)
 rhdf5filters           1.20.0  2025-04-15 [2] Bioconductor 3.21 (R 4.5.0)
 Rhdf5lib               1.30.0  2025-04-15 [2] Bioconductor 3.21 (R 4.5.0)
 rjson                  0.2.23  2024-09-16 [2] CRAN (R 4.5.0)
 rlang                  1.1.6   2025-04-11 [2] CRAN (R 4.5.0)
 rprojroot              2.0.4   2023-11-05 [2] CRAN (R 4.5.0)
 S4Arrays             * 1.8.0   2025-04-15 [2] Bioconductor 3.21 (R 4.5.0)
 S4Vectors            * 0.46.0  2025-04-15 [2] Bioconductor 3.21 (R 4.5.0)
 scales                 1.4.0   2025-04-24 [2] CRAN (R 4.5.0)
 sessioninfo            1.2.3   2025-02-05 [2] CRAN (R 4.5.0)
 sf                     1.0-21  2025-05-15 [2] CRAN (R 4.5.0)
 SingleCellExperiment * 1.30.1  2025-05-07 [2] Bioconductor 3.21 (R 4.5.0)
 SparseArray          * 1.8.0   2025-04-15 [2] Bioconductor 3.21 (R 4.5.0)
 SpatialExperiment    * 1.18.1  2025-05-11 [2] Bioconductor 3.21 (R 4.5.0)
 stringi                1.8.7   2025-03-27 [2] CRAN (R 4.5.0)
 stringr              * 1.5.1   2023-11-14 [2] CRAN (R 4.5.0)
 SummarizedExperiment * 1.38.1  2025-04-30 [2] Bioconductor 3.21 (R 4.5.0)
 systemfonts            1.2.3   2025-04-30 [2] CRAN (R 4.5.0)
 textshaping            1.0.1   2025-05-01 [2] CRAN (R 4.5.0)
 tibble               * 3.2.1   2023-03-20 [2] CRAN (R 4.5.0)
 tidyr                * 1.3.1   2024-01-24 [2] CRAN (R 4.5.0)
 tidyselect             1.2.1   2024-03-11 [2] CRAN (R 4.5.0)
 tidyverse            * 2.0.0   2023-02-22 [2] CRAN (R 4.5.0)
 timechange             0.3.0   2024-01-18 [2] CRAN (R 4.5.0)
 tzdb                   0.5.0   2025-03-15 [2] CRAN (R 4.5.0)
 UCSC.utils             1.4.0   2025-04-15 [2] Bioconductor 3.21 (R 4.5.0)
 units                  0.8-7   2025-03-11 [2] CRAN (R 4.5.0)
 vctrs                  0.6.5   2023-12-01 [2] CRAN (R 4.5.0)
 withr                  3.0.2   2024-10-28 [2] CRAN (R 4.5.0)
 XVector                0.48.0  2025-04-15 [2] Bioconductor 3.21 (R 4.5.0)

 [1] /users/rphillip/R/4.5
 [2] /jhpce/shared/community/core/conda_R/4.5/R/lib64/R/site-library
 [3] /jhpce/shared/community/core/conda_R/4.5/R/lib64/R/library
 * ── Packages attached to the search path.

──────────────────────────────────────────────────────────────────────────────────────────────────────────────────────
