Loading conda_R/4.5
Loading required package: SingleCellExperiment
Loading required package: SummarizedExperiment
Loading required package: MatrixGenerics
Loading required package: matrixStats

Attaching package: ‘MatrixGenerics’

The following objects are masked from ‘package:matrixStats’:

    colAlls, colAnyNAs, colAnys, colAvgsPerRowSet, colCollapse,
    colCounts, colCummaxs, colCummins, colCumprods, colCumsums,
    colDiffs, colIQRDiffs, colIQRs, colLogSumExps, colMadDiffs,
    colMads, colMaxs, colMeans2, colMedians, colMins, colOrderStats,
    colProds, colQuantiles, colRanges, colRanks, colSdDiffs, colSds,
    colSums2, colTabulates, colVarDiffs, colVars, colWeightedMads,
    colWeightedMeans, colWeightedMedians, colWeightedSds,
    colWeightedVars, rowAlls, rowAnyNAs, rowAnys, rowAvgsPerColSet,
    rowCollapse, rowCounts, rowCummaxs, rowCummins, rowCumprods,
    rowCumsums, rowDiffs, rowIQRDiffs, rowIQRs, rowLogSumExps,
    rowMadDiffs, rowMads, rowMaxs, rowMeans2, rowMedians, rowMins,
    rowOrderStats, rowProds, rowQuantiles, rowRanges, rowRanks,
    rowSdDiffs, rowSds, rowSums2, rowTabulates, rowVarDiffs, rowVars,
    rowWeightedMads, rowWeightedMeans, rowWeightedMedians,
    rowWeightedSds, rowWeightedVars

Loading required package: GenomicRanges
Loading required package: stats4
Loading required package: BiocGenerics
Loading required package: generics

Attaching package: ‘generics’

The following objects are masked from ‘package:base’:

    as.difftime, as.factor, as.ordered, intersect, is.element, setdiff,
    setequal, union


Attaching package: ‘BiocGenerics’

The following objects are masked from ‘package:stats’:

    IQR, mad, sd, var, xtabs

The following objects are masked from ‘package:base’:

    anyDuplicated, aperm, append, as.data.frame, basename, cbind,
    colnames, dirname, do.call, duplicated, eval, evalq, Filter, Find,
    get, grep, grepl, is.unsorted, lapply, Map, mapply, match, mget,
    order, paste, pmax, pmax.int, pmin, pmin.int, Position, rank,
    rbind, Reduce, rownames, sapply, saveRDS, table, tapply, unique,
    unsplit, which.max, which.min

Loading required package: S4Vectors

Attaching package: ‘S4Vectors’

The following object is masked from ‘package:utils’:

    findMatches

The following objects are masked from ‘package:base’:

    expand.grid, I, unname

Loading required package: IRanges
Loading required package: GenomeInfoDb
Loading required package: Biobase
Welcome to Bioconductor

    Vignettes contain introductory material; view with
    'browseVignettes()'. To cite Bioconductor, see
    'citation("Biobase")', and for packages 'citation("pkgname")'.


Attaching package: ‘Biobase’

The following object is masked from ‘package:MatrixGenerics’:

    rowMedians

The following objects are masked from ‘package:matrixStats’:

    anyMissing, rowMedians

── Attaching core tidyverse packages ──────────────────────── tidyverse 2.0.0 ──
✔ dplyr     1.1.4     ✔ readr     2.1.5
✔ forcats   1.0.0     ✔ stringr   1.5.1
✔ ggplot2   3.5.2     ✔ tibble    3.2.1
✔ lubridate 1.9.4     ✔ tidyr     1.3.1
✔ purrr     1.0.4     
── Conflicts ────────────────────────────────────────── tidyverse_conflicts() ──
✖ lubridate::%within%() masks IRanges::%within%()
✖ dplyr::collapse()     masks IRanges::collapse()
✖ dplyr::combine()      masks Biobase::combine(), BiocGenerics::combine()
✖ dplyr::count()        masks matrixStats::count()
✖ dplyr::desc()         masks IRanges::desc()
✖ tidyr::expand()       masks S4Vectors::expand()
✖ dplyr::filter()       masks stats::filter()
✖ dplyr::first()        masks S4Vectors::first()
✖ dplyr::lag()          masks stats::lag()
✖ ggplot2::Position()   masks BiocGenerics::Position(), base::Position()
✖ purrr::reduce()       masks GenomicRanges::reduce(), IRanges::reduce()
✖ dplyr::rename()       masks S4Vectors::rename()
✖ lubridate::second()   masks S4Vectors::second()
✖ lubridate::second<-() masks S4Vectors::second<-()
✖ dplyr::slice()        masks IRanges::slice()
ℹ Use the conflicted package (<http://conflicted.r-lib.org/>) to force all conflicts to become errors
Loading required package: SparseArray
Loading required package: Matrix

Attaching package: ‘Matrix’

The following objects are masked from ‘package:tidyr’:

    expand, pack, unpack

The following object is masked from ‘package:S4Vectors’:

    expand

Loading required package: S4Arrays
Loading required package: abind

Attaching package: ‘S4Arrays’

The following object is masked from ‘package:abind’:

    abind

The following object is masked from ‘package:base’:

    rowsum

Loading required package: DelayedArray

Attaching package: ‘DelayedArray’

The following object is masked from ‘package:purrr’:

    simplify

The following objects are masked from ‘package:base’:

    apply, scale, sweep

Loading required package: h5mread
Loading required package: rhdf5

Attaching package: ‘h5mread’

The following object is masked from ‘package:rhdf5’:

    h5ls


Attaching package: ‘jsonlite’

The following object is masked from ‘package:purrr’:

    flatten

here() starts at /dcs05/lieber/marmaypag/xenium_NAC_LIBD4125/xenium_NAC
2026-04-10 16:07:41.168735 | Loading SPE
2026-04-10 16:08:04.707848 | Setting up
2026-04-10 16:08:04.731564 | Processing sample: H1-M3TCP9V_A1 (3 of 8)
  Number of cells: 188366
  microns_per_pixel: 0.252562949062164
2026-04-10 16:08:04.955323 | Subsampling
  Subsampling to 50000 cells for exploration
  Cell type distribution:

Astrocyte_A Astrocyte_B  DRD1_MSN_A  DRD1_MSN_B  DRD1_MSN_C  DRD1_MSN_D 
       4996        4793        2505        1477        5215        1273 
 DRD2_MSN_A  DRD2_MSN_B Endothelial   Ependymal  Excitatory       Inh_A 
       3250         956        4945         334        1104         977 
      Inh_B       Inh_C       Inh_D       Inh_E       Inh_F   Microglia 
        956        1588        1921        3036        1025         726 
      Oligo         OPC 
       7937         986 
2026-04-10 16:08:04.99577 | Converting to SF
Warning: 'celltypes' does not have levels. Creating levels from values
creating `sf` object
  Testing neighDist candidates: 10 um, 25 um, 50 um, 75 um, 100 um, 150 um, 200 um
    neighDist = 10 µm (40 px)
    neighDist = 25 µm (99 px)
    neighDist = 50 µm (198 px)
    neighDist = 75 µm (297 px)
    neighDist = 100 µm (396 px)
    neighDist = 150 µm (594 px)
    neighDist = 200 µm (792 px)
2026-04-10 16:11:42.273085 | Done with sample: H1-M3TCP9V_A1
─ Session info ───────────────────────────────────────────────────────────────
 setting  value
 version  R version 4.5.0 Patched (2025-05-21 r88220)
 os       Rocky Linux 9.4 (Blue Onyx)
 system   x86_64, linux-gnu
 ui       X11
 language (EN)
 collate  en_US.UTF-8
 ctype    en_US.UTF-8
 tz       US/Eastern
 date     2026-04-10
 pandoc   3.7.0.1 @ /jhpce/shared/community/core/conda_R/4.5/bin/pandoc
 quarto   NA

─ Packages ───────────────────────────────────────────────────────────────────
 package              * version date (UTC) lib source
 abind                * 1.4-8   2024-09-12 [2] CRAN (R 4.5.0)
 Biobase              * 2.68.0  2025-04-15 [2] Bioconductor 3.21 (R 4.5.0)
 BiocGenerics         * 0.54.0  2025-04-15 [2] Bioconductor 3.21 (R 4.5.0)
 class                  7.3-23  2025-01-01 [3] CRAN (R 4.5.0)
 classInt               0.4-11  2025-01-08 [2] CRAN (R 4.5.0)
 cli                    3.6.5   2025-04-23 [2] CRAN (R 4.5.0)
 crawdad              * 1.0.1   2026-04-10 [1] Github (JEFworks-Lab/CRAWDAD@986a2ce)
 crayon                 1.5.3   2024-06-20 [2] CRAN (R 4.5.0)
 DBI                    1.2.3   2024-06-02 [2] CRAN (R 4.5.0)
 DelayedArray         * 0.34.1  2025-04-17 [2] Bioconductor 3.21 (R 4.5.0)
 dichromat              2.0-0.1 2022-05-02 [2] CRAN (R 4.5.0)
 dplyr                * 1.1.4   2023-11-17 [2] CRAN (R 4.5.0)
 e1071                  1.7-16  2024-09-16 [2] CRAN (R 4.5.0)
 farver                 2.1.2   2024-05-13 [2] CRAN (R 4.5.0)
 forcats              * 1.0.0   2023-01-29 [2] CRAN (R 4.5.0)
 generics             * 0.1.4   2025-05-09 [2] CRAN (R 4.5.0)
 GenomeInfoDb         * 1.44.0  2025-04-15 [2] Bioconductor 3.21 (R 4.5.0)
 GenomeInfoDbData       1.2.14  2025-05-21 [2] Bioconductor
 GenomicRanges        * 1.60.0  2025-04-15 [2] Bioconductor 3.21 (R 4.5.0)
 ggplot2              * 3.5.2   2025-04-09 [2] CRAN (R 4.5.0)
 glue                   1.8.0   2024-09-30 [2] CRAN (R 4.5.0)
 gtable                 0.3.6   2024-10-25 [2] CRAN (R 4.5.0)
 h5mread              * 1.0.0   2025-04-15 [2] Bioconductor 3.21 (R 4.5.0)
 HDF5Array            * 1.36.0  2025-04-15 [2] Bioconductor 3.21 (R 4.5.0)
 here                 * 1.0.1   2020-12-13 [2] CRAN (R 4.5.0)
 hms                    1.1.3   2023-03-21 [2] CRAN (R 4.5.0)
 httr                   1.4.7   2023-08-15 [2] CRAN (R 4.5.0)
 IRanges              * 2.42.0  2025-04-15 [2] Bioconductor 3.21 (R 4.5.0)
 jsonlite             * 2.0.0   2025-03-27 [2] CRAN (R 4.5.0)
 KernSmooth             2.23-26 2025-01-01 [3] CRAN (R 4.5.0)
 labeling               0.4.3   2023-08-29 [2] CRAN (R 4.5.0)
 lattice                0.22-7  2025-04-02 [3] CRAN (R 4.5.0)
 lifecycle              1.0.4   2023-11-07 [2] CRAN (R 4.5.0)
 lubridate            * 1.9.4   2024-12-08 [2] CRAN (R 4.5.0)
 magick                 2.8.6   2025-03-23 [2] CRAN (R 4.5.0)
 magrittr               2.0.3   2022-03-30 [2] CRAN (R 4.5.0)
 Matrix               * 1.7-3   2025-03-11 [3] CRAN (R 4.5.0)
 MatrixGenerics       * 1.20.0  2025-04-15 [2] Bioconductor 3.21 (R 4.5.0)
 matrixStats          * 1.5.0   2025-01-07 [2] CRAN (R 4.5.0)
 patchwork            * 1.3.0   2024-09-16 [2] CRAN (R 4.5.0)
 pillar                 1.10.2  2025-04-05 [2] CRAN (R 4.5.0)
 pkgconfig              2.0.3   2019-09-22 [2] CRAN (R 4.5.0)
 proxy                  0.4-27  2022-06-09 [2] CRAN (R 4.5.0)
 purrr                * 1.0.4   2025-02-05 [2] CRAN (R 4.5.0)
 R6                     2.6.1   2025-02-15 [2] CRAN (R 4.5.0)
 ragg                   1.4.0   2025-04-10 [2] CRAN (R 4.5.0)
 RColorBrewer           1.1-3   2022-04-03 [2] CRAN (R 4.5.0)
 Rcpp                   1.0.14  2025-01-12 [2] CRAN (R 4.5.0)
 readr                * 2.1.5   2024-01-10 [2] CRAN (R 4.5.0)
 rhdf5                * 2.52.0  2025-04-15 [2] Bioconductor 3.21 (R 4.5.0)
 rhdf5filters           1.20.0  2025-04-15 [2] Bioconductor 3.21 (R 4.5.0)
 Rhdf5lib               1.30.0  2025-04-15 [2] Bioconductor 3.21 (R 4.5.0)
 rjson                  0.2.23  2024-09-16 [2] CRAN (R 4.5.0)
 rlang                  1.1.6   2025-04-11 [2] CRAN (R 4.5.0)
 rprojroot              2.0.4   2023-11-05 [2] CRAN (R 4.5.0)
 S4Arrays             * 1.8.0   2025-04-15 [2] Bioconductor 3.21 (R 4.5.0)
 S4Vectors            * 0.46.0  2025-04-15 [2] Bioconductor 3.21 (R 4.5.0)
 scales                 1.4.0   2025-04-24 [2] CRAN (R 4.5.0)
 sessioninfo            1.2.3   2025-02-05 [2] CRAN (R 4.5.0)
 sf                     1.0-21  2025-05-15 [2] CRAN (R 4.5.0)
 SingleCellExperiment * 1.30.1  2025-05-07 [2] Bioconductor 3.21 (R 4.5.0)
 SparseArray          * 1.8.0   2025-04-15 [2] Bioconductor 3.21 (R 4.5.0)
 SpatialExperiment    * 1.18.1  2025-05-11 [2] Bioconductor 3.21 (R 4.5.0)
 stringi                1.8.7   2025-03-27 [2] CRAN (R 4.5.0)
 stringr              * 1.5.1   2023-11-14 [2] CRAN (R 4.5.0)
 SummarizedExperiment * 1.38.1  2025-04-30 [2] Bioconductor 3.21 (R 4.5.0)
 systemfonts            1.2.3   2025-04-30 [2] CRAN (R 4.5.0)
 textshaping            1.0.1   2025-05-01 [2] CRAN (R 4.5.0)
 tibble               * 3.2.1   2023-03-20 [2] CRAN (R 4.5.0)
 tidyr                * 1.3.1   2024-01-24 [2] CRAN (R 4.5.0)
 tidyselect             1.2.1   2024-03-11 [2] CRAN (R 4.5.0)
 tidyverse            * 2.0.0   2023-02-22 [2] CRAN (R 4.5.0)
 timechange             0.3.0   2024-01-18 [2] CRAN (R 4.5.0)
 tzdb                   0.5.0   2025-03-15 [2] CRAN (R 4.5.0)
 UCSC.utils             1.4.0   2025-04-15 [2] Bioconductor 3.21 (R 4.5.0)
 units                  0.8-7   2025-03-11 [2] CRAN (R 4.5.0)
 vctrs                  0.6.5   2023-12-01 [2] CRAN (R 4.5.0)
 withr                  3.0.2   2024-10-28 [2] CRAN (R 4.5.0)
 XVector                0.48.0  2025-04-15 [2] Bioconductor 3.21 (R 4.5.0)

 [1] /users/rphillip/R/4.5
 [2] /jhpce/shared/community/core/conda_R/4.5/R/lib64/R/site-library
 [3] /jhpce/shared/community/core/conda_R/4.5/R/lib64/R/library
 * ── Packages attached to the search path.

──────────────────────────────────────────────────────────────────────────────
